Archive member included to satisfy reference by file (symbol)

obj_cooja/mtype174.a(rimeaddr.o)
                              obj_cooja/mtype174.o (rimeaddr_node_addr)
obj_cooja/mtype174.a(nullrdc.o)
                              udp-sink.co (nullrdc_driver)
obj_cooja/mtype174.a(mac.o)   obj_cooja/mtype174.a(nullrdc.o) (mac_call_sent_callback)
obj_cooja/mtype174.a(framer-802154.o)
                              obj_cooja/mtype174.a(nullrdc.o) (framer_802154)
obj_cooja/mtype174.a(csma.o)  obj_cooja/mtype174.o (csma_driver)
obj_cooja/mtype174.a(rpl-dag.o)
                              udp-sink.co (rpl_set_root)
obj_cooja/mtype174.a(rpl-icmp6.o)
                              obj_cooja/mtype174.a(rpl-dag.o) (dao_output)
obj_cooja/mtype174.a(rpl-timers.o)
                              obj_cooja/mtype174.a(rpl-dag.o) (rpl_reset_dio_timer)
obj_cooja/mtype174.a(rpl-of-fuzzy.o)
                              obj_cooja/mtype174.a(rpl-dag.o) (rpl_of_fuzzy)
obj_cooja/mtype174.a(fuzzify.o)
                              obj_cooja/mtype174.a(rpl-of-fuzzy.o) (consumption)
obj_cooja/mtype174.a(qos.o)   obj_cooja/mtype174.a(rpl-of-fuzzy.o) (qos)
obj_cooja/mtype174.a(quality.o)
                              obj_cooja/mtype174.a(rpl-of-fuzzy.o) (quality)
obj_cooja/mtype174.a(process.o)
                              udp-sink.co (process_current)
obj_cooja/mtype174.a(autostart.o)
                              obj_cooja/mtype174.o (autostart_start)
obj_cooja/mtype174.a(serial-line.o)
                              obj_cooja/collect-common.o (serial_line_event_message)
obj_cooja/mtype174.a(memb.o)  obj_cooja/mtype174.a(csma.o) (memb_init)
obj_cooja/mtype174.a(list.o)  obj_cooja/mtype174.a(rpl-dag.o) (list_init)
obj_cooja/mtype174.a(etimer.o)
                              obj_cooja/mtype174.o (etimer_process)
obj_cooja/mtype174.a(ctimer.o)
                              obj_cooja/mtype174.o (ctimer_init)
obj_cooja/mtype174.a(stimer.o)
                              obj_cooja/mtype174.a(rpl-icmp6.o) (stimer_set)
obj_cooja/mtype174.a(random.o)
                              obj_cooja/collect-common.o (random_rand)
obj_cooja/mtype174.a(ringbuf.o)
                              obj_cooja/mtype174.a(serial-line.o) (ringbuf_init)
obj_cooja/mtype174.a(netstack.o)
                              obj_cooja/mtype174.o (netstack_init)
obj_cooja/mtype174.a(uip-debug.o)
                              udp-sink.co (uip_debug_ipaddr_print)
obj_cooja/mtype174.a(packetbuf.o)
                              obj_cooja/mtype174.a(nullrdc.o) (packetbuf_attrs)
obj_cooja/mtype174.a(queuebuf.o)
                              obj_cooja/mtype174.o (queuebuf_init)
obj_cooja/mtype174.a(uip6.o)  obj_cooja/mtype174.o (uip_lladdr)
obj_cooja/mtype174.a(tcpip.o)
                              udp-sink.co (tcpip_event)
obj_cooja/mtype174.a(uip-icmp6.o)
                              obj_cooja/mtype174.a(uip6.o) (uip_icmp6_echo_request_input)
obj_cooja/mtype174.a(uip-nd6.o)
                              obj_cooja/mtype174.a(uip6.o) (uip_nd6_ns_input)
obj_cooja/mtype174.a(uip-packetqueue)
                              obj_cooja/mtype174.a(tcpip.o) (uip_packetqueue_alloc)
obj_cooja/mtype174.a(sicslowpan.o)
                              obj_cooja/mtype174.o (sicslowpan_driver)
obj_cooja/mtype174.a(neighbor-info.o)
                              obj_cooja/mtype174.a(sicslowpan.o) (neighbor_info_packet_sent)
obj_cooja/mtype174.a(uip-ds6.o)
                              obj_cooja/mtype174.a(tcpip.o) (uip_ds6_timer_periodic)
obj_cooja/mtype174.a(simEnvChange.o)
                              obj_cooja/mtype174.o (simDontFallAsleep)
obj_cooja/mtype174.a(cooja_mt.o)
                              obj_cooja/mtype174.o (cooja_mt_start)
obj_cooja/mtype174.a(cooja_mtarch.o)
                              obj_cooja/mtype174.a(cooja_mt.o) (cooja_mtarch_init)
obj_cooja/mtype174.a(rtimer-arch.o)
                              obj_cooja/mtype174.o (rtimer_arch_next)
obj_cooja/mtype174.a(watchdog.o)
                              obj_cooja/mtype174.a(nullrdc.o) (watchdog_periodic)
obj_cooja/mtype174.a(beep.o)  obj_cooja/mtype174.o (beep_interface)
obj_cooja/mtype174.a(button-sensor.o)
                              obj_cooja/mtype174.o (button_interface)
obj_cooja/mtype174.a(leds-arch.o)
                              obj_cooja/mtype174.o (leds_interface)
obj_cooja/mtype174.a(moteid.o)
                              obj_cooja/mtype174.o (moteid_interface)
obj_cooja/mtype174.a(pir-sensor.o)
                              obj_cooja/mtype174.o (pir_interface)
obj_cooja/mtype174.a(rs232.o)
                              obj_cooja/mtype174.o (rs232_interface)
obj_cooja/mtype174.a(vib-sensor.o)
                              obj_cooja/mtype174.o (vib_interface)
obj_cooja/mtype174.a(clock.o)
                              obj_cooja/mtype174.o (clock_interface)
obj_cooja/mtype174.a(log.o)   obj_cooja/mtype174.o (simlog_interface)
obj_cooja/mtype174.a(cfs-cooja.o)
[...]
Memory Configuration

Name             Origin             Length             Attributes
*default*        0x0000000000000000 0xffffffffffffffff

Linker script and memory map

LOAD /usr/lib/gcc/x86_64-linux-gnu/5/../../../x86_64-linux-gnu/crti.o
LOAD /usr/lib/gcc/x86_64-linux-gnu/5/crtbeginS.o
LOAD udp-sink.co
LOAD obj_cooja/mtype174.o
LOAD obj_cooja/collect-common.o
LOAD obj_cooja/mtype174.a
LOAD /usr/lib/gcc/x86_64-linux-gnu/5/libgcc.a
LOAD /usr/lib/gcc/x86_64-linux-gnu/5/libgcc_s.so
LOAD /usr/lib/gcc/x86_64-linux-gnu/5/../../../x86_64-linux-gnu/libc.so
START GROUP
LOAD /lib/x86_64-linux-gnu/libc.so.6
LOAD /usr/lib/x86_64-linux-gnu/libc_nonshared.a
LOAD /lib/x86_64-linux-gnu/ld-linux-x86-64.so.2
END GROUP
LOAD /usr/lib/gcc/x86_64-linux-gnu/5/libgcc.a
LOAD /usr/lib/gcc/x86_64-linux-gnu/5/libgcc_s.so
LOAD /usr/lib/gcc/x86_64-linux-gnu/5/crtendS.o
LOAD /usr/lib/gcc/x86_64-linux-gnu/5/../../../x86_64-linux-gnu/crtn.o
                0x00000000000001c8                . = (SEGMENT_START ("text-segment", 0x0) + SIZEOF_HEADERS)

.note.gnu.build-id
                0x00000000000001c8       0x24
 *(.note.gnu.build-id)
 .note.gnu.build-id
                0x00000000000001c8       0x24 /usr/lib/gcc/x86_64-linux-gnu/5/../../../x86_64-linux-gnu/crti.o

.hash
 *(.hash)

.gnu.hash       0x00000000000001f0      0xd54
 *(.gnu.hash)
 .gnu.hash      0x00000000000001f0      0xd54 /usr/lib/gcc/x86_64-linux-gnu/5/../../../x86_64-linux-gnu/crti.o

.dynsym         0x0000000000000f48     0x2c88
 *(.dynsym)
 .dynsym        0x0000000000000f48     0x2c88 /usr/lib/gcc/x86_64-linux-gnu/5/../../../x86_64-linux-gnu/crti.o

.dynstr         0x0000000000003bd0     0x1d30
 *(.dynstr)
 .dynstr        0x0000000000003bd0     0x1d30 /usr/lib/gcc/x86_64-linux-gnu/5/../../../x86_64-linux-gnu/crti.o

.gnu.version    0x0000000000005900      0x3b6
 *(.gnu.version)
 .gnu.version   0x0000000000005900      0x3b6 /usr/lib/gcc/x86_64-linux-gnu/5/../../../x86_64-linux-gnu/crti.o

.gnu.version_d  0x0000000000005cb8        0x0
 *(.gnu.version_d)
 .gnu.version_d
                0x0000000000005cb8        0x0 /usr/lib/gcc/x86_64-linux-gnu/5/../../../x86_64-linux-gnu/crti.o

.gnu.version_r  0x0000000000005cb8       0x50
 *(.gnu.version_r)
 .gnu.version_r
                0x0000000000005cb8       0x50 /usr/lib/gcc/x86_64-linux-gnu/5/../../../x86_64-linux-gnu/crti.o

.rela.dyn       0x0000000000005d08     0x15f0
 *(.rela.init)
 *(.rela.text .rela.text.* .rela.gnu.linkonce.t.*)
 .rela.text     0x0000000000005d08        0x0 /usr/lib/gcc/x86_64-linux-gnu/5/../../../x86_64-linux-gnu/crti.o
 *(.rela.fini)
 *(.rela.rodata .rela.rodata.* .rela.gnu.linkonce.r.*)
 *(.rela.data .rela.data.* .rela.gnu.linkonce.d.*)
 .rela.data.rel.local
                0x0000000000005d08      0x468 /usr/lib/gcc/x86_64-linux-gnu/5/../../../x86_64-linux-gnu/crti.o
 .rela.data.rel.ro
                0x0000000000006170       0x90 /usr/lib/gcc/x86_64-linux-gnu/5/../../../x86_64-linux-gnu/crti.o
 .rela.data.rel
                0x0000000000006200      0x150 /usr/lib/gcc/x86_64-linux-gnu/5/../../../x86_64-linux-gnu/crti.o
 .rela.data.rel.ro.local
                0x0000000000006350      0x5a0 /usr/lib/gcc/x86_64-linux-gnu/5/../../../x86_64-linux-gnu/crti.o
 *(.rela.tdata .rela.tdata.* .rela.gnu.linkonce.td.*)
 *(.rela.tbss .rela.tbss.* .rela.gnu.linkonce.tb.*)
 *(.rela.ctors)
 *(.rela.dtors)
 *(.rela.got)
 .rela.got      0x00000000000068f0      0x9d8 /usr/lib/gcc/x86_64-linux-gnu/5/../../../x86_64-linux-gnu/crti.o
 *(.rela.bss .rela.bss.* .rela.gnu.linkonce.b.*)
 *(.rela.ldata .rela.ldata.* .rela.gnu.linkonce.l.*)
 *(.rela.lbss .rela.lbss.* .rela.gnu.linkonce.lb.*)
 *(.rela.lrodata .rela.lrodata.* .rela.gnu.linkonce.lr.*)
 *(.rela.ifunc)
 .rela.ifunc    0x00000000000072c8        0x0 /usr/lib/gcc/x86_64-linux-gnu/5/../../../x86_64-linux-gnu/crti.o
 .rela.fini_array
                0x00000000000072c8       0x18 /usr/lib/gcc/x86_64-linux-gnu/5/../../../x86_64-linux-gnu/crti.o
 .rela.init_array
                0x00000000000072e0       0x18 /usr/lib/gcc/x86_64-linux-gnu/5/../../../x86_64-linux-gnu/crti.o

.rela.plt       0x00000000000072f8     0x16f8
 *(.rela.plt)
 .rela.plt      0x00000000000072f8     0x16f8 /usr/lib/gcc/x86_64-linux-gnu/5/../../../x86_64-linux-gnu/crti.o
 *(.rela.iplt)

.init           0x00000000000089f0       0x17
 *(SORT_NONE(.init))
 .init          0x00000000000089f0       0x12 /usr/lib/gcc/x86_64-linux-gnu/5/../../../x86_64-linux-gnu/crti.o
                0x00000000000089f0                _init
 .init          0x0000000000008a02        0x5 /usr/lib/gcc/x86_64-linux-gnu/5/../../../x86_64-linux-gnu/crtn.o

.plt            0x0000000000008a10      0xf60
 *(.plt)
 .plt           0x0000000000008a10      0xf60 /usr/lib/gcc/x86_64-linux-gnu/5/../../../x86_64-linux-gnu/crti.o
 *(.iplt)

.plt.got        0x0000000000009970        0x8
 *(.plt.got)
 .plt.got       0x0000000000009970        0x8 /usr/lib/gcc/x86_64-linux-gnu/5/../../../x86_64-linux-gnu/crti.o

.plt.sec
 *(.plt.sec)

.text           0x0000000000009980    0x17090
 *(.text.unlikely .text.*_unlikely .text.unlikely.*)
 .text.unlikely
                0x0000000000009980        0x0 /usr/lib/gcc/x86_64-linux-gnu/5/crtbeginS.o
 *(.text.exit .text.exit.*)
 *(.text.startup .text.startup.*)
 *(.text.hot .text.hot.*)
 *(.text .stub .text.* .gnu.linkonce.t.*)
 .text          0x0000000000009980        0x0 /usr/lib/gcc/x86_64-linux-gnu/5/../../../x86_64-linux-gnu/crti.o
 .text          0x0000000000009980      0x100 /usr/lib/gcc/x86_64-linux-gnu/5/crtbeginS.o
 .text          0x0000000000009a80      0x4b3 udp-sink.co
                0x0000000000009a80                collect_common_set_sink
                0x0000000000009a87                collect_common_net_print
                0x0000000000009a9f                collect_common_send
                0x0000000000009aa6                collect_common_net_init
 .text          0x0000000000009f33      0x870 obj_cooja/mtype174.o
                0x000000000000a0a1                contiki_init
                0x000000000000a516                Java_se_sics_cooja_corecomm_Lib1_init
                0x000000000000a559                Java_se_sics_cooja_corecomm_Lib1_getMemory
                0x000000000000a5b1                Java_se_sics_cooja_corecomm_Lib1_setMemory
                0x000000000000a63e                Java_se_sics_cooja_corecomm_Lib1_tick
                0x000000000000a775                Java_se_sics_cooja_corecomm_Lib1_setReferenceAddress
 .text          0x000000000000a7a3      0x4ca obj_cooja/collect-common.o
                0x000000000000a84c                collect_common_set_send_active
                0x000000000000a85f                collect_common_recv
 .text          0x000000000000ac6d       0x74 obj_cooja/mtype174.a(rimeaddr.o)
                0x000000000000ac6d                rimeaddr_copy
                0x000000000000ac8a                rimeaddr_cmp
                0x000000000000acbc                rimeaddr_set_node_addr
 .text          0x000000000000ace1      0x524 obj_cooja/mtype174.a(nullrdc.o)
 .text          0x000000000000b205       0x48 obj_cooja/mtype174.a(mac.o)
                0x000000000000b205                mac_call_sent_callback
 .text          0x000000000000b24d      0x40b obj_cooja/mtype174.a(framer-802154.o)
 .text          0x000000000000b658      0x561 obj_cooja/mtype174.a(csma.o)
 .text          0x000000000000bbb9     0x14de obj_cooja/mtype174.a(rpl-dag.o)
                0x000000000000bda5                rpl_set_root
                0x000000000000bee5                rpl_set_prefix
                0x000000000000bf73                rpl_set_default_route
                0x000000000000bff6                rpl_alloc_dag
                0x000000000000c0dc                rpl_free_dag
                0x000000000000c14b                rpl_add_parent
                0x000000000000c297                rpl_find_parent
                0x000000000000c2ff                rpl_select_parent
                0x000000000000c52b                rpl_remove_parent
                0x000000000000c646                rpl_get_dag
                0x000000000000c6bf                rpl_find_of
                0x000000000000cb1a                rpl_repair_dag
                0x000000000000cb74                rpl_local_repair
                0x000000000000cbaf                rpl_recalculate_ranks
                0x000000000000cc2a                rpl_process_parent_event
                0x000000000000cd28                rpl_process_dio
 .text          0x000000000000d097     0x1d4b obj_cooja/mtype174.a(rpl-icmp6.o)
                0x000000000000d381                dis_output
                0x000000000000ddae                dio_output_set_next
                0x000000000000ddd9                dio_output
                0x000000000000e96f                dao_output
                0x000000000000ec9e                dao_ack_output
                0x000000000000ed23                uip_rpl_input
                0x000000000000ed90                clear_dio_mc
 .text          0x000000000000ede2      0x7f3 obj_cooja/mtype174.a(rpl-timers.o)
                0x000000000000ee47                new_interval
                0x000000000000f110                rpl_reset_periodic_timer
                0x000000000000f13d                rpl_reset_dio_timer
                0x000000000000f22f                rpl_schedule_dao
                0x000000000000f2c1                rpl_schedule_next_dio_reception
                0x000000000000f346                send_dis
                0x000000000000f3c0                handle_next_dio
                0x000000000000f43b                rpl_dio_received
 .text          0x000000000000f5d5      0x900 obj_cooja/mtype174.a(rpl-of-fuzzy.o)
 .text          0x000000000000fed5      0x6e9 obj_cooja/mtype174.a(fuzzify.o)
                0x000000000000fed5                DOWN
                0x000000000000ff2c                UP
                0x000000000000ff5f                FIRST_T_NORM
                0x000000000000ffbe                LAST_T_NORM
                0x000000000001001d                T_NORM
                0x00000000000100cb                COG_1
                0x0000000000010141                compose
                0x00000000000102fd                consumption
                0x00000000000103e8                reliability
                0x00000000000104d3                duration
 .text          0x00000000000105be      0x838 obj_cooja/mtype174.a(qos.o)
                0x00000000000105be                qos
 .text          0x0000000000010df6      0xc7a obj_cooja/mtype174.a(quality.o)
                0x0000000000010df6                quality
 .text          0x0000000000011a70      0x68e obj_cooja/mtype174.a(process.o)
                0x0000000000011a70                process_alloc_event
                0x0000000000011a86                process_start
                0x0000000000011ceb                process_exit
                0x0000000000011d13                process_init
                0x0000000000011f3b                process_run
                0x0000000000011f6c                process_nevents
                0x0000000000011f88                process_post
                0x0000000000012061                process_post_synch
                0x00000000000120ab                process_poll
                0x00000000000120e4                process_is_running
 .text          0x00000000000120fe       0xb3 obj_cooja/mtype174.a(autostart.o)
                0x00000000000120fe                autostart_start
                0x000000000001215a                autostart_exit
 .text          0x00000000000121b1      0x20c obj_cooja/mtype174.a(serial-line.o)
                0x00000000000121b1                serial_line_input_byte
                0x000000000001238a                serial_line_init
 .text          0x00000000000123bd      0x1c2 obj_cooja/mtype174.a(memb.o)
                0x00000000000123bd                memb_init
                0x000000000001241c                memb_alloc
                0x0000000000012494                memb_free
                0x000000000001252c                memb_inmemb
 .text          0x000000000001257f      0x311 obj_cooja/mtype174.a(list.o)
                0x000000000001257f                list_init
                0x0000000000012595                list_head
                0x00000000000125a6                list_copy
                0x00000000000125c3                list_tail
                0x0000000000012608                list_add
                0x0000000000012668                list_push
                0x00000000000126a7                list_chop
                0x0000000000012730                list_pop
                0x0000000000012766                list_remove
                0x00000000000127ee                list_length
                0x0000000000012825                list_insert
                0x0000000000012871                list_item_next
 .text          0x0000000000012890      0x509 obj_cooja/mtype174.a(etimer.o)
                0x0000000000012b30                etimer_request_poll
                0x0000000000012bda                etimer_set
                0x0000000000012c0c                etimer_reset
                0x0000000000012c33                etimer_restart
                0x0000000000012c5a                etimer_adjust
                0x0000000000012c87                etimer_expired
                0x0000000000012ca2                etimer_expiration_time
                0x0000000000012cbe                etimer_start_time
                0x0000000000012ccf                etimer_pending
                0x0000000000012ce5                etimer_next_expiration_time
                0x0000000000012d02                etimer_stop
 .text          0x0000000000012d99      0x425 obj_cooja/mtype174.a(ctimer.o)
                0x0000000000012ef7                ctimer_init
                0x0000000000012f28                ctimer_set
                0x0000000000012ff6                ctimer_reset
                0x0000000000013079                ctimer_restart
                0x00000000000130fc                ctimer_stop
                0x0000000000013156                ctimer_expired
 .text          0x00000000000131be      0x106 obj_cooja/mtype174.a(stimer.o)
                0x00000000000131be                stimer_set
                0x00000000000131ec                stimer_reset
                0x0000000000013210                stimer_restart
                0x000000000001322e                stimer_expired
                0x000000000001326f                stimer_remaining
                0x00000000000132a1                stimer_elapsed
 .text          0x00000000000132c4       0x27 obj_cooja/mtype174.a(random.o)
                0x00000000000132c4                random_init
                0x00000000000132e0                random_rand
 .text          0x00000000000132eb      0x187 obj_cooja/mtype174.a(ringbuf.o)
                0x00000000000132eb                ringbuf_init
                0x0000000000013328                ringbuf_put
                0x00000000000133b2                ringbuf_get
                0x000000000001342b                ringbuf_size
                0x0000000000013443                ringbuf_elements
 .text          0x0000000000013472       0x3a obj_cooja/mtype174.a(netstack.o)
                0x0000000000013472                netstack_init
 .text          0x00000000000134ac      0x120 obj_cooja/mtype174.a(uip-debug.o)
                0x00000000000134ac                uip_debug_ipaddr_print
                0x0000000000013572                uip_debug_lladdr_print
 .text          0x00000000000135cc      0x53f obj_cooja/mtype174.a(packetbuf.o)
                0x00000000000135cc                packetbuf_clear
                0x0000000000013608                packetbuf_clear_hdr
                0x0000000000013616                packetbuf_copyfrom
                0x000000000001366c                packetbuf_compact
                0x0000000000013719                packetbuf_copyto_hdr
                0x0000000000013773                packetbuf_copyto
                0x0000000000013848                packetbuf_hdralloc
                0x0000000000013896                packetbuf_hdr_remove
                0x00000000000138b4                packetbuf_hdrreduce
                0x0000000000013900                packetbuf_set_datalen
                0x0000000000013918                packetbuf_dataptr
                0x0000000000013936                packetbuf_hdrptr
                0x0000000000013950                packetbuf_reference
                0x0000000000013980                packetbuf_is_reference
                0x00000000000139a1                packetbuf_reference_ptr
                0x00000000000139ae                packetbuf_datalen
                0x00000000000139bb                packetbuf_hdrlen
                0x00000000000139d1                packetbuf_totlen
                0x00000000000139f0                packetbuf_attr_clear
                0x0000000000013a5d                packetbuf_attr_copyto
                0x0000000000013ab4                packetbuf_attr_copyfrom
 .text          0x0000000000013b0b      0x31e obj_cooja/mtype174.a(queuebuf.o)
                0x0000000000013b0b                queuebuf_init
                0x0000000000013b2a                queuebuf_new_from_packetbuf
                0x0000000000013be5                queuebuf_update_attr_from_packetbuf
                0x0000000000013c14                queuebuf_free
                0x0000000000013c79                queuebuf_to_packetbuf
                0x0000000000013d5f                queuebuf_dataptr
                0x0000000000013dbc                queuebuf_datalen
                0x0000000000013dd0                queuebuf_addr
                0x0000000000013dff                queuebuf_attr
                0x0000000000013e22                queuebuf_debug_print
 .text          0x0000000000013e29     0x39f6 obj_cooja/mtype174.a(uip6.o)
                0x0000000000013e29                uip_add32
                0x000000000001402b                uip_chksum
                0x0000000000014123                uip_icmp6chksum
                0x0000000000014133                uip_tcpchksum
                0x0000000000014143                uip_udpchksum
                0x0000000000014153                uip_init
                0x0000000000014248                uip_connect
                0x000000000001441e                uip_udp_new
                0x00000000000145be                uip_unlisten
                0x0000000000014628                uip_listen
                0x0000000000014916                uip_process
                0x000000000001772e                uip_htons
                0x000000000001774d                uip_htonl
                0x0000000000017791                uip_send
 .text          0x000000000001781f      0xd02 obj_cooja/mtype174.a(tcpip.o)
                0x000000000001781f                tcpip_output
                0x0000000000017859                tcpip_set_outputfunc
                0x00000000000178fb                tcp_connect
                0x0000000000017965                tcp_unlisten
                0x00000000000179e4                tcp_listen
                0x0000000000017a5f                tcp_attach
                0x0000000000017a8d                udp_attach
                0x0000000000017abb                udp_new
                0x0000000000017b24                udp_broadcast_new
                0x0000000000017e36                tcpip_input
                0x0000000000017e6c                tcpip_ipv6_output
                0x00000000000182f8                tcpip_poll_udp
                0x0000000000018322                tcpip_poll_tcp
                0x000000000001834c                tcpip_uipcall
 .text          0x0000000000018521      0x74a obj_cooja/mtype174.a(uip-icmp6.o)
                0x0000000000018521                uip_icmp6_echo_request_input
                0x0000000000018784                uip_icmp6_error_output
                0x0000000000018b01                uip_icmp6_send
 .text          0x0000000000018c6b     0x1238 obj_cooja/mtype174.a(uip-nd6.o)
                0x0000000000018cc3                uip_nd6_ns_input
                0x00000000000195c0                uip_nd6_ns_output
                0x0000000000019926                uip_nd6_na_input
 .text          0x0000000000019ea3      0x197 obj_cooja/mtype174.a(uip-packetqueue)
                0x0000000000019edb                uip_packetqueue_new
                0x0000000000019ef1                uip_packetqueue_alloc
                0x0000000000019f67                uip_packetqueue_free
                0x0000000000019fb8                uip_packetqueue_buf
                0x0000000000019fe0                uip_packetqueue_buflen
                0x000000000001a00b                uip_packetqueue_set_buflen
 .text          0x000000000001a03a     0x23cc obj_cooja/mtype174.a(sicslowpan.o)
                0x000000000001c38e                sicslowpan_init
 .text          0x000000000001c406      0x289 obj_cooja/mtype174.a(neighbor-info.o)
                0x000000000001c556                neighbor_info_packet_sent
                0x000000000001c5d7                neighbor_info_packet_received
                0x000000000001c618                neighbor_info_subscribe
                0x000000000001c655                neighbor_info_get_metric
 .text          0x000000000001c68f     0x181b obj_cooja/mtype174.a(uip-ds6.o)
                0x000000000001c68f                uip_ds6_init
                0x000000000001c896                uip_ds6_periodic
                0x000000000001ccc9                uip_ds6_list_loop
                0x000000000001cd8f                uip_ds6_nbr_add
                0x000000000001cf80                uip_ds6_nbr_rm
                0x000000000001cfba                uip_ds6_nbr_lookup
                0x000000000001d007                uip_ds6_defrt_add
                0x000000000001d0b5                uip_ds6_defrt_rm
                0x000000000001d0cf                uip_ds6_defrt_lookup
                0x000000000001d11c                uip_ds6_defrt_choose
                0x000000000001d1c8                uip_ds6_prefix_add
                0x000000000001d295                uip_ds6_prefix_rm
                0x000000000001d2af                uip_ds6_prefix_lookup
                0x000000000001d302                uip_ds6_is_addr_onlink
                0x000000000001d392                uip_ds6_addr_add
                0x000000000001d51d                uip_ds6_addr_rm
                0x000000000001d5d1                uip_ds6_addr_lookup
                0x000000000001d61f                uip_ds6_get_link_local
                0x000000000001d6c0                uip_ds6_get_global
                0x000000000001d761                uip_ds6_maddr_add
                0x000000000001d7d6                uip_ds6_maddr_rm
                0x000000000001d7f0                uip_ds6_maddr_lookup
                0x000000000001d841                uip_ds6_aaddr_add
                0x000000000001d8b6                uip_ds6_aaddr_rm
                0x000000000001d8d0                uip_ds6_aaddr_lookup
                0x000000000001d921                uip_ds6_route_lookup
                0x000000000001d9e5                uip_ds6_route_add
                0x000000000001da94                uip_ds6_route_rm
                0x000000000001daa6                uip_ds6_route_rm_by_nexthop
                0x000000000001db2c                uip_ds6_select_src
                0x000000000001dcb2                uip_ds6_set_addr_iid
                0x000000000001dce7                get_match_length
                0x000000000001dd91                uip_ds6_dad
                0x000000000001de22                uip_ds6_dad_failed
                0x000000000001de60                uip_ds6_compute_reachable_time
 .text          0x000000000001deaa       0x89 obj_cooja/mtype174.a(simEnvChange.o)
                0x000000000001deaa                doActionsBeforeTick
                0x000000000001deee                doActionsAfterTick
 .text          0x000000000001df33       0xdb obj_cooja/mtype174.a(cooja_mt.o)
                0x000000000001df33                cooja_mt_init
                0x000000000001df3f                cooja_mt_remove
                0x000000000001df4b                cooja_mt_start
                0x000000000001df87                cooja_mt_exec
                0x000000000001dfc6                cooja_mt_exit
                0x000000000001dfea                cooja_mt_yield
 .text          0x000000000001e00e      0x166 obj_cooja/mtype174.a(cooja_mtarch.o)
                0x000000000001e00e                cooja_mtarch_init
                0x000000000001e015                cooja_mtarch_start
                0x000000000001e0b4                cooja_sw
                0x000000000001e0dd                cooja_mtarch_exec
                0x000000000001e107                cooja_mtarch_remove
                0x000000000001e10e                cooja_mtarch_yield
                0x000000000001e11a                cooja_mtarch_pstop
                0x000000000001e121                cooja_mtarch_pstart
                0x000000000001e128                cooja_mtarch_stack_usage
 .text          0x000000000001e174       0xf8 obj_cooja/mtype174.a(rtimer-arch.o)
                0x000000000001e174                rtimer_arch_init
                0x000000000001e19b                rtimer_arch_schedule
                0x000000000001e1bb                rtimer_arch_next
                0x000000000001e1c8                rtimer_arch_pending
                0x000000000001e1d4                rtimer_arch_check
                0x000000000001e20b                rtimer_arch_now
 .text          0x000000000001e26c       0x23 obj_cooja/mtype174.a(watchdog.o)
                0x000000000001e26c                watchdog_init
                0x000000000001e273                watchdog_start
                0x000000000001e27a                watchdog_periodic
                0x000000000001e281                watchdog_stop
                0x000000000001e288                watchdog_reboot
 .text          0x000000000001e28f       0xba obj_cooja/mtype174.a(beep.o)
                0x000000000001e28f                beep_alarm
                0x000000000001e2a6                beep_beep
                0x000000000001e2ba                beep
                0x000000000001e2cb                beep_down
                0x000000000001e2df                beep_on
                0x000000000001e2f0                beep_off
                0x000000000001e301                beep_spinup
                0x000000000001e312                beep_quick
                0x000000000001e326                beep_long
 .text          0x000000000001e349      0x12d obj_cooja/mtype174.a(button-sensor.o)
 .text          0x000000000001e476       0x57 obj_cooja/mtype174.a(leds-arch.o)
                0x000000000001e476                leds_arch_init
                0x000000000001e487                leds_arch_get
                0x000000000001e497                leds_arch_set
 .text          0x000000000001e4cd       0x39 obj_cooja/mtype174.a(moteid.o)
 .text          0x000000000001e506       0xe5 obj_cooja/mtype174.a(pir-sensor.o)
 .text          0x000000000001e5eb      0x177 obj_cooja/mtype174.a(rs232.o)
                0x000000000001e5eb                rs232_init
                0x000000000001e5f2                rs232_set_speed
                0x000000000001e5fe                rs232_set_input
                0x000000000001e614                rs232_send
                0x000000000001e63b                rs232_print
                0x000000000001e662                slip_arch_writeb
 .text          0x000000000001e762       0xe5 obj_cooja/mtype174.a(vib-sensor.o)
 .text          0x000000000001e847       0x57 obj_cooja/mtype174.a(clock.o)
                0x000000000001e847                clock_init
                0x000000000001e84e                clock_time
                0x000000000001e85e                clock_seconds
                0x000000000001e886                clock_delay
 .text          0x000000000001e89e      0x30e obj_cooja/mtype174.a(log.o)
                0x000000000001e89e                simlog_char
                0x000000000001e8f7                simlog
                0x000000000001e996                log_message
                0x000000000001e9cf                log_set_putchar_with_slip
                0x000000000001e9e2                log_putchar
                0x000000000001ea62                log_puts
                0x000000000001ea8b                log_printf
 .text          0x000000000001ebac      0x32e obj_cooja/mtype174.a(cfs-cooja.o)
                0x000000000001ebac                cfs_open
                0x000000000001ec02                cfs_close
                0x000000000001ec13                cfs_read
                0x000000000001ecd7                cfs_write
                0x000000000001edc4                cfs_seek
                0x000000000001ee6f                cfs_remove
                0x000000000001ee9b                cfs_opendir
                0x000000000001eeae                cfs_readdir
                0x000000000001eec1                cfs_closedir
 .text          0x000000000001eeda      0x3fa obj_cooja/mtype174.a(cooja-radio.o)
                0x000000000001eeda                radio_set_channel
                0x000000000001eef0                radio_set_txpower
                0x000000000001ef09                radio_signal_strength_last
                0x000000000001ef18                radio_signal_strength_current
 .text          0x000000000001f2d4      0x33f obj_cooja/mtype174.a(sensors.o)
                0x000000000001f319                sensors_first
                0x000000000001f329                sensors_next
                0x000000000001f354                sensors_changed
                0x000000000001f39d                sensors_find
 .text          0x000000000001f613      0x174 obj_cooja/mtype174.a(leds.o)
                0x000000000001f658                leds_init
                0x000000000001f678                leds_blink
                0x000000000001f6b8                leds_get
                0x000000000001f6c3                leds_on
                0x000000000001f702                leds_off
                0x000000000001f741                leds_toggle
                0x000000000001f75c                leds_invert
 .text          0x000000000001f787        0x0 obj_cooja/mtype174.a(rimestats.o)
 .text          0x000000000001f787      0x711 obj_cooja/mtype174.a(frame802154.o)
                0x000000000001f8a0                frame802154_hdrlen
                0x000000000001f903                frame802154_create
                0x000000000001fb6c                frame802154_parse
 .text          0x000000000001fe98      0x412 obj_cooja/mtype174.a(rpl.o)
                0x000000000001fe98                rpl_purge_routes
                0x000000000001ff4e                rpl_remove_routes
                0x000000000001ffaf                rpl_add_route
                0x000000000002017f                rpl_ipv6_neighbor_callback
                0x000000000002022f                rpl_init
 .text          0x00000000000202aa       0xdf obj_cooja/mtype174.a(timer.o)
                0x00000000000202aa                timer_set
                0x00000000000202d8                timer_reset
                0x00000000000202fc                timer_restart
                0x000000000002031a                timer_expired
                0x0000000000020357                timer_remaining
 .text          0x0000000000020389       0xf6 obj_cooja/mtype174.a(rtimer.o)
                0x0000000000020389                rtimer_init
                0x0000000000020395                rtimer_set
                0x0000000000020412                rtimer_run_next
 .text          0x000000000002047f      0x591 obj_cooja/mtype174.a(neighbor-attr.o)
                0x00000000000204fb                neighbor_attr_list_neighbors
                0x00000000000205ad                neighbor_attr_register
                0x0000000000020616                neighbor_attr_has_neighbor
                0x0000000000020639                neighbor_attr_add_neighbor
                0x000000000002074c                neighbor_attr_remove_neighbor
                0x00000000000207a6                neighbor_attr_get_data
                0x00000000000207fc                neighbor_attr_set_data
                0x00000000000208a6                neighbor_attr_tick
                0x00000000000208d6                neighbor_attr_get_timeout
                0x00000000000209a3                neighbor_attr_set_timeout
 .text          0x0000000000020a10        0x0 /usr/lib/gcc/x86_64-linux-gnu/5/crtendS.o
 .text          0x0000000000020a10        0x0 /usr/lib/gcc/x86_64-linux-gnu/5/../../../x86_64-linux-gnu/crtn.o
 *(.gnu.warning)

.fini           0x0000000000020a10        0x9
 *(SORT_NONE(.fini))
 .fini          0x0000000000020a10        0x4 /usr/lib/gcc/x86_64-linux-gnu/5/../../../x86_64-linux-gnu/crti.o
                0x0000000000020a10                _fini
 .fini          0x0000000000020a14        0x5 /usr/lib/gcc/x86_64-linux-gnu/5/../../../x86_64-linux-gnu/crtn.o
                [!provide]                        PROVIDE (__etext = .)
                [!provide]                        PROVIDE (_etext = .)
                [!provide]                        PROVIDE (etext = .)

.rodata         0x0000000000020a20      0x69b
 *(.rodata .rodata.* .gnu.linkonce.r.*)
 .rodata        0x0000000000020a20       0xec udp-sink.co
 *fill*         0x0000000000020b0c        0x4 
 .rodata        0x0000000000020b10      0x127 obj_cooja/mtype174.o
 *fill*         0x0000000000020c37        0x1 
 .rodata        0x0000000000020c38       0xd6 obj_cooja/collect-common.o
 *fill*         0x0000000000020d0e        0x2 
 .rodata        0x0000000000020d10        0x8 obj_cooja/mtype174.a(rimeaddr.o)
                0x0000000000020d10                rimeaddr_null
 .rodata        0x0000000000020d18       0x96 obj_cooja/mtype174.a(nullrdc.o)
 .rodata        0x0000000000020dae        0x4 obj_cooja/mtype174.a(framer-802154.o)
 .rodata        0x0000000000020db2        0x5 obj_cooja/mtype174.a(csma.o)
 .rodata        0x0000000000020db7       0x24 obj_cooja/mtype174.a(rpl-dag.o)
 *fill*         0x0000000000020ddb        0x1 
 .rodata        0x0000000000020ddc       0x40 obj_cooja/mtype174.a(rpl-icmp6.o)
 .rodata        0x0000000000020e1c       0x28 obj_cooja/mtype174.a(rpl-of-fuzzy.o)
 .rodata        0x0000000000020e44        0xe obj_cooja/mtype174.a(serial-line.o)
 .rodata        0x0000000000020e52        0xc obj_cooja/mtype174.a(etimer.o)
 .rodata        0x0000000000020e5e        0xf obj_cooja/mtype174.a(ctimer.o)
 .rodata        0x0000000000020e6d        0xd obj_cooja/mtype174.a(uip-debug.o)
 *fill*         0x0000000000020e7a        0x2 
 .rodata        0x0000000000020e7c      0x1ac obj_cooja/mtype174.a(uip6.o)
 .rodata        0x0000000000021028        0xd obj_cooja/mtype174.a(tcpip.o)
 .rodata        0x0000000000021035       0x28 obj_cooja/mtype174.a(sicslowpan.o)
                0x0000000000021035                unc_llconf
                0x0000000000021039                unc_ctxconf
                0x000000000002103d                unc_mxconf
                0x0000000000021041                llprefix
 .rodata        0x000000000002105d        0x7 obj_cooja/mtype174.a(button-sensor.o)
 .rodata        0x0000000000021064        0x4 obj_cooja/mtype174.a(pir-sensor.o)
 .rodata        0x0000000000021068        0x6 obj_cooja/mtype174.a(rs232.o)
 .rodata        0x000000000002106e        0xa obj_cooja/mtype174.a(vib-sensor.o)
 .rodata        0x0000000000021078       0x27 obj_cooja/mtype174.a(cfs-cooja.o)
 .rodata        0x000000000002109f       0x14 obj_cooja/mtype174.a(cooja-radio.o)
 .rodata        0x00000000000210b3        0x8 obj_cooja/mtype174.a(sensors.o)

.rodata1
 *(.rodata1)

.eh_frame_hdr   0x00000000000210bc      0xfd4
 *(.eh_frame_hdr)
 .eh_frame_hdr  0x00000000000210bc      0xfd4 udp-sink.co
                0x00000000000210bc                __GNU_EH_FRAME_HDR
 *(.eh_frame_entry .eh_frame_entry.*)

.eh_frame       0x0000000000022090     0x3fe4
 *(.eh_frame)
 .eh_frame      0x0000000000022090       0x40 /usr/lib/gcc/x86_64-linux-gnu/5/../../../x86_64-linux-gnu/crti.o
 .eh_frame      0x00000000000220d0       0x18 /usr/lib/gcc/x86_64-linux-gnu/5/../../../x86_64-linux-gnu/crti.o
                                         0x30 (size before relaxing)
 .eh_frame      0x00000000000220e8       0xe0 udp-sink.co
                                         0xf8 (size before relaxing)
 .eh_frame      0x00000000000221c8      0x138 obj_cooja/mtype174.o
                                        0x150 (size before relaxing)
 .eh_frame      0x0000000000022300       0xa0 obj_cooja/collect-common.o
                                         0xb8 (size before relaxing)
 .eh_frame      0x00000000000223a0       0x60 obj_cooja/mtype174.a(rimeaddr.o)
                                         0x78 (size before relaxing)
 .eh_frame      0x0000000000022400      0x148 obj_cooja/mtype174.a(nullrdc.o)
                                        0x160 (size before relaxing)
 .eh_frame      0x0000000000022548       0x20 obj_cooja/mtype174.a(mac.o)
                                         0x38 (size before relaxing)
 .eh_frame      0x0000000000022568       0xe8 obj_cooja/mtype174.a(framer-802154.o)
                                        0x100 (size before relaxing)
 .eh_frame      0x0000000000022650      0x1c0 obj_cooja/mtype174.a(csma.o)
                                        0x1d8 (size before relaxing)
 .eh_frame      0x0000000000022810      0x2c0 obj_cooja/mtype174.a(rpl-dag.o)
                                        0x2d8 (size before relaxing)
 .eh_frame      0x0000000000022ad0      0x220 obj_cooja/mtype174.a(rpl-icmp6.o)
                                        0x238 (size before relaxing)
 .eh_frame      0x0000000000022cf0      0x188 obj_cooja/mtype174.a(rpl-timers.o)
                                        0x1a0 (size before relaxing)
 .eh_frame      0x0000000000022e78      0x1d0 obj_cooja/mtype174.a(rpl-of-fuzzy.o)
                                        0x1e8 (size before relaxing)
 .eh_frame      0x0000000000023048      0x168 obj_cooja/mtype174.a(fuzzify.o)
                                        0x180 (size before relaxing)
 .eh_frame      0x00000000000231b0       0x20 obj_cooja/mtype174.a(qos.o)
                                         0x38 (size before relaxing)
 .eh_frame      0x00000000000231d0       0x20 obj_cooja/mtype174.a(quality.o)
                                         0x38 (size before relaxing)
 .eh_frame      0x00000000000231f0      0x1c8 obj_cooja/mtype174.a(process.o)
                                        0x1e0 (size before relaxing)
 .eh_frame      0x00000000000233b8       0x40 obj_cooja/mtype174.a(autostart.o)
                                         0x58 (size before relaxing)
 .eh_frame      0x00000000000233f8       0x60 obj_cooja/mtype174.a(serial-line.o)
                                         0x78 (size before relaxing)
 .eh_frame      0x0000000000023458       0x80 obj_cooja/mtype174.a(memb.o)
                                         0x98 (size before relaxing)
 .eh_frame      0x00000000000234d8      0x180 obj_cooja/mtype174.a(list.o)
                                        0x198 (size before relaxing)
 .eh_frame      0x0000000000023658      0x1c0 obj_cooja/mtype174.a(etimer.o)
                                        0x1d8 (size before relaxing)
 .eh_frame      0x0000000000023818       0xe0 obj_cooja/mtype174.a(ctimer.o)
                                         0xf8 (size before relaxing)
 .eh_frame      0x00000000000238f8       0xc0 obj_cooja/mtype174.a(stimer.o)
                                         0xd8 (size before relaxing)
 .eh_frame      0x00000000000239b8       0x40 obj_cooja/mtype174.a(random.o)
                                         0x58 (size before relaxing)
 .eh_frame      0x00000000000239f8       0xa0 obj_cooja/mtype174.a(ringbuf.o)
                                         0xb8 (size before relaxing)
 .eh_frame      0x0000000000023a98       0x20 obj_cooja/mtype174.a(netstack.o)
                                         0x38 (size before relaxing)
 .eh_frame      0x0000000000023ab8       0x40 obj_cooja/mtype174.a(uip-debug.o)
                                         0x58 (size before relaxing)
 .eh_frame      0x0000000000023af8      0x2a8 obj_cooja/mtype174.a(packetbuf.o)
                                        0x2c0 (size before relaxing)
 .eh_frame      0x0000000000023da0      0x148 obj_cooja/mtype174.a(queuebuf.o)
                                        0x160 (size before relaxing)
 .eh_frame      0x0000000000023ee8      0x250 obj_cooja/mtype174.a(uip6.o)
                                        0x268 (size before relaxing)
 .eh_frame      0x0000000000024138      0x270 obj_cooja/mtype174.a(tcpip.o)
                                        0x288 (size before relaxing)
 .eh_frame      0x00000000000243a8       0x68 obj_cooja/mtype174.a(uip-icmp6.o)
                                         0x80 (size before relaxing)
 .eh_frame      0x0000000000024410       0x88 obj_cooja/mtype174.a(uip-nd6.o)
                                         0xa0 (size before relaxing)
 .eh_frame      0x0000000000024498       0xe0 obj_cooja/mtype174.a(uip-packetqueue)
                                         0xf8 (size before relaxing)
 .eh_frame      0x0000000000024578      0x1e8 obj_cooja/mtype174.a(sicslowpan.o)
                                        0x200 (size before relaxing)
 .eh_frame      0x0000000000024760       0xe0 obj_cooja/mtype174.a(neighbor-info.o)
                                         0xf8 (size before relaxing)
 .eh_frame      0x0000000000024840      0x468 obj_cooja/mtype174.a(uip-ds6.o)
                                        0x480 (size before relaxing)
 .eh_frame      0x0000000000024ca8       0x40 obj_cooja/mtype174.a(simEnvChange.o)
                                         0x58 (size before relaxing)
 .eh_frame      0x0000000000024ce8       0xc0 obj_cooja/mtype174.a(cooja_mt.o)
                                         0xd8 (size before relaxing)
 .eh_frame      0x0000000000024da8      0x120 obj_cooja/mtype174.a(cooja_mtarch.o)
                                        0x138 (size before relaxing)
 .eh_frame      0x0000000000024ec8       0xc0 obj_cooja/mtype174.a(rtimer-arch.o)
                                         0xd8 (size before relaxing)
 .eh_frame      0x0000000000024f88       0xa0 obj_cooja/mtype174.a(watchdog.o)
                                         0xb8 (size before relaxing)
 .eh_frame      0x0000000000025028      0x160 obj_cooja/mtype174.a(beep.o)
                                        0x178 (size before relaxing)
 .eh_frame      0x0000000000025188       0xa0 obj_cooja/mtype174.a(button-sensor.o)
                                         0xb8 (size before relaxing)
 .eh_frame      0x0000000000025228       0xa0 obj_cooja/mtype174.a(leds-arch.o)
                                         0xb8 (size before relaxing)
 .eh_frame      0x00000000000252c8       0x40 obj_cooja/mtype174.a(moteid.o)
                                         0x58 (size before relaxing)
 .eh_frame      0x0000000000025308       0xa0 obj_cooja/mtype174.a(pir-sensor.o)
                                         0xb8 (size before relaxing)
 .eh_frame      0x00000000000253a8      0x100 obj_cooja/mtype174.a(rs232.o)
                                        0x118 (size before relaxing)
 .eh_frame      0x00000000000254a8       0xa0 obj_cooja/mtype174.a(vib-sensor.o)
                                         0xb8 (size before relaxing)
 .eh_frame      0x0000000000025548       0xc0 obj_cooja/mtype174.a(clock.o)
                                         0xd8 (size before relaxing)
 .eh_frame      0x0000000000025608      0x128 obj_cooja/mtype174.a(log.o)
                                        0x140 (size before relaxing)
 .eh_frame      0x0000000000025730      0x160 obj_cooja/mtype174.a(cfs-cooja.o)
                                        0x178 (size before relaxing)
 .eh_frame      0x0000000000025890      0x220 obj_cooja/mtype174.a(cooja-radio.o)
                                        0x238 (size before relaxing)
 .eh_frame      0x0000000000025ab0       0xc0 obj_cooja/mtype174.a(sensors.o)
                                         0xd8 (size before relaxing)
 .eh_frame      0x0000000000025b70      0x100 obj_cooja/mtype174.a(leds.o)
                                        0x118 (size before relaxing)
 .eh_frame      0x0000000000025c70       0xa0 obj_cooja/mtype174.a(frame802154.o)
                                         0xb8 (size before relaxing)
 .eh_frame      0x0000000000025d10       0xc0 obj_cooja/mtype174.a(rpl.o)
                                         0xd8 (size before relaxing)
 .eh_frame      0x0000000000025dd0       0xa0 obj_cooja/mtype174.a(timer.o)
                                         0xb8 (size before relaxing)
 .eh_frame      0x0000000000025e70       0x60 obj_cooja/mtype174.a(rtimer.o)
                                         0x78 (size before relaxing)
 .eh_frame      0x0000000000025ed0      0x1a0 obj_cooja/mtype174.a(neighbor-attr.o)
                                        0x1b8 (size before relaxing)
 .eh_frame      0x0000000000026070        0x4 /usr/lib/gcc/x86_64-linux-gnu/5/crtendS.o
 *(.eh_frame.*)

.gcc_except_table
 *(.gcc_except_table .gcc_except_table.*)

.gnu_extab
 *(.gnu_extab*)

.exception_ranges
 *(.exception_ranges .exception_ranges*)
                0x0000000000226808                . = DATA_SEGMENT_ALIGN (CONSTANT (MAXPAGESIZE), CONSTANT (COMMONPAGESIZE))

.eh_frame
 *(.eh_frame)
 *(.eh_frame.*)

.gnu_extab
 *(.gnu_extab)

.gcc_except_table
 *(.gcc_except_table .gcc_except_table.*)

.exception_ranges
 *(.exception_ranges .exception_ranges*)

.tdata
 *(.tdata .tdata.* .gnu.linkonce.td.*)

.tbss
 *(.tbss .tbss.* .gnu.linkonce.tb.*)
 *(.tcommon)

.preinit_array
 *(.preinit_array)

.init_array     0x0000000000226808        0x8
 *(SORT_BY_INIT_PRIORITY(.init_array.*) SORT_BY_INIT_PRIORITY(.ctors.*))
 *(.init_array EXCLUDE_FILE(*crtend?.o *crtend.o *crtbegin?.o *crtbegin.o) .ctors)
 .init_array    0x0000000000226808        0x8 /usr/lib/gcc/x86_64-linux-gnu/5/crtbeginS.o

.fini_array     0x0000000000226810        0x8
 *(SORT_BY_INIT_PRIORITY(.fini_array.*) SORT_BY_INIT_PRIORITY(.dtors.*))
 *(.fini_array EXCLUDE_FILE(*crtend?.o *crtend.o *crtbegin?.o *crtbegin.o) .dtors)
 .fini_array    0x0000000000226810        0x8 /usr/lib/gcc/x86_64-linux-gnu/5/crtbeginS.o

.ctors
 *crtbegin.o(.ctors)
 *crtbegin?.o(.ctors)
 *(EXCLUDE_FILE(*crtend?.o *crtend.o) .ctors)
 *(SORT_BY_NAME(.ctors.*))
 *(.ctors)

.dtors
 *crtbegin.o(.dtors)
 *crtbegin?.o(.dtors)
 *(EXCLUDE_FILE(*crtend?.o *crtend.o) .dtors)
 *(SORT_BY_NAME(.dtors.*))
 *(.dtors)

.jcr            0x0000000000226818        0x8
 *(.jcr)
 .jcr           0x0000000000226818        0x0 /usr/lib/gcc/x86_64-linux-gnu/5/crtbeginS.o
 .jcr           0x0000000000226818        0x8 /usr/lib/gcc/x86_64-linux-gnu/5/crtendS.o

.data.rel.ro    0x0000000000226820      0x2d8
 *(.data.rel.ro.local* .gnu.linkonce.d.rel.ro.local.*)
 .data.rel.ro.local
                0x0000000000226820       0x38 obj_cooja/mtype174.a(nullrdc.o)
                0x0000000000226820                nullrdc_driver
 *fill*         0x0000000000226858        0x8 
 .data.rel.ro.local
                0x0000000000226860       0x10 obj_cooja/mtype174.a(framer-802154.o)
                0x0000000000226860                framer_802154
 *fill*         0x0000000000226870       0x10 
 .data.rel.ro.local
                0x0000000000226880       0x38 obj_cooja/mtype174.a(csma.o)
                0x0000000000226880                csma_driver
 *fill*         0x00000000002268b8        0x8 
 .data.rel.ro.local
                0x00000000002268c0       0x10 obj_cooja/mtype174.a(beep.o)
                0x00000000002268c0                beep_interface
 *fill*         0x00000000002268d0       0x10 
 .data.rel.ro.local
                0x00000000002268e0       0x40 obj_cooja/mtype174.a(button-sensor.o)
                0x00000000002268e0                button_interface
                0x0000000000226900                button_sensor
 .data.rel.ro.local
                0x0000000000226920       0x10 obj_cooja/mtype174.a(leds-arch.o)
                0x0000000000226920                leds_interface
 .data.rel.ro.local
                0x0000000000226930       0x10 obj_cooja/mtype174.a(moteid.o)
                0x0000000000226930                moteid_interface
 .data.rel.ro.local
                0x0000000000226940       0x40 obj_cooja/mtype174.a(pir-sensor.o)
                0x0000000000226940                pir_interface
                0x0000000000226960                pir_sensor
 .data.rel.ro.local
                0x0000000000226980       0x10 obj_cooja/mtype174.a(rs232.o)
                0x0000000000226980                rs232_interface
 *fill*         0x0000000000226990       0x10 
 .data.rel.ro.local
                0x00000000002269a0       0x40 obj_cooja/mtype174.a(vib-sensor.o)
                0x00000000002269a0                vib_interface
                0x00000000002269c0                vib_sensor
 .data.rel.ro.local
                0x00000000002269e0       0x10 obj_cooja/mtype174.a(clock.o)
                0x00000000002269e0                clock_interface
 .data.rel.ro.local
                0x00000000002269f0       0x10 obj_cooja/mtype174.a(log.o)
                0x00000000002269f0                simlog_interface
 .data.rel.ro.local
                0x0000000000226a00       0x10 obj_cooja/mtype174.a(cfs-cooja.o)
                0x0000000000226a00                cfs_interface
 *fill*         0x0000000000226a10       0x10 
 .data.rel.ro.local
                0x0000000000226a20       0x98 obj_cooja/mtype174.a(cooja-radio.o)
                0x0000000000226a20                radio_interface
                0x0000000000226a40                cooja_radio_driver
 *(.data.rel.ro .data.rel.ro.* .gnu.linkonce.d.rel.ro.*)
 .data.rel.ro   0x0000000000226ab8        0x0 /usr/lib/gcc/x86_64-linux-gnu/5/../../../x86_64-linux-gnu/crti.o
 *fill*         0x0000000000226ab8        0x8 
 .data.rel.ro   0x0000000000226ac0       0x18 udp-sink.co
                0x0000000000226ac0                autostart_processes
 .data.rel.ro   0x0000000000226ad8        0x8 obj_cooja/mtype174.a(rpl-dag.o)
 .data.rel.ro   0x0000000000226ae0       0x18 obj_cooja/mtype174.a(sicslowpan.o)
                0x0000000000226ae0                sicslowpan_driver

.dynamic        0x0000000000226af8      0x1c0
 *(.dynamic)
 .dynamic       0x0000000000226af8      0x1c0 /usr/lib/gcc/x86_64-linux-gnu/5/../../../x86_64-linux-gnu/crti.o
                0x0000000000226af8                _DYNAMIC

.got            0x0000000000226cb8      0x348
 *(.got)
 .got           0x0000000000226cb8      0x348 /usr/lib/gcc/x86_64-linux-gnu/5/../../../x86_64-linux-gnu/crti.o
 *(.igot)
                0x0000000000227fe8                . = DATA_SEGMENT_RELRO_END (., (SIZEOF (.got.plt) >= 0x18)?0x18:0x0)

.got.plt        0x0000000000227000      0x7c0
 *(.got.plt)
 .got.plt       0x0000000000227000      0x7c0 /usr/lib/gcc/x86_64-linux-gnu/5/../../../x86_64-linux-gnu/crti.o
                0x0000000000227000                _GLOBAL_OFFSET_TABLE_
 *(.igot.plt)

.data           0x00000000002277c0      0x3c8
 *(.data .data.* .gnu.linkonce.d.*)
 .data          0x00000000002277c0        0x0 /usr/lib/gcc/x86_64-linux-gnu/5/../../../x86_64-linux-gnu/crti.o
 .data          0x00000000002277c0        0x0 /usr/lib/gcc/x86_64-linux-gnu/5/crtbeginS.o
 .data.rel.local
                0x00000000002277c0        0x8 /usr/lib/gcc/x86_64-linux-gnu/5/crtbeginS.o
                0x00000000002277c0                __dso_handle
 .data          0x00000000002277c8        0x0 udp-sink.co
 *fill*         0x00000000002277c8       0x18 
 .data.rel.local
                0x00000000002277e0       0x20 udp-sink.co
                0x00000000002277e0                udp_server_process
 .data          0x0000000000227800        0x0 obj_cooja/mtype174.o
 .data.rel      0x0000000000227800       0x80 obj_cooja/mtype174.o
                0x0000000000227800                simInterfaces
                0x0000000000227860                sensors
 .data          0x0000000000227880        0x4 obj_cooja/collect-common.o
 *fill*         0x0000000000227884       0x1c 
 .data.rel.local
                0x00000000002278a0       0x20 obj_cooja/collect-common.o
                0x00000000002278a0                collect_common_process
 .data          0x00000000002278c0        0x0 obj_cooja/mtype174.a(rimeaddr.o)
 .data          0x00000000002278c0        0x0 obj_cooja/mtype174.a(nullrdc.o)
 .data          0x00000000002278c0        0x0 obj_cooja/mtype174.a(mac.o)
 .data          0x00000000002278c0        0x0 obj_cooja/mtype174.a(framer-802154.o)
 .data          0x00000000002278c0        0x0 obj_cooja/mtype174.a(csma.o)
 .data.rel.local
                0x00000000002278c0       0x20 obj_cooja/mtype174.a(csma.o)
 .data          0x00000000002278e0        0x4 obj_cooja/mtype174.a(rpl-dag.o)
 *fill*         0x00000000002278e4        0xc 
 .data.rel.local
                0x00000000002278f0       0x38 obj_cooja/mtype174.a(rpl-dag.o)
 .data          0x0000000000227928        0x0 obj_cooja/mtype174.a(rpl-icmp6.o)
 *fill*         0x0000000000227928        0x8 
 .data.rel.local
                0x0000000000227930       0x18 obj_cooja/mtype174.a(rpl-icmp6.o)
 .data          0x0000000000227948        0x0 obj_cooja/mtype174.a(rpl-timers.o)
 .data          0x0000000000227948        0x4 obj_cooja/mtype174.a(rpl-of-fuzzy.o)
 *fill*         0x000000000022794c       0x14 
 .data.rel.local
                0x0000000000227960       0x58 obj_cooja/mtype174.a(rpl-of-fuzzy.o)
                0x0000000000227980                rpl_of_fuzzy
 .data          0x00000000002279b8        0x0 obj_cooja/mtype174.a(fuzzify.o)
 .data          0x00000000002279b8        0x0 obj_cooja/mtype174.a(qos.o)
 .data          0x00000000002279b8        0x0 obj_cooja/mtype174.a(quality.o)
 .data          0x00000000002279b8        0x0 obj_cooja/mtype174.a(process.o)
 .data          0x00000000002279b8        0x0 obj_cooja/mtype174.a(autostart.o)
 .data          0x00000000002279b8        0x0 obj_cooja/mtype174.a(serial-line.o)
 *fill*         0x00000000002279b8        0x8 
 .data.rel.local
                0x00000000002279c0       0x20 obj_cooja/mtype174.a(serial-line.o)
                0x00000000002279c0                serial_line_process
 .data          0x00000000002279e0        0x0 obj_cooja/mtype174.a(memb.o)
 .data          0x00000000002279e0        0x0 obj_cooja/mtype174.a(list.o)
 .data          0x00000000002279e0        0x0 obj_cooja/mtype174.a(etimer.o)
 .data.rel.local
                0x00000000002279e0       0x20 obj_cooja/mtype174.a(etimer.o)
                0x00000000002279e0                etimer_process
 .data          0x0000000000227a00        0x0 obj_cooja/mtype174.a(ctimer.o)
 .data.rel.local
                0x0000000000227a00       0x40 obj_cooja/mtype174.a(ctimer.o)
                0x0000000000227a20                ctimer_process
 .data          0x0000000000227a40        0x0 obj_cooja/mtype174.a(stimer.o)
 .data          0x0000000000227a40        0x0 obj_cooja/mtype174.a(random.o)
 .data          0x0000000000227a40        0x0 obj_cooja/mtype174.a(ringbuf.o)
 .data          0x0000000000227a40        0x0 obj_cooja/mtype174.a(netstack.o)
 .data          0x0000000000227a40        0x0 obj_cooja/mtype174.a(uip-debug.o)
 .data          0x0000000000227a40        0x0 obj_cooja/mtype174.a(packetbuf.o)
 .data.rel.local
                0x0000000000227a40        0x8 obj_cooja/mtype174.a(packetbuf.o)
 .data          0x0000000000227a48        0x0 obj_cooja/mtype174.a(queuebuf.o)
 *fill*         0x0000000000227a48        0x8 
 .data.rel.local
                0x0000000000227a50       0x38 obj_cooja/mtype174.a(queuebuf.o)
 .data          0x0000000000227a88        0x0 obj_cooja/mtype174.a(uip6.o)
 .data          0x0000000000227a88        0x0 obj_cooja/mtype174.a(tcpip.o)
 *fill*         0x0000000000227a88       0x18 
 .data.rel.local
                0x0000000000227aa0       0x20 obj_cooja/mtype174.a(tcpip.o)
                0x0000000000227aa0                tcpip_process
 .data          0x0000000000227ac0        0x0 obj_cooja/mtype174.a(uip-icmp6.o)
 .data          0x0000000000227ac0        0x0 obj_cooja/mtype174.a(uip-nd6.o)
 .data          0x0000000000227ac0        0x0 obj_cooja/mtype174.a(uip-packetqueue)
 .data.rel.local
                0x0000000000227ac0       0x18 obj_cooja/mtype174.a(uip-packetqueue)
 .data          0x0000000000227ad8        0x0 obj_cooja/mtype174.a(sicslowpan.o)
 .data          0x0000000000227ad8        0x0 obj_cooja/mtype174.a(neighbor-info.o)
 *fill*         0x0000000000227ad8        0x8 
 .data.rel.local
                0x0000000000227ae0       0x20 obj_cooja/mtype174.a(neighbor-info.o)
 .data          0x0000000000227b00        0x0 obj_cooja/mtype174.a(uip-ds6.o)
 .data          0x0000000000227b00        0x0 obj_cooja/mtype174.a(simEnvChange.o)
 .data          0x0000000000227b00        0x0 obj_cooja/mtype174.a(cooja_mt.o)
 .data          0x0000000000227b00        0x0 obj_cooja/mtype174.a(cooja_mtarch.o)
 .data          0x0000000000227b00        0x0 obj_cooja/mtype174.a(rtimer-arch.o)
 .data          0x0000000000227b00        0x0 obj_cooja/mtype174.a(watchdog.o)
 .data          0x0000000000227b00        0x0 obj_cooja/mtype174.a(beep.o)
 .data          0x0000000000227b00        0x0 obj_cooja/mtype174.a(button-sensor.o)
 .data          0x0000000000227b00        0x0 obj_cooja/mtype174.a(leds-arch.o)
 .data          0x0000000000227b00        0x0 obj_cooja/mtype174.a(moteid.o)
 .data          0x0000000000227b00        0x0 obj_cooja/mtype174.a(pir-sensor.o)
 .data          0x0000000000227b00        0x0 obj_cooja/mtype174.a(rs232.o)
 .data          0x0000000000227b00        0x0 obj_cooja/mtype174.a(vib-sensor.o)
 .data          0x0000000000227b00        0x0 obj_cooja/mtype174.a(clock.o)
 .data          0x0000000000227b00        0x0 obj_cooja/mtype174.a(log.o)
 .data          0x0000000000227b00        0x0 obj_cooja/mtype174.a(cfs-cooja.o)
 .data          0x0000000000227b00       0x14 obj_cooja/mtype174.a(cooja-radio.o)
                0x0000000000227b00                simRadioHWOn
                0x0000000000227b04                simSignalStrength
                0x0000000000227b08                simLastSignalStrength
                0x0000000000227b0c                simPower
                0x0000000000227b10                simRadioChannel
 *fill*         0x0000000000227b14        0xc 
 .data.rel.local
                0x0000000000227b20       0x20 obj_cooja/mtype174.a(cooja-radio.o)
                0x0000000000227b20                cooja_radio_process
 .data          0x0000000000227b40        0x0 obj_cooja/mtype174.a(sensors.o)
 .data.rel.local
                0x0000000000227b40       0x20 obj_cooja/mtype174.a(sensors.o)
                0x0000000000227b40                sensors_process
 .data          0x0000000000227b60        0x0 obj_cooja/mtype174.a(leds.o)
 .data          0x0000000000227b60        0x0 obj_cooja/mtype174.a(rimestats.o)
 .data          0x0000000000227b60        0x0 obj_cooja/mtype174.a(frame802154.o)
 .data          0x0000000000227b60        0x0 obj_cooja/mtype174.a(rpl.o)
 .data          0x0000000000227b60        0x0 obj_cooja/mtype174.a(timer.o)
 .data          0x0000000000227b60        0x0 obj_cooja/mtype174.a(rtimer.o)
 .data          0x0000000000227b60        0x0 obj_cooja/mtype174.a(neighbor-attr.o)
 .data.rel.local
                0x0000000000227b60       0x28 obj_cooja/mtype174.a(neighbor-attr.o)
 .data          0x0000000000227b88        0x0 /usr/lib/gcc/x86_64-linux-gnu/5/crtendS.o
 .data          0x0000000000227b88        0x0 /usr/lib/gcc/x86_64-linux-gnu/5/../../../x86_64-linux-gnu/crtn.o

.tm_clone_table
                0x0000000000227b88        0x0
 .tm_clone_table
                0x0000000000227b88        0x0 /usr/lib/gcc/x86_64-linux-gnu/5/crtbeginS.o
 .tm_clone_table
                0x0000000000227b88        0x0 /usr/lib/gcc/x86_64-linux-gnu/5/crtendS.o

.data1
 *(.data1)
                0x0000000000227b88                _edata = .
                [!provide]                        PROVIDE (edata = .)
                0x0000000000227b88                . = .
                0x0000000000227b88                __bss_start = .

.bss            0x0000000000227ba0     0x92f0
 *(.dynbss)
 .dynbss        0x0000000000227ba0        0x0 /usr/lib/gcc/x86_64-linux-gnu/5/../../../x86_64-linux-gnu/crti.o
 *(.bss .bss.* .gnu.linkonce.b.*)
 .bss           0x0000000000227ba0        0x0 /usr/lib/gcc/x86_64-linux-gnu/5/../../../x86_64-linux-gnu/crti.o
 .bss           0x0000000000227ba0        0x1 /usr/lib/gcc/x86_64-linux-gnu/5/crtbeginS.o
 *fill*         0x0000000000227ba1        0x7 
 .bss           0x0000000000227ba8        0x8 udp-sink.co
 *fill*         0x0000000000227bb0       0x10 
 .bss           0x0000000000227bc0     0x4040 obj_cooja/mtype174.o
 .bss           0x000000000022bc00       0x60 obj_cooja/collect-common.o
 .bss           0x000000000022bc60        0x0 obj_cooja/mtype174.a(rimeaddr.o)
 .bss           0x000000000022bc60       0x90 obj_cooja/mtype174.a(nullrdc.o)
 .bss           0x000000000022bcf0        0x0 obj_cooja/mtype174.a(mac.o)
 .bss           0x000000000022bcf0        0x2 obj_cooja/mtype174.a(framer-802154.o)
 *fill*         0x000000000022bcf2        0xe 
 .bss           0x000000000022bd00      0x164 obj_cooja/mtype174.a(csma.o)
 *fill*         0x000000000022be64       0x1c 
 .bss           0x000000000022be80      0xa60 obj_cooja/mtype174.a(rpl-dag.o)
 .bss           0x000000000022c8e0       0xbc obj_cooja/mtype174.a(rpl-icmp6.o)
 *fill*         0x000000000022c99c        0x4 
 .bss           0x000000000022c9a0       0xa0 obj_cooja/mtype174.a(rpl-timers.o)
 .bss           0x000000000022ca40       0xec obj_cooja/mtype174.a(rpl-of-fuzzy.o)
 .bss           0x000000000022cb2c        0x0 obj_cooja/mtype174.a(fuzzify.o)
 .bss           0x000000000022cb2c        0x0 obj_cooja/mtype174.a(qos.o)
 .bss           0x000000000022cb2c        0x0 obj_cooja/mtype174.a(quality.o)
 *fill*         0x000000000022cb2c       0x14 
 .bss           0x000000000022cb40      0x341 obj_cooja/mtype174.a(process.o)
                0x000000000022cb40                process_list
                0x000000000022cb48                process_current
 .bss           0x000000000022ce81        0x0 obj_cooja/mtype174.a(autostart.o)
 *fill*         0x000000000022ce81       0x1f 
 .bss           0x000000000022cea0      0x140 obj_cooja/mtype174.a(serial-line.o)
 .bss           0x000000000022cfe0        0x0 obj_cooja/mtype174.a(memb.o)
 .bss           0x000000000022cfe0        0x0 obj_cooja/mtype174.a(list.o)
 .bss           0x000000000022cfe0       0x10 obj_cooja/mtype174.a(etimer.o)
 .bss           0x000000000022cff0        0x9 obj_cooja/mtype174.a(ctimer.o)
 .bss           0x000000000022cff9        0x0 obj_cooja/mtype174.a(stimer.o)
 .bss           0x000000000022cff9        0x0 obj_cooja/mtype174.a(random.o)
 .bss           0x000000000022cff9        0x0 obj_cooja/mtype174.a(ringbuf.o)
 .bss           0x000000000022cff9        0x0 obj_cooja/mtype174.a(netstack.o)
 .bss           0x000000000022cff9        0x0 obj_cooja/mtype174.a(uip-debug.o)
 *fill*         0x000000000022cff9        0x7 
 .bss           0x000000000022d000       0xe0 obj_cooja/mtype174.a(packetbuf.o)
 .bss           0x000000000022d0e0      0xdf0 obj_cooja/mtype174.a(queuebuf.o)
 .bss           0x000000000022ded0        0xe obj_cooja/mtype174.a(uip6.o)
                0x000000000022ded0                uip_ext_bitmap
                0x000000000022ded1                uip_ext_len
                0x000000000022ded2                uip_ext_opt_offset
 *fill*         0x000000000022dede        0x2 
 .bss           0x000000000022dee0       0xb5 obj_cooja/mtype174.a(tcpip.o)
 *fill*         0x000000000022df95        0xb 
 .bss           0x000000000022dfa0       0x10 obj_cooja/mtype174.a(uip-icmp6.o)
 .bss           0x000000000022dfb0       0x28 obj_cooja/mtype174.a(uip-nd6.o)
 *fill*         0x000000000022dfd8        0x8 
 .bss           0x000000000022dfe0      0x2b0 obj_cooja/mtype174.a(uip-packetqueue)
 *fill*         0x000000000022e290       0x10 
 .bss           0x000000000022e2a0      0x158 obj_cooja/mtype174.a(sicslowpan.o)
 .bss           0x000000000022e3f8       0x18 obj_cooja/mtype174.a(neighbor-info.o)
 .bss           0x000000000022e410       0x50 obj_cooja/mtype174.a(uip-ds6.o)
 .bss           0x000000000022e460        0x1 obj_cooja/mtype174.a(simEnvChange.o)
                0x000000000022e460                simDontFallAsleep
 *fill*         0x000000000022e461        0x7 
 .bss           0x000000000022e468        0x8 obj_cooja/mtype174.a(cooja_mt.o)
 .bss           0x000000000022e470        0x8 obj_cooja/mtype174.a(cooja_mtarch.o)
 .bss           0x000000000022e478       0x18 obj_cooja/mtype174.a(rtimer-arch.o)
 .bss           0x000000000022e490        0x0 obj_cooja/mtype174.a(watchdog.o)
 .bss           0x000000000022e490        0x0 obj_cooja/mtype174.a(beep.o)
 .bss           0x000000000022e490       0x10 obj_cooja/mtype174.a(button-sensor.o)
 .bss           0x000000000022e4a0        0x0 obj_cooja/mtype174.a(leds-arch.o)
 .bss           0x000000000022e4a0        0x0 obj_cooja/mtype174.a(moteid.o)
 .bss           0x000000000022e4a0        0x1 obj_cooja/mtype174.a(pir-sensor.o)
                0x000000000022e4a0                simPirValue
 *fill*         0x000000000022e4a1        0x7 
 .bss           0x000000000022e4a8        0x8 obj_cooja/mtype174.a(rs232.o)
 .bss           0x000000000022e4b0        0x1 obj_cooja/mtype174.a(vib-sensor.o)
                0x000000000022e4b0                simVibValue
 .bss           0x000000000022e4b1        0x0 obj_cooja/mtype174.a(clock.o)
 *fill*         0x000000000022e4b1        0xf 
 .bss           0x000000000022e4c0      0x420 obj_cooja/mtype174.a(log.o)
 .bss           0x000000000022e8e0      0xfc0 obj_cooja/mtype174.a(cfs-cooja.o)
                0x000000000022e8e0                simCFSData
                0x000000000022f880                simCFSChanged
                0x000000000022f884                simCFSRead
                0x000000000022f888                simCFSWritten
 .bss           0x000000000022f8a0       0x18 obj_cooja/mtype174.a(cooja-radio.o)
                0x000000000022f8a0                simReceiving
                0x000000000022f8a4                simInSize
                0x000000000022f8a8                simOutSize
 .bss           0x000000000022f8b8        0xc obj_cooja/mtype174.a(sensors.o)
 .bss           0x000000000022f8c4        0x2 obj_cooja/mtype174.a(leds.o)
 .bss           0x000000000022f8c6        0x0 obj_cooja/mtype174.a(rimestats.o)
 .bss           0x000000000022f8c6        0x0 obj_cooja/mtype174.a(frame802154.o)
 .bss           0x000000000022f8c6        0x0 obj_cooja/mtype174.a(rpl.o)
 .bss           0x000000000022f8c6        0x0 obj_cooja/mtype174.a(timer.o)
 *fill*         0x000000000022f8c6        0x2 
 .bss           0x000000000022f8c8        0x8 obj_cooja/mtype174.a(rtimer.o)
 *fill*         0x000000000022f8d0       0x10 
 .bss           0x000000000022f8e0      0x1a0 obj_cooja/mtype174.a(neighbor-attr.o)
 .bss           0x000000000022fa80        0x0 /usr/lib/gcc/x86_64-linux-gnu/5/crtendS.o
 .bss           0x000000000022fa80        0x0 /usr/lib/gcc/x86_64-linux-gnu/5/../../../x86_64-linux-gnu/crtn.o
 *(COMMON)
 COMMON         0x000000000022fa80        0xc obj_cooja/mtype174.o
                0x000000000022fa80                referenceVar
                0x000000000022fa88                sensors_flags
 *fill*         0x000000000022fa8c        0x4 
 COMMON         0x000000000022fa90        0x8 obj_cooja/mtype174.a(rimeaddr.o)
                0x000000000022fa90                rimeaddr_node_addr
 COMMON         0x000000000022fa98        0x8 obj_cooja/mtype174.a(rpl-of-fuzzy.o)
                0x000000000022fa98                list_metric
 COMMON         0x000000000022faa0        0x1 obj_cooja/mtype174.a(serial-line.o)
                0x000000000022faa0                serial_line_event_message
 *fill*         0x000000000022faa1       0x1f 
 COMMON         0x000000000022fac0       0x60 obj_cooja/mtype174.a(packetbuf.o)
                0x000000000022fac0                packetbuf_attrs
                0x000000000022fb00                packetbuf_addrs
 COMMON         0x000000000022fb20      0x438 obj_cooja/mtype174.a(uip6.o)
                0x000000000022fb20                uip_slen
                0x000000000022fb22                uip_acc32
                0x000000000022fb40                uip_conns
                0x000000000022fc20                uip_lladdr
                0x000000000022fc28                uip_appdata
                0x000000000022fc30                uip_flags
                0x000000000022fc40                uip_aligned_buf
                0x000000000022fd30                uip_listenports
                0x000000000022fd40                uip_len
                0x000000000022fd48                uip_sappdata
                0x000000000022fd60                uip_udp_conns
                0x000000000022ff40                uip_udp_conn
                0x000000000022ff48                uip_next_hdr
                0x000000000022ff50                uip_conn
 COMMON         0x000000000022ff58        0x1 obj_cooja/mtype174.a(tcpip.o)
                0x000000000022ff58                tcpip_event
 *fill*         0x000000000022ff59        0x7 
 COMMON         0x000000000022ff60       0x10 obj_cooja/mtype174.a(sicslowpan.o)
                0x000000000022ff60                sicslowpan_mac
                0x000000000022ff68                frag_sender
 *fill*         0x000000000022ff70       0x10 
 COMMON         0x000000000022ff80      0x4c0 obj_cooja/mtype174.a(uip-ds6.o)
                0x000000000022ff80                uip_ds6_prefix_list
                0x000000000022ffe0                uip_ds6_defrt_list
                0x0000000000230040                uip_ds6_timer_periodic
                0x0000000000230060                uip_ds6_if
                0x00000000002301c0                uip_ds6_timer_ra
                0x00000000002301e0                uip_ds6_routing_table
                0x00000000002302e0                uip_ds6_nbr_cache
 COMMON         0x0000000000230440       0x10 obj_cooja/mtype174.a(simEnvChange.o)
                0x0000000000230440                simEtimerPending
                0x0000000000230444                simProcessRunValue
                0x0000000000230448                simNextExpirationTime
 COMMON         0x0000000000230450        0x1 obj_cooja/mtype174.a(beep.o)
                0x0000000000230450                simBeeped
 COMMON         0x0000000000230451        0x3 obj_cooja/mtype174.a(button-sensor.o)
                0x0000000000230451                simButtonIsActive
                0x0000000000230452                simButtonIsDown
                0x0000000000230453                simButtonChanged
 COMMON         0x0000000000230454        0x1 obj_cooja/mtype174.a(leds-arch.o)
                0x0000000000230454                simLedsValue
 *fill*         0x0000000000230455        0x3 
 COMMON         0x0000000000230458        0xc obj_cooja/mtype174.a(moteid.o)
                0x0000000000230458                simRandomSeed
                0x000000000023045c                simMoteIDChanged
                0x0000000000230460                simMoteID
 COMMON         0x0000000000230464        0x2 obj_cooja/mtype174.a(pir-sensor.o)
                0x0000000000230464                simPirIsActive
                0x0000000000230465                simPirChanged
 *fill*         0x0000000000230466       0x1a 
 COMMON         0x0000000000230480      0x420 obj_cooja/mtype174.a(rs232.o)
                0x0000000000230480                simSerialReceivingFlag
                0x0000000000230484                simSerialReceivingLength
                0x00000000002304a0                simSerialReceivingData
 COMMON         0x00000000002308a0        0x2 obj_cooja/mtype174.a(vib-sensor.o)
                0x00000000002308a0                simVibChanged
                0x00000000002308a1                simVibIsActive
 *fill*         0x00000000002308a2        0x6 
 COMMON         0x00000000002308a8        0x8 obj_cooja/mtype174.a(clock.o)
                0x00000000002308a8                simCurrentTime
 *fill*         0x00000000002308b0       0x10 
 COMMON         0x00000000002308c0      0x420 obj_cooja/mtype174.a(log.o)
                0x00000000002308c0                simLoggedLength
                0x00000000002308c4                simLoggedFlag
                0x00000000002308e0                simLoggedData
 COMMON         0x0000000000230ce0      0x100 obj_cooja/mtype174.a(cooja-radio.o)
                0x0000000000230ce0                simOutDataBuffer
                0x0000000000230d60                simInDataBuffer
 COMMON         0x0000000000230de0        0x1 obj_cooja/mtype174.a(sensors.o)
                0x0000000000230de0                sensors_event
 *fill*         0x0000000000230de1       0x1f 
 COMMON         0x0000000000230e00       0x90 obj_cooja/mtype174.a(rimestats.o)
                0x0000000000230e00                rimestats
                0x0000000000230e90                . = ALIGN ((. != 0x0)?0x8:0x1)

.lbss
 *(.dynlbss)
 *(.lbss .lbss.* .gnu.linkonce.lb.*)
 *(LARGE_COMMON)
                0x0000000000230e90                . = ALIGN (0x8)
                0x0000000000230e90                . = SEGMENT_START ("ldata-segment", .)

.lrodata
 *(.lrodata .lrodata.* .gnu.linkonce.lr.*)

.ldata          0x0000000000630e90        0x0
 *(.ldata .ldata.* .gnu.linkonce.l.*)
                0x0000000000630e90                . = ALIGN ((. != 0x0)?0x8:0x1)
                0x0000000000630e90                . = ALIGN (0x8)
                0x0000000000630e90                _end = .
                [!provide]                        PROVIDE (end = .)
                0x0000000000630e90                . = DATA_SEGMENT_END (.)

.stab
 *(.stab)

.stabstr
 *(.stabstr)

.stab.excl
 *(.stab.excl)

.stab.exclstr
 *(.stab.exclstr)

.stab.index
 *(.stab.index)

.stab.indexstr
 *(.stab.indexstr)

.comment        0x0000000000000000       0x58
 *(.comment)
 .comment       0x0000000000000000       0x2d /usr/lib/gcc/x86_64-linux-gnu/5/crtbeginS.o
                                         0x2e (size before relaxing)
 .comment       0x000000000000002d       0x2e udp-sink.co
 .comment       0x000000000000002d       0x2e obj_cooja/mtype174.o
 .comment       0x000000000000002d       0x2b obj_cooja/collect-common.o
                                         0x2c (size before relaxing)
 .comment       0x0000000000000058       0x2c obj_cooja/mtype174.a(rimeaddr.o)
 .comment       0x0000000000000058       0x2c obj_cooja/mtype174.a(nullrdc.o)
 .comment       0x0000000000000058       0x2c obj_cooja/mtype174.a(mac.o)
 .comment       0x0000000000000058       0x2c obj_cooja/mtype174.a(framer-802154.o)
 .comment       0x0000000000000058       0x2c obj_cooja/mtype174.a(csma.o)
 .comment       0x0000000000000058       0x2c obj_cooja/mtype174.a(rpl-dag.o)
 .comment       0x0000000000000058       0x2c obj_cooja/mtype174.a(rpl-icmp6.o)
 .comment       0x0000000000000058       0x2c obj_cooja/mtype174.a(rpl-timers.o)
 .comment       0x0000000000000058       0x2c obj_cooja/mtype174.a(rpl-of-fuzzy.o)
 .comment       0x0000000000000058       0x2c obj_cooja/mtype174.a(fuzzify.o)
 .comment       0x0000000000000058       0x2c obj_cooja/mtype174.a(qos.o)
 .comment       0x0000000000000058       0x2c obj_cooja/mtype174.a(quality.o)
 .comment       0x0000000000000058       0x2c obj_cooja/mtype174.a(process.o)
 .comment       0x0000000000000058       0x2c obj_cooja/mtype174.a(autostart.o)
 .comment       0x0000000000000058       0x2c obj_cooja/mtype174.a(serial-line.o)
 .comment       0x0000000000000058       0x2c obj_cooja/mtype174.a(memb.o)
 .comment       0x0000000000000058       0x2c obj_cooja/mtype174.a(list.o)
 .comment       0x0000000000000058       0x2c obj_cooja/mtype174.a(etimer.o)
 .comment       0x0000000000000058       0x2c obj_cooja/mtype174.a(ctimer.o)
 .comment       0x0000000000000058       0x2c obj_cooja/mtype174.a(stimer.o)
 .comment       0x0000000000000058       0x2c obj_cooja/mtype174.a(random.o)
 .comment       0x0000000000000058       0x2c obj_cooja/mtype174.a(ringbuf.o)
 .comment       0x0000000000000058       0x2c obj_cooja/mtype174.a(netstack.o)
 .comment       0x0000000000000058       0x2c obj_cooja/mtype174.a(uip-debug.o)
 .comment       0x0000000000000058       0x2c obj_cooja/mtype174.a(packetbuf.o)
 .comment       0x0000000000000058       0x2c obj_cooja/mtype174.a(queuebuf.o)
 .comment       0x0000000000000058       0x2c obj_cooja/mtype174.a(uip6.o)
 .comment       0x0000000000000058       0x2c obj_cooja/mtype174.a(tcpip.o)
 .comment       0x0000000000000058       0x2c obj_cooja/mtype174.a(uip-icmp6.o)
 .comment       0x0000000000000058       0x2c obj_cooja/mtype174.a(uip-nd6.o)
 .comment       0x0000000000000058       0x2c obj_cooja/mtype174.a(uip-packetqueue)
 .comment       0x0000000000000058       0x2c obj_cooja/mtype174.a(sicslowpan.o)
 .comment       0x0000000000000058       0x2c obj_cooja/mtype174.a(neighbor-info.o)
 .comment       0x0000000000000058       0x2c obj_cooja/mtype174.a(uip-ds6.o)
 .comment       0x0000000000000058       0x2c obj_cooja/mtype174.a(simEnvChange.o)
 .comment       0x0000000000000058       0x2c obj_cooja/mtype174.a(cooja_mt.o)
 .comment       0x0000000000000058       0x2c obj_cooja/mtype174.a(cooja_mtarch.o)
 .comment       0x0000000000000058       0x2c obj_cooja/mtype174.a(rtimer-arch.o)
 .comment       0x0000000000000058       0x2c obj_cooja/mtype174.a(watchdog.o)
 .comment       0x0000000000000058       0x2c obj_cooja/mtype174.a(beep.o)
 .comment       0x0000000000000058       0x2c obj_cooja/mtype174.a(button-sensor.o)
 .comment       0x0000000000000058       0x2c obj_cooja/mtype174.a(leds-arch.o)
 .comment       0x0000000000000058       0x2c obj_cooja/mtype174.a(moteid.o)
 .comment       0x0000000000000058       0x2c obj_cooja/mtype174.a(pir-sensor.o)
 .comment       0x0000000000000058       0x2c obj_cooja/mtype174.a(rs232.o)
 .comment       0x0000000000000058       0x2c obj_cooja/mtype174.a(vib-sensor.o)
 .comment       0x0000000000000058       0x2c obj_cooja/mtype174.a(clock.o)
 .comment       0x0000000000000058       0x2c obj_cooja/mtype174.a(log.o)
 .comment       0x0000000000000058       0x2c obj_cooja/mtype174.a(cfs-cooja.o)
 .comment       0x0000000000000058       0x2c obj_cooja/mtype174.a(cooja-radio.o)
 .comment       0x0000000000000058       0x2c obj_cooja/mtype174.a(sensors.o)
 .comment       0x0000000000000058       0x2c obj_cooja/mtype174.a(leds.o)
 .comment       0x0000000000000058       0x2c obj_cooja/mtype174.a(rimestats.o)
 .comment       0x0000000000000058       0x2c obj_cooja/mtype174.a(frame802154.o)
 .comment       0x0000000000000058       0x2c obj_cooja/mtype174.a(rpl.o)
 .comment       0x0000000000000058       0x2c obj_cooja/mtype174.a(timer.o)
 .comment       0x0000000000000058       0x2c obj_cooja/mtype174.a(rtimer.o)
 .comment       0x0000000000000058       0x2c obj_cooja/mtype174.a(neighbor-attr.o)
 .comment       0x0000000000000058       0x2e /usr/lib/gcc/x86_64-linux-gnu/5/crtendS.o

.debug
 *(.debug)

.line
 *(.line)

.debug_srcinfo
 *(.debug_srcinfo)

.debug_sfnames
 *(.debug_sfnames)

.debug_aranges  0x0000000000000000      0xb60
 *(.debug_aranges)
 .debug_aranges
                0x0000000000000000       0x30 udp-sink.co
 .debug_aranges
                0x0000000000000030       0x30 obj_cooja/mtype174.o
 .debug_aranges
                0x0000000000000060       0x30 obj_cooja/collect-common.o
 .debug_aranges
                0x0000000000000090       0x30 obj_cooja/mtype174.a(rimeaddr.o)
 .debug_aranges
                0x00000000000000c0       0x30 obj_cooja/mtype174.a(nullrdc.o)
 .debug_aranges
                0x00000000000000f0       0x30 obj_cooja/mtype174.a(mac.o)
 .debug_aranges
                0x0000000000000120       0x30 obj_cooja/mtype174.a(framer-802154.o)
 .debug_aranges
                0x0000000000000150       0x30 obj_cooja/mtype174.a(csma.o)
 .debug_aranges
                0x0000000000000180       0x30 obj_cooja/mtype174.a(rpl-dag.o)
 .debug_aranges
                0x00000000000001b0       0x30 obj_cooja/mtype174.a(rpl-icmp6.o)
 .debug_aranges
                0x00000000000001e0       0x30 obj_cooja/mtype174.a(rpl-timers.o)
 .debug_aranges
                0x0000000000000210       0x30 obj_cooja/mtype174.a(rpl-of-fuzzy.o)
 .debug_aranges
                0x0000000000000240       0x30 obj_cooja/mtype174.a(fuzzify.o)
 .debug_aranges
                0x0000000000000270       0x30 obj_cooja/mtype174.a(qos.o)
 .debug_aranges
                0x00000000000002a0       0x30 obj_cooja/mtype174.a(quality.o)
 .debug_aranges
                0x00000000000002d0       0x30 obj_cooja/mtype174.a(process.o)
 .debug_aranges
                0x0000000000000300       0x30 obj_cooja/mtype174.a(autostart.o)
 .debug_aranges
                0x0000000000000330       0x30 obj_cooja/mtype174.a(serial-line.o)
 .debug_aranges
                0x0000000000000360       0x30 obj_cooja/mtype174.a(memb.o)
 .debug_aranges
                0x0000000000000390       0x30 obj_cooja/mtype174.a(list.o)
 .debug_aranges
                0x00000000000003c0       0x30 obj_cooja/mtype174.a(etimer.o)
 .debug_aranges
                0x00000000000003f0       0x30 obj_cooja/mtype174.a(ctimer.o)
 .debug_aranges
                0x0000000000000420       0x30 obj_cooja/mtype174.a(stimer.o)
 .debug_aranges
                0x0000000000000450       0x30 obj_cooja/mtype174.a(random.o)
 .debug_aranges
                0x0000000000000480       0x30 obj_cooja/mtype174.a(ringbuf.o)
 .debug_aranges
                0x00000000000004b0       0x30 obj_cooja/mtype174.a(netstack.o)
 .debug_aranges
                0x00000000000004e0       0x30 obj_cooja/mtype174.a(uip-debug.o)
 .debug_aranges
                0x0000000000000510       0x30 obj_cooja/mtype174.a(packetbuf.o)
 .debug_aranges
                0x0000000000000540       0x30 obj_cooja/mtype174.a(queuebuf.o)
 .debug_aranges
                0x0000000000000570       0x30 obj_cooja/mtype174.a(uip6.o)
 .debug_aranges
                0x00000000000005a0       0x30 obj_cooja/mtype174.a(tcpip.o)
 .debug_aranges
                0x00000000000005d0       0x30 obj_cooja/mtype174.a(uip-icmp6.o)
 .debug_aranges
                0x0000000000000600       0x30 obj_cooja/mtype174.a(uip-nd6.o)
 .debug_aranges
                0x0000000000000630       0x30 obj_cooja/mtype174.a(uip-packetqueue)
 .debug_aranges
                0x0000000000000660       0x30 obj_cooja/mtype174.a(sicslowpan.o)
 .debug_aranges
                0x0000000000000690       0x30 obj_cooja/mtype174.a(neighbor-info.o)
 .debug_aranges
                0x00000000000006c0       0x30 obj_cooja/mtype174.a(uip-ds6.o)
 .debug_aranges
                0x00000000000006f0       0x30 obj_cooja/mtype174.a(simEnvChange.o)
 .debug_aranges
                0x0000000000000720       0x30 obj_cooja/mtype174.a(cooja_mt.o)
 .debug_aranges
                0x0000000000000750       0x30 obj_cooja/mtype174.a(cooja_mtarch.o)
 .debug_aranges
                0x0000000000000780       0x30 obj_cooja/mtype174.a(rtimer-arch.o)
 .debug_aranges
                0x00000000000007b0       0x30 obj_cooja/mtype174.a(watchdog.o)
 .debug_aranges
                0x00000000000007e0       0x30 obj_cooja/mtype174.a(beep.o)
 .debug_aranges
                0x0000000000000810       0x30 obj_cooja/mtype174.a(button-sensor.o)
 .debug_aranges
                0x0000000000000840       0x30 obj_cooja/mtype174.a(leds-arch.o)
 .debug_aranges
                0x0000000000000870       0x30 obj_cooja/mtype174.a(moteid.o)
 .debug_aranges
                0x00000000000008a0       0x30 obj_cooja/mtype174.a(pir-sensor.o)
 .debug_aranges
                0x00000000000008d0       0x30 obj_cooja/mtype174.a(rs232.o)
 .debug_aranges
                0x0000000000000900       0x30 obj_cooja/mtype174.a(vib-sensor.o)
 .debug_aranges
                0x0000000000000930       0x30 obj_cooja/mtype174.a(clock.o)
 .debug_aranges
                0x0000000000000960       0x30 obj_cooja/mtype174.a(log.o)
 .debug_aranges
                0x0000000000000990       0x30 obj_cooja/mtype174.a(cfs-cooja.o)
 .debug_aranges
                0x00000000000009c0       0x30 obj_cooja/mtype174.a(cooja-radio.o)
 .debug_aranges
                0x00000000000009f0       0x30 obj_cooja/mtype174.a(sensors.o)
 .debug_aranges
                0x0000000000000a20       0x30 obj_cooja/mtype174.a(leds.o)
 .debug_aranges
                0x0000000000000a50       0x20 obj_cooja/mtype174.a(rimestats.o)
 .debug_aranges
                0x0000000000000a70       0x30 obj_cooja/mtype174.a(frame802154.o)
 .debug_aranges
                0x0000000000000aa0       0x30 obj_cooja/mtype174.a(rpl.o)
 .debug_aranges
                0x0000000000000ad0       0x30 obj_cooja/mtype174.a(timer.o)
 .debug_aranges
                0x0000000000000b00       0x30 obj_cooja/mtype174.a(rtimer.o)
 .debug_aranges
                0x0000000000000b30       0x30 obj_cooja/mtype174.a(neighbor-attr.o)

.debug_pubnames
 *(.debug_pubnames)

.debug_info     0x0000000000000000    0x23000
 *(.debug_info .gnu.linkonce.wi.*)
 .debug_info    0x0000000000000000      0xe71 udp-sink.co
 .debug_info    0x0000000000000e71     0x37ec obj_cooja/mtype174.o
 .debug_info    0x000000000000465d      0xae2 obj_cooja/collect-common.o
 .debug_info    0x000000000000513f      0x182 obj_cooja/mtype174.a(rimeaddr.o)
 .debug_info    0x00000000000052c1      0xabe obj_cooja/mtype174.a(nullrdc.o)
 .debug_info    0x0000000000005d7f      0x119 obj_cooja/mtype174.a(mac.o)
 .debug_info    0x0000000000005e98      0x610 obj_cooja/mtype174.a(framer-802154.o)
 .debug_info    0x00000000000064a8      0xb6b obj_cooja/mtype174.a(csma.o)
 .debug_info    0x0000000000007013     0x1c81 obj_cooja/mtype174.a(rpl-dag.o)
 .debug_info    0x0000000000008c94     0x1d0d obj_cooja/mtype174.a(rpl-icmp6.o)
 .debug_info    0x000000000000a9a1     0x12d9 obj_cooja/mtype174.a(rpl-timers.o)
 .debug_info    0x000000000000bc7a     0x19ea obj_cooja/mtype174.a(rpl-of-fuzzy.o)
 .debug_info    0x000000000000d664      0x389 obj_cooja/mtype174.a(fuzzify.o)
 .debug_info    0x000000000000d9ed      0x1b3 obj_cooja/mtype174.a(qos.o)
 .debug_info    0x000000000000dba0      0x1cd obj_cooja/mtype174.a(quality.o)
 .debug_info    0x000000000000dd6d      0x7e3 obj_cooja/mtype174.a(process.o)
 .debug_info    0x000000000000e550      0x1e2 obj_cooja/mtype174.a(autostart.o)
 .debug_info    0x000000000000e732      0x355 obj_cooja/mtype174.a(serial-line.o)
 .debug_info    0x000000000000ea87      0x2b6 obj_cooja/mtype174.a(memb.o)
 .debug_info    0x000000000000ed3d      0x355 obj_cooja/mtype174.a(list.o)
 .debug_info    0x000000000000f092      0x4f9 obj_cooja/mtype174.a(etimer.o)
 .debug_info    0x000000000000f58b      0x4b6 obj_cooja/mtype174.a(ctimer.o)
 .debug_info    0x000000000000fa41      0x1aa obj_cooja/mtype174.a(stimer.o)
 .debug_info    0x000000000000fbeb       0xc0 obj_cooja/mtype174.a(random.o)
 .debug_info    0x000000000000fcab      0x1de obj_cooja/mtype174.a(ringbuf.o)
 .debug_info    0x000000000000fe89      0x37d obj_cooja/mtype174.a(netstack.o)
 .debug_info    0x0000000000010206      0x85e obj_cooja/mtype174.a(uip-debug.o)
 .debug_info    0x0000000000010a64     0x120d obj_cooja/mtype174.a(packetbuf.o)
 .debug_info    0x0000000000011c71     0x1181 obj_cooja/mtype174.a(queuebuf.o)
 .debug_info    0x0000000000012df2     0x11c5 obj_cooja/mtype174.a(uip6.o)
 .debug_info    0x0000000000013fb7     0x1744 obj_cooja/mtype174.a(tcpip.o)
 .debug_info    0x00000000000156fb      0x9b2 obj_cooja/mtype174.a(uip-icmp6.o)
 .debug_info    0x00000000000160ad      0xcfb obj_cooja/mtype174.a(uip-nd6.o)
 .debug_info    0x0000000000016da8      0xb02 obj_cooja/mtype174.a(uip-packetqueue)
 .debug_info    0x00000000000178aa     0x18c5 obj_cooja/mtype174.a(sicslowpan.o)
 .debug_info    0x000000000001916f      0xdcf obj_cooja/mtype174.a(neighbor-info.o)
 .debug_info    0x0000000000019f3e     0x179a obj_cooja/mtype174.a(uip-ds6.o)
 .debug_info    0x000000000001b6d8      0x524 obj_cooja/mtype174.a(simEnvChange.o)
 .debug_info    0x000000000001bbfc      0x2ff obj_cooja/mtype174.a(cooja_mt.o)
 .debug_info    0x000000000001befb      0x6b0 obj_cooja/mtype174.a(cooja_mtarch.o)
 .debug_info    0x000000000001c5ab      0x335 obj_cooja/mtype174.a(rtimer-arch.o)
 .debug_info    0x000000000001c8e0       0xab obj_cooja/mtype174.a(watchdog.o)
 .debug_info    0x000000000001c98b      0x38e obj_cooja/mtype174.a(beep.o)
 .debug_info    0x000000000001cd19      0x3ee obj_cooja/mtype174.a(button-sensor.o)
 .debug_info    0x000000000001d107      0x2ac obj_cooja/mtype174.a(leds-arch.o)
 .debug_info    0x000000000001d3b3      0x27b obj_cooja/mtype174.a(moteid.o)
 .debug_info    0x000000000001d62e      0x3b5 obj_cooja/mtype174.a(pir-sensor.o)
 .debug_info    0x000000000001d9e3      0x66e obj_cooja/mtype174.a(rs232.o)
 .debug_info    0x000000000001e051      0x3b5 obj_cooja/mtype174.a(vib-sensor.o)
 .debug_info    0x000000000001e406      0x2c5 obj_cooja/mtype174.a(clock.o)
 .debug_info    0x000000000001e6cb      0x729 obj_cooja/mtype174.a(log.o)
 .debug_info    0x000000000001edf4      0x57f obj_cooja/mtype174.a(cfs-cooja.o)
 .debug_info    0x000000000001f373      0xd6e obj_cooja/mtype174.a(cooja-radio.o)
 .debug_info    0x00000000000200e1      0x3f9 obj_cooja/mtype174.a(sensors.o)
 .debug_info    0x00000000000204da      0x1ed obj_cooja/mtype174.a(leds.o)
 .debug_info    0x00000000000206c7      0x11d obj_cooja/mtype174.a(rimestats.o)
 .debug_info    0x00000000000207e4      0x473 obj_cooja/mtype174.a(frame802154.o)
 .debug_info    0x0000000000020c57     0x154d obj_cooja/mtype174.a(rpl.o)
 .debug_info    0x00000000000221a4      0x195 obj_cooja/mtype174.a(timer.o)
 .debug_info    0x0000000000022339      0x2d3 obj_cooja/mtype174.a(rtimer.o)
 .debug_info    0x000000000002260c      0x9f4 obj_cooja/mtype174.a(neighbor-attr.o)

.debug_abbrev   0x0000000000000000     0x6d6b
 *(.debug_abbrev)
 .debug_abbrev  0x0000000000000000      0x241 udp-sink.co
 .debug_abbrev  0x0000000000000241      0x2b7 obj_cooja/mtype174.o
 .debug_abbrev  0x00000000000004f8      0x254 obj_cooja/collect-common.o
 .debug_abbrev  0x000000000000074c       0xfd obj_cooja/mtype174.a(rimeaddr.o)
 .debug_abbrev  0x0000000000000849      0x2b2 obj_cooja/mtype174.a(nullrdc.o)
 .debug_abbrev  0x0000000000000afb       0xa7 obj_cooja/mtype174.a(mac.o)
 .debug_abbrev  0x0000000000000ba2      0x209 obj_cooja/mtype174.a(framer-802154.o)
 .debug_abbrev  0x0000000000000dab      0x2f2 obj_cooja/mtype174.a(csma.o)
 .debug_abbrev  0x000000000000109d      0x311 obj_cooja/mtype174.a(rpl-dag.o)
 .debug_abbrev  0x00000000000013ae      0x35d obj_cooja/mtype174.a(rpl-icmp6.o)
 .debug_abbrev  0x000000000000170b      0x2b4 obj_cooja/mtype174.a(rpl-timers.o)
 .debug_abbrev  0x00000000000019bf      0x2d7 obj_cooja/mtype174.a(rpl-of-fuzzy.o)
 .debug_abbrev  0x0000000000001c96       0xab obj_cooja/mtype174.a(fuzzify.o)
 .debug_abbrev  0x0000000000001d41       0x8b obj_cooja/mtype174.a(qos.o)
 .debug_abbrev  0x0000000000001dcc       0x9a obj_cooja/mtype174.a(quality.o)
 .debug_abbrev  0x0000000000001e66      0x27b obj_cooja/mtype174.a(process.o)
 .debug_abbrev  0x00000000000020e1      0x12b obj_cooja/mtype174.a(autostart.o)
 .debug_abbrev  0x000000000000220c      0x1a7 obj_cooja/mtype174.a(serial-line.o)
 .debug_abbrev  0x00000000000023b3      0x15a obj_cooja/mtype174.a(memb.o)
 .debug_abbrev  0x000000000000250d      0x143 obj_cooja/mtype174.a(list.o)
 .debug_abbrev  0x0000000000002650      0x21b obj_cooja/mtype174.a(etimer.o)
 .debug_abbrev  0x000000000000286b      0x1be obj_cooja/mtype174.a(ctimer.o)
 .debug_abbrev  0x0000000000002a29       0xd7 obj_cooja/mtype174.a(stimer.o)
 .debug_abbrev  0x0000000000002b00       0x6b obj_cooja/mtype174.a(random.o)
 .debug_abbrev  0x0000000000002b6b       0xbf obj_cooja/mtype174.a(ringbuf.o)
 .debug_abbrev  0x0000000000002c2a       0xd4 obj_cooja/mtype174.a(netstack.o)
 .debug_abbrev  0x0000000000002cfe      0x191 obj_cooja/mtype174.a(uip-debug.o)
 .debug_abbrev  0x0000000000002e8f      0x2ea obj_cooja/mtype174.a(packetbuf.o)
 .debug_abbrev  0x0000000000003179      0x257 obj_cooja/mtype174.a(queuebuf.o)
 .debug_abbrev  0x00000000000033d0      0x315 obj_cooja/mtype174.a(uip6.o)
 .debug_abbrev  0x00000000000036e5      0x359 obj_cooja/mtype174.a(tcpip.o)
 .debug_abbrev  0x0000000000003a3e      0x1a4 obj_cooja/mtype174.a(uip-icmp6.o)
 .debug_abbrev  0x0000000000003be2      0x235 obj_cooja/mtype174.a(uip-nd6.o)
 .debug_abbrev  0x0000000000003e17      0x23e obj_cooja/mtype174.a(uip-packetqueue)
 .debug_abbrev  0x0000000000004055      0x2dc obj_cooja/mtype174.a(sicslowpan.o)
 .debug_abbrev  0x0000000000004331      0x25b obj_cooja/mtype174.a(neighbor-info.o)
 .debug_abbrev  0x000000000000458c      0x2ca obj_cooja/mtype174.a(uip-ds6.o)
 .debug_abbrev  0x0000000000004856      0x167 obj_cooja/mtype174.a(simEnvChange.o)
 .debug_abbrev  0x00000000000049bd      0x15b obj_cooja/mtype174.a(cooja_mt.o)
 .debug_abbrev  0x0000000000004b18      0x1d9 obj_cooja/mtype174.a(cooja_mtarch.o)
 .debug_abbrev  0x0000000000004cf1      0x18d obj_cooja/mtype174.a(rtimer-arch.o)
 .debug_abbrev  0x0000000000004e7e       0x2c obj_cooja/mtype174.a(watchdog.o)
 .debug_abbrev  0x0000000000004eaa      0x18f obj_cooja/mtype174.a(beep.o)
 .debug_abbrev  0x0000000000005039      0x1c1 obj_cooja/mtype174.a(button-sensor.o)
 .debug_abbrev  0x00000000000051fa      0x182 obj_cooja/mtype174.a(leds-arch.o)
 .debug_abbrev  0x000000000000537c      0x14a obj_cooja/mtype174.a(moteid.o)
 .debug_abbrev  0x00000000000054c6      0x19a obj_cooja/mtype174.a(pir-sensor.o)
 .debug_abbrev  0x0000000000005660      0x203 obj_cooja/mtype174.a(rs232.o)
 .debug_abbrev  0x0000000000005863      0x19a obj_cooja/mtype174.a(vib-sensor.o)
 .debug_abbrev  0x00000000000059fd      0x18f obj_cooja/mtype174.a(clock.o)
 .debug_abbrev  0x0000000000005b8c      0x1ff obj_cooja/mtype174.a(log.o)
 .debug_abbrev  0x0000000000005d8b      0x1f6 obj_cooja/mtype174.a(cfs-cooja.o)
 .debug_abbrev  0x0000000000005f81      0x2b4 obj_cooja/mtype174.a(cooja-radio.o)