Archive member included because of file (symbol)

contiki-sky.a(rimeaddr.o)     obj_sky/contiki-sky-main.o (rimeaddr_copy)
contiki-sky.a(csma.o)         obj_sky/contiki-sky-main.o (csma_driver)
contiki-sky.a(contikimac.o)   obj_sky/contiki-sky-main.o (contikimac_driver)
contiki-sky.a(phase.o)        contiki-sky.a(contikimac.o) (phase_update)
contiki-sky.a(process.o)      udp-client.co (process_current)
contiki-sky.a(autostart.o)    obj_sky/contiki-sky-main.o (autostart_start)
contiki-sky.a(compower.o)     contiki-sky.a(contikimac.o) (compower_accumulate)
contiki-sky.a(memb.o)         contiki-sky.a(csma.o) (memb_init)
contiki-sky.a(timer.o)        obj_sky/contiki-sky-main.o (timer_set)
contiki-sky.a(list.o)         contiki-sky.a(csma.o) (list_init)
contiki-sky.a(etimer.o)       obj_sky/contiki-sky-main.o (etimer_process)
contiki-sky.a(ctimer.o)       obj_sky/contiki-sky-main.o (ctimer_init)
contiki-sky.a(energest.o)     obj_sky/contiki-sky-main.o (energest_init)
contiki-sky.a(rtimer.o)       obj_sky/contiki-sky-main.o (rtimer_init)
contiki-sky.a(random.o)       obj_sky/contiki-sky-main.o (random_init)
contiki-sky.a(nbr-table.o)    contiki-sky.a(phase.o) (nbr_table_register)
contiki-sky.a(packetbuf.o)    contiki-sky.a(contikimac.o) (packetbuf_hdr_remove)
contiki-sky.a(queuebuf.o)     obj_sky/contiki-sky-main.o (queuebuf_init)
contiki-sky.a(sicslowpan.o)   obj_sky/contiki-sky-main.o (sicslowpan_driver)
contiki-sky.a(tcpip.o)        contiki-sky.a(sicslowpan.o) (tcpip_set_outputfunc)
contiki-sky.a(uip-debug.o)    udp-client.co (uip_debug_ipaddr_print)
contiki-sky.a(uip-ds6-route.o)
                              contiki-sky.a(tcpip.o) (uip_ds6_route_nexthop)
contiki-sky.a(uip-ds6-nbr.o)  contiki-sky.a(tcpip.o) (uip_ds6_nbr_add)
contiki-sky.a(uip-ds6.o)      contiki-sky.a(tcpip.o) (uip_ds6_is_addr_onlink)
contiki-sky.a(uip-nd6.o)      contiki-sky.a(tcpip.o) (uip_nd6_ns_output)
contiki-sky.a(uip-udp-packet.)
                              udp-client.co (uip_udp_packet_sendto)
contiki-sky.a(uip6.o)         contiki-sky.a(sicslowpan.o) (uip_aligned_buf)
contiki-sky.a(contiki-sky-pla)
                              obj_sky/contiki-sky-main.o (init_platform)
contiki-sky.a(button-sensor.o)
                              contiki-sky.a(contiki-sky-pla) (button_sensor)
contiki-sky.a(ds2411.o)       obj_sky/contiki-sky-main.o (ds2411_init)
contiki-sky.a(xmem.o)         obj_sky/contiki-sky-main.o (xmem_init)
contiki-sky.a(node-id.o)      obj_sky/contiki-sky-main.o (node_id_restore)
contiki-sky.a(sensors.o)      contiki-sky.a(button-sensor.o) (sensors_changed)
contiki-sky.a(cc2420.o)       obj_sky/contiki-sky-main.o (cc2420_set_channel)
contiki-sky.a(cc2420-arch.o)  contiki-sky.a(cc2420.o) (cc2420_arch_init)
contiki-sky.a(uart1.o)        obj_sky/contiki-sky-main.o (uart1_active)
contiki-sky.a(uart1-putchar.o)
                              udp-client.co (putchar)
contiki-sky.a(msp430.o)       contiki-sky.a(uart1.o) (msp430_add_lpm_req)
contiki-sky.a(clock.o)        contiki-sky.a(timer.o) (clock_time)
contiki-sky.a(leds.o)         obj_sky/contiki-sky-main.o (leds_init)
contiki-sky.a(leds-arch.o)    contiki-sky.a(leds.o) (leds_arch_init)
contiki-sky.a(watchdog.o)     obj_sky/contiki-sky-main.o (watchdog_start)
contiki-sky.a(rtimer-arch.o)  contiki-sky.a(rtimer.o) (rtimer_arch_init)
contiki-sky.a(mac.o)          contiki-sky.a(csma.o) (mac_call_sent_callback)
contiki-sky.a(framer-802154.o)
                              contiki-sky.a(contikimac.o) (framer_802154)
contiki-sky.a(rpl.o)          contiki-sky.a(uip-ds6-nbr.o) (rpl_link_neighbor_callback)
contiki-sky.a(rpl-dag.o)      contiki-sky.a(rpl.o) (rpl_dag_init)
contiki-sky.a(rpl-icmp6.o)    contiki-sky.a(rpl.o) (dao_output_target)
contiki-sky.a(rpl-timers.o)   contiki-sky.a(rpl.o) (rpl_reset_periodic_timer)
contiki-sky.a(rpl-mrhof.o)    contiki-sky.a(rpl-dag.o) (rpl_mrhof)
contiki-sky.a(rpl-ext-header.)
                              contiki-sky.a(uip6.o) (rpl_verify_header)
contiki-sky.a(stimer.o)       contiki-sky.a(tcpip.o) (stimer_set)
contiki-sky.a(uip-icmp6.o)    contiki-sky.a(uip6.o) (uip_icmp6_echo_request_input)
contiki-sky.a(spi.o)          contiki-sky.a(xmem.o) (spi_init)
contiki-sky.a(frame802154.o)  contiki-sky.a(framer-802154.o) (frame802154_hdrlen)
/usr/lib/gcc/msp430/4.6.3/mmpy-16/libgcc.a(_mulsi3.o)
                              contiki-sky.a(csma.o) (__mulsi3)
/usr/lib/gcc/msp430/4.6.3/mmpy-16/libgcc.a(_udivmod16.o)
                              contiki-sky.a(rpl-dag.o) (__udivhi3)
/usr/lib/gcc/msp430/4.6.3/mmpy-16/libgcc.a(_divmod16.o)
                              contiki-sky.a(nbr-table.o) (__divhi3)
/usr/lib/gcc/msp430/4.6.3/mmpy-16/libgcc.a(_udivmod32.o)
                              obj_sky/contiki-sky-main.o (__udivsi3)
/usr/lib/gcc/msp430/4.6.3/../../../../msp430/lib/mmpy-16/libc.a(strncmp.o)
                              contiki-sky.a(sensors.o) (strncmp)
/usr/lib/gcc/msp430/4.6.3/../../../../msp430/lib/mmpy-16/libc.a(memcmp.o)
[...]
Memory Configuration

Name             Origin             Length             Attributes
sfr              0x0000000000000000 0x0000000000000010
peripheral_8bit  0x0000000000000010 0x00000000000000f0
peripheral_16bit 0x0000000000000100 0x0000000000000100
ram_mirror       0x0000000000000200 0x0000000000000800 xw
infomem          0x0000000000001000 0x0000000000000100
infob            0x0000000000001000 0x0000000000000080
infoa            0x0000000000001080 0x0000000000000080
ram              0x0000000000001100 0x0000000000002800 xw
rom              0x0000000000004000 0x000000000000bfe0 xr
vectors          0x000000000000ffe0 0x0000000000000020
bsl              0x0000000000000000 0x0000000000000000
infoc            0x0000000000000000 0x0000000000000000
infod            0x0000000000000000 0x0000000000000000
ram2             0x0000000000000000 0x0000000000000000 xw
usbram           0x0000000000000000 0x0000000000000000 xw
far_rom          0x0000000000000000 0x0000000000000000
*default*        0x0000000000000000 0xffffffffffffffff

Linker script and memory map

LOAD /usr/lib/gcc/msp430/4.6.3/mmpy-16/crt0ivtbl16.o
LOAD udp-client.co
LOAD obj_sky/contiki-sky-main.o
LOAD contiki-sky.a
LOAD /usr/lib/gcc/msp430/4.6.3/mmpy-16/libgcc.a
LOAD /usr/lib/gcc/msp430/4.6.3/../../../../msp430/lib/mmpy-16/libc.a
LOAD /usr/lib/gcc/msp430/4.6.3/mmpy-16/libgcc.a
LOAD /usr/lib/gcc/msp430/4.6.3/mmpy-16/libcrt0.a
                0x0000000000000080                PROVIDE (__info_segment_size, 0x80)
                0x0000000000001000                PROVIDE (__infob, 0x1000)
                0x0000000000001080                PROVIDE (__infoa, 0x1080)
                0x0000000000000000                __IE1 = 0x0
                0x0000000000000002                __IFG1 = 0x2
                0x0000000000000004                __ME1 = 0x4
                0x0000000000000001                __IE2 = 0x1
                0x0000000000000003                __IFG2 = 0x3
                0x0000000000000005                __ME2 = 0x5
                0x0000000000000120                __WDTCTL = 0x120
                0x0000000000000130                __MPY = 0x130
                0x0000000000000132                __MPYS = 0x132
                0x0000000000000134                __MAC = 0x134
                0x0000000000000136                __MACS = 0x136
                0x0000000000000138                __OP2 = 0x138
                0x000000000000013a                __RESLO = 0x13a
                0x000000000000013c                __RESHI = 0x13c
                0x000000000000013e                __SUMEXT = 0x13e
                0x0000000000000020                __P1IN = 0x20
                0x0000000000000021                __P1OUT = 0x21
                0x0000000000000022                __P1DIR = 0x22
                0x0000000000000023                __P1IFG = 0x23
                0x0000000000000024                __P1IES = 0x24
                0x0000000000000025                __P1IE = 0x25
                0x0000000000000026                __P1SEL = 0x26
                0x0000000000000028                __P2IN = 0x28
                0x0000000000000029                __P2OUT = 0x29
                0x000000000000002a                __P2DIR = 0x2a
                0x000000000000002b                __P2IFG = 0x2b
                0x000000000000002c                __P2IES = 0x2c
                0x000000000000002d                __P2IE = 0x2d
                0x000000000000002e                __P2SEL = 0x2e
                0x0000000000000018                __P3IN = 0x18
                0x0000000000000019                __P3OUT = 0x19
                0x000000000000001a                __P3DIR = 0x1a
                0x000000000000001b                __P3SEL = 0x1b
                0x000000000000001c                __P4IN = 0x1c
                0x000000000000001d                __P4OUT = 0x1d
                0x000000000000001e                __P4DIR = 0x1e
                0x000000000000001f                __P4SEL = 0x1f
                0x0000000000000030                __P5IN = 0x30
                0x0000000000000031                __P5OUT = 0x31
                0x0000000000000032                __P5DIR = 0x32
                0x0000000000000033                __P5SEL = 0x33
                0x0000000000000034                __P6IN = 0x34
                0x0000000000000035                __P6OUT = 0x35
                0x0000000000000036                __P6DIR = 0x36
                0x0000000000000037                __P6SEL = 0x37
                0x0000000000000070                __U0CTL = 0x70
                0x0000000000000071                __U0TCTL = 0x71
                0x0000000000000072                __U0RCTL = 0x72
                0x0000000000000073                __U0MCTL = 0x73
                0x0000000000000074                __U0BR0 = 0x74
                0x0000000000000075                __U0BR1 = 0x75
                0x0000000000000076                __U0RXBUF = 0x76
                0x0000000000000077                __U0TXBUF = 0x77
                0x0000000000000078                __U1CTL = 0x78
                0x0000000000000079                __U1TCTL = 0x79
                0x000000000000007a                __U1RCTL = 0x7a
                0x000000000000007b                __U1MCTL = 0x7b
                0x000000000000007c                __U1BR0 = 0x7c
                0x000000000000007d                __U1BR1 = 0x7d
                0x000000000000007e                __U1RXBUF = 0x7e
                0x000000000000007f                __U1TXBUF = 0x7f
                0x0000000000000050                __I2CIE = 0x50
                0x0000000000000051                __I2CIFG = 0x51
                0x0000000000000052                __I2CNDAT = 0x52
                0x0000000000000071                __I2CTCTL = 0x71
                0x0000000000000072                __I2CDCTL = 0x72
                0x0000000000000073                __I2CPSC = 0x73
                0x0000000000000074                __I2CSCLH = 0x74
                0x0000000000000075                __I2CSCLL = 0x75
                0x0000000000000076                __I2CDRB = 0x76
                0x0000000000000076                __I2CDRW = 0x76
                0x0000000000000118                __I2COA = 0x118
                0x000000000000011a                __I2CSA = 0x11a
                0x000000000000011c                __I2CIV = 0x11c
                0x000000000000012e                __TAIV = 0x12e
                0x0000000000000160                __TACTL = 0x160
                0x0000000000000162                __TACCTL0 = 0x162
                0x0000000000000164                __TACCTL1 = 0x164
                0x0000000000000166                __TACCTL2 = 0x166
                0x0000000000000170                __TAR = 0x170
                0x0000000000000172                __TACCR0 = 0x172
                0x0000000000000174                __TACCR1 = 0x174
                0x0000000000000176                __TACCR2 = 0x176
                0x000000000000011e                __TBIV = 0x11e
                0x0000000000000180                __TBCTL = 0x180
                0x0000000000000182                __TBCCTL0 = 0x182
                0x0000000000000184                __TBCCTL1 = 0x184
                0x0000000000000186                __TBCCTL2 = 0x186
                0x0000000000000188                __TBCCTL3 = 0x188
                0x000000000000018a                __TBCCTL4 = 0x18a
                0x000000000000018c                __TBCCTL5 = 0x18c
                0x000000000000018e                __TBCCTL6 = 0x18e
                0x0000000000000190                __TBR = 0x190
                0x0000000000000192                __TBCCR0 = 0x192
                0x0000000000000194                __TBCCR1 = 0x194
                0x0000000000000196                __TBCCR2 = 0x196
                0x0000000000000198                __TBCCR3 = 0x198
                0x000000000000019a                __TBCCR4 = 0x19a
                0x000000000000019c                __TBCCR5 = 0x19c
                0x000000000000019e                __TBCCR6 = 0x19e
                0x0000000000000056                __DCOCTL = 0x56
                0x0000000000000057                __BCSCTL1 = 0x57
                0x0000000000000058                __BCSCTL2 = 0x58
                0x0000000000000055                __SVSCTL = 0x55
                0x0000000000000128                __FCTL1 = 0x128
                0x000000000000012a                __FCTL2 = 0x12a
                0x000000000000012c                __FCTL3 = 0x12c
                0x0000000000000059                __CACTL1 = 0x59
                0x000000000000005a                __CACTL2 = 0x5a
                0x000000000000005b                __CAPD = 0x5b
                0x00000000000001a0                __ADC12CTL0 = 0x1a0
                0x00000000000001a2                __ADC12CTL1 = 0x1a2
                0x00000000000001a4                __ADC12IFG = 0x1a4
                0x00000000000001a6                __ADC12IE = 0x1a6
                0x00000000000001a8                __ADC12IV = 0x1a8
                0x0000000000000140                __ADC12MEM0 = 0x140
                0x0000000000000142                __ADC12MEM1 = 0x142
                0x0000000000000144                __ADC12MEM2 = 0x144
                0x0000000000000146                __ADC12MEM3 = 0x146
                0x0000000000000148                __ADC12MEM4 = 0x148
                0x000000000000014a                __ADC12MEM5 = 0x14a
                0x000000000000014c                __ADC12MEM6 = 0x14c
                0x000000000000014e                __ADC12MEM7 = 0x14e
                0x0000000000000150                __ADC12MEM8 = 0x150
                0x0000000000000152                __ADC12MEM9 = 0x152
                0x0000000000000154                __ADC12MEM10 = 0x154
                0x0000000000000156                __ADC12MEM11 = 0x156
                0x0000000000000158                __ADC12MEM12 = 0x158
                0x000000000000015a                __ADC12MEM13 = 0x15a
                0x000000000000015c                __ADC12MEM14 = 0x15c
                0x000000000000015e                __ADC12MEM15 = 0x15e
                0x0000000000000080                __ADC12MCTL0 = 0x80
                0x0000000000000081                __ADC12MCTL1 = 0x81
                0x0000000000000082                __ADC12MCTL2 = 0x82
                0x0000000000000083                __ADC12MCTL3 = 0x83
                0x0000000000000084                __ADC12MCTL4 = 0x84
                0x0000000000000085                __ADC12MCTL5 = 0x85
                0x0000000000000086                __ADC12MCTL6 = 0x86
                0x0000000000000087                __ADC12MCTL7 = 0x87
                0x0000000000000088                __ADC12MCTL8 = 0x88
                0x0000000000000089                __ADC12MCTL9 = 0x89
                0x000000000000008a                __ADC12MCTL10 = 0x8a
                0x000000000000008b                __ADC12MCTL11 = 0x8b
                0x000000000000008c                __ADC12MCTL12 = 0x8c
                0x000000000000008d                __ADC12MCTL13 = 0x8d
                0x000000000000008e                __ADC12MCTL14 = 0x8e
                0x000000000000008f                __ADC12MCTL15 = 0x8f
                0x00000000000001c0                __DAC12_0CTL = 0x1c0
                0x00000000000001c2                __DAC12_1CTL = 0x1c2
                0x00000000000001c8                __DAC12_0DAT = 0x1c8
                0x00000000000001ca                __DAC12_1DAT = 0x1ca
                0x0000000000000122                __DMACTL0 = 0x122
                0x0000000000000124                __DMACTL1 = 0x124
                0x00000000000001e0                __DMA0CTL = 0x1e0
                0x00000000000001e8                __DMA1CTL = 0x1e8
                0x00000000000001f0                __DMA2CTL = 0x1f0
                0x00000000000001e2                __DMA0SA = 0x1e2
                0x00000000000001e4                __DMA0DA = 0x1e4
                0x00000000000001e6                __DMA0SZ = 0x1e6
                0x00000000000001ea                __DMA1SA = 0x1ea
                0x00000000000001ec                __DMA1DA = 0x1ec
                0x00000000000001ee                __DMA1SZ = 0x1ee
                0x00000000000001f2                __DMA2SA = 0x1f2
                0x00000000000001f4                __DMA2DA = 0x1f4
                0x00000000000001f6                __DMA2SZ = 0x1f6

.hash
 *(.hash)

.dynsym
 *(.dynsym)

.dynstr
 *(.dynstr)

.gnu.version
 *(.gnu.version)

.gnu.version_d
 *(.gnu.version_d)

.gnu.version_r
 *(.gnu.version_r)

.rel.init
 *(.rel.init)

.rela.init
 *(.rela.init)

.rel.fini
 *(.rel.fini)

.rela.fini
 *(.rela.fini)

.rel.text
 *(.rel.text .rel.text.* .rel.gnu.linkonce.t.*)

.rela.text
 *(.rela.text .rela.text.* .rela.gnu.linkonce.t.*)

.rel.rodata
 *(.rel.rodata .rel.rodata.* .rel.gnu.linkonce.r.*)

.rela.rodata
 *(.rela.rodata .rela.rodata.* .rela.gnu.linkonce.r.*)

.rel.data
 *(.rel.data .rel.data.* .rel.gnu.linkonce.d.*)

.rela.data
 *(.rela.data .rela.data.* .rela.gnu.linkonce.d.*)

.rel.bss
 *(.rel.bss .rel.bss.* .rel.gnu.linkonce.b.*)

.rela.bss
 *(.rela.bss .rela.bss.* .rela.gnu.linkonce.b.*)

.rel.ctors
 *(.rel.ctors)

.rela.ctors
 *(.rela.ctors)

.rel.dtors
 *(.rel.dtors)

.rela.dtors
 *(.rela.dtors)

.rel.got
 *(.rel.got)

.rela.got
 *(.rela.got)

.rel.plt
 *(.rel.plt)

.rela.plt
 *(.rela.plt)

.text           0x0000000000004000     0xace6
                0x0000000000004000                . = ALIGN (0x2)
 *(.init .init.*)
 *(.init0)
 .init0         0x0000000000004000        0x0 /usr/lib/gcc/msp430/4.6.3/mmpy-16/libcrt0.a(_reset_vector__.o)
                0x0000000000004000                _reset_vector__
 *(.init1)
 .init1         0x0000000000004000        0xc /usr/lib/gcc/msp430/4.6.3/mmpy-16/libcrt0.a(__watchdog_support.o)
                0x0000000000004000                __watchdog_support
 *(.init2)
 .init2         0x000000000000400c        0x4 /usr/lib/gcc/msp430/4.6.3/mmpy-16/libcrt0.a(__init_stack.o)
                0x000000000000400c                __init_stack
 *(.init3)
 .init3         0x0000000000004010        0x0 /usr/lib/gcc/msp430/4.6.3/mmpy-16/libcrt0.a(__low_level_init.o)
                0x0000000000004010                __low_level_init
 *(.init4)
 .init4         0x0000000000004010       0x18 /usr/lib/gcc/msp430/4.6.3/mmpy-16/libcrt0.a(_copy_data.o)
                0x0000000000004010                __do_copy_data
 .init4         0x0000000000004028       0x16 /usr/lib/gcc/msp430/4.6.3/mmpy-16/libcrt0.a(_clear_bss.o)
                0x0000000000004028                __do_clear_bss
 *(.init5)
 *(.init6)
 *(.init7)
 *(.init8)
 *(.init9)
 .init9         0x000000000000403e      0x364 obj_sky/contiki-sky-main.o
                0x000000000000403e                main
 *(.fini9)
 .fini9         0x00000000000043a2        0x0 /usr/lib/gcc/msp430/4.6.3/mmpy-16/libcrt0.a(__stop_progExec__.o)
                0x00000000000043a2                __stop_progExec__
 *(.fini8)
 *(.fini7)
 *(.fini6)
 *(.fini5)
 *(.fini4)
 *(.fini3)
 *(.fini2)
 *(.fini1)
 *(.fini0)
 .fini0         0x00000000000043a2        0x6 /usr/lib/gcc/msp430/4.6.3/mmpy-16/libcrt0.a(_endless_loop__.o)
                0x00000000000043a2                _endless_loop__
 *(.fini .fini.*)
                0x00000000000043a8                . = ALIGN (0x2)
                0x00000000000043a8                __ctors_start = .
 *(.ctors)
                0x00000000000043a8                __ctors_end = .
                0x00000000000043a8                __dtors_start = .
 *(.dtors)
                0x00000000000043a8                __dtors_end = .
                0x00000000000043a8                . = ALIGN (0x2)
 *(.text .text.* .gnu.linkonce.t.*)
 .text          0x00000000000043a8        0x4 /usr/lib/gcc/msp430/4.6.3/mmpy-16/crt0ivtbl16.o
                0x00000000000043a8                __isr_14
                0x00000000000043a8                __isr_11
                0x00000000000043a8                __isr_2
                0x00000000000043a8                __isr_7
                0x00000000000043a8                __isr_0
                0x00000000000043a8                __isr_8
                0x00000000000043a8                __isr_3
                0x00000000000043a8                __isr_12
                0x00000000000043a8                __isr_13
                0x00000000000043a8                __isr_9
 .text.process_thread_udp_client_process
                0x00000000000043ac      0x1f8 udp-client.co
 .text.send_packet
                0x00000000000045a4       0x70 udp-client.co
 .text.rimeaddr_copy
                0x0000000000004614        0x8 contiki-sky.a(rimeaddr.o)
                0x0000000000004614                rimeaddr_copy
 .text.rimeaddr_cmp
                0x000000000000461c       0x12 contiki-sky.a(rimeaddr.o)
                0x000000000000461c                rimeaddr_cmp
 .text.rimeaddr_set_node_addr
                0x000000000000462e        0xc contiki-sky.a(rimeaddr.o)
                0x000000000000462e                rimeaddr_set_node_addr
 .text.input_packet
                0x000000000000463a        0x6 contiki-sky.a(csma.o)
 .text.on       0x0000000000004640        0x6 contiki-sky.a(csma.o)
 .text.off      0x0000000000004646        0x6 contiki-sky.a(csma.o)
 .text.channel_check_interval
                0x000000000000464c       0x10 contiki-sky.a(csma.o)
 .text.transmit_packet_list
                0x000000000000465c       0x24 contiki-sky.a(csma.o)
 .text.send_packet
                0x0000000000004680      0x164 contiki-sky.a(csma.o)
 .text.init     0x00000000000047e4       0x1a contiki-sky.a(csma.o)
 .text.free_packet
                0x00000000000047fe       0x9c contiki-sky.a(csma.o)
 .text.packet_sent
                0x000000000000489a      0x130 contiki-sky.a(csma.o)
 .text.duty_cycle
                0x00000000000049ca        0x6 contiki-sky.a(contikimac.o)
 .text.init     0x00000000000049d0       0x2e contiki-sky.a(contikimac.o)
 .text.on       0x00000000000049fe       0x1a contiki-sky.a(contikimac.o)
 .text.off      0x0000000000004a18       0x22 contiki-sky.a(contikimac.o)
 .text.recv_burst_off
                0x0000000000004a3a        0xa contiki-sky.a(contikimac.o)
 .text.turn_off
                0x0000000000004a44       0x20 contiki-sky.a(contikimac.o)
 .text.turn_on  0x0000000000004a64       0x30 contiki-sky.a(contikimac.o)
 .text.schedule_powercycle_fixed.part.4
                0x0000000000004a94       0x36 contiki-sky.a(contikimac.o)
 .text.powercycle_turn_radio_off
                0x0000000000004aca       0x30 contiki-sky.a(contikimac.o)
 .text.powercycle
                0x0000000000004afa      0x1da contiki-sky.a(contikimac.o)
 .text.input_packet
                0x0000000000004cd4      0x122 contiki-sky.a(contikimac.o)
 .text.send_packet
                0x0000000000004df6      0x29c contiki-sky.a(contikimac.o)
 .text.qsend_packet
                0x0000000000005092       0x28 contiki-sky.a(contikimac.o)
 .text.qsend_list
                0x00000000000050ba       0x84 contiki-sky.a(contikimac.o)
 .text.send_packet
                0x000000000000513e       0x44 contiki-sky.a(phase.o)
 .text.phase_update
                0x0000000000005182       0x90 contiki-sky.a(phase.o)
                0x0000000000005182                phase_update
 .text.phase_wait
                0x0000000000005212       0xf6 contiki-sky.a(phase.o)
                0x0000000000005212                phase_wait
 .text.phase_init
                0x0000000000005308       0x14 contiki-sky.a(phase.o)
                0x0000000000005308                phase_init
 .text.call_process
                0x000000000000531c       0x4a contiki-sky.a(process.o)
 .text.exit_process
                0x0000000000005366       0x96 contiki-sky.a(process.o)
 .text.do_poll  0x00000000000053fc       0x30 contiki-sky.a(process.o)
 .text.process_alloc_event
                0x000000000000542c        0xe contiki-sky.a(process.o)
                0x000000000000542c                process_alloc_event
 .text.process_init
                0x000000000000543a       0x1c contiki-sky.a(process.o)
                0x000000000000543a                process_init
 .text.process_run
                0x0000000000005456       0xa2 contiki-sky.a(process.o)
                0x0000000000005456                process_run
 .text.process_nevents
                0x00000000000054f8        0xe contiki-sky.a(process.o)
                0x00000000000054f8                process_nevents
 .text.process_post
                0x0000000000005506       0x54 contiki-sky.a(process.o)
                0x0000000000005506                process_post
 .text.process_post_synch
                0x000000000000555a       0x12 contiki-sky.a(process.o)
                0x000000000000555a                process_post_synch
 .text.process_start
                0x000000000000556c       0x32 contiki-sky.a(process.o)
                0x000000000000556c                process_start
 .text.process_poll
                0x000000000000559e       0x18 contiki-sky.a(process.o)
                0x000000000000559e                process_poll
 .text.autostart_start
                0x00000000000055b6       0x16 contiki-sky.a(autostart.o)
                0x00000000000055b6                autostart_start
 .text.compower_accumulate
                0x00000000000055cc       0x72 contiki-sky.a(compower.o)
                0x00000000000055cc                compower_accumulate
 .text.compower_clear
                0x000000000000563e       0x12 contiki-sky.a(compower.o)
                0x000000000000563e                compower_clear
 .text.compower_attrconv
                0x0000000000005650       0x10 contiki-sky.a(compower.o)
                0x0000000000005650                compower_attrconv
 .text.memb_init
                0x0000000000005660       0x36 contiki-sky.a(memb.o)
                0x0000000000005660                memb_init
 .text.memb_alloc
                0x0000000000005696       0x3e contiki-sky.a(memb.o)
                0x0000000000005696                memb_alloc
 .text.memb_free
                0x00000000000056d4       0x3a contiki-sky.a(memb.o)
                0x00000000000056d4                memb_free
 .text.memb_inmemb
                0x000000000000570e       0x2e contiki-sky.a(memb.o)
                0x000000000000570e                memb_inmemb
 .text.timer_set
                0x000000000000573c       0x1c contiki-sky.a(timer.o)
                0x000000000000573c                timer_set
 .text.timer_reset
                0x0000000000005758        0xe contiki-sky.a(timer.o)
                0x0000000000005758                timer_reset
 .text.timer_restart
                0x0000000000005766       0x14 contiki-sky.a(timer.o)
                0x0000000000005766                timer_restart
 .text.timer_expired
                0x000000000000577a       0x2a contiki-sky.a(timer.o)
                0x000000000000577a                timer_expired
 .text.list_init
                0x00000000000057a4        0x6 contiki-sky.a(list.o)
                0x00000000000057a4                list_init
 .text.list_head
                0x00000000000057aa        0x4 contiki-sky.a(list.o)
                0x00000000000057aa                list_head
 .text.list_tail
                0x00000000000057ae       0x12 contiki-sky.a(list.o)
                0x00000000000057ae                list_tail
 .text.list_remove
                0x00000000000057c0       0x34 contiki-sky.a(list.o)
                0x00000000000057c0                list_remove
 .text.list_push
                0x00000000000057f4       0x1a contiki-sky.a(list.o)
                0x00000000000057f4                list_push
 .text.list_add
                0x000000000000580e       0x2a contiki-sky.a(list.o)
                0x000000000000580e                list_add
 .text.list_length
                0x0000000000005838       0x10 contiki-sky.a(list.o)
                0x0000000000005838                list_length
 .text.list_item_next
                0x0000000000005848        0xc contiki-sky.a(list.o)
                0x0000000000005848                list_item_next
 .text.update_time
                0x0000000000005854       0x78 contiki-sky.a(etimer.o)
 .text.etimer_request_poll
                0x00000000000058cc        0xa contiki-sky.a(etimer.o)
                0x00000000000058cc                etimer_request_poll
 .text.process_thread_etimer_process
                0x00000000000058d6       0xc8 contiki-sky.a(etimer.o)
 .text.add_timer
                0x000000000000599e       0x40 contiki-sky.a(etimer.o)
 .text.etimer_set
                0x00000000000059de       0x12 contiki-sky.a(etimer.o)
                0x00000000000059de                etimer_set
 .text.etimer_reset
                0x00000000000059f0       0x12 contiki-sky.a(etimer.o)
                0x00000000000059f0                etimer_reset
 .text.etimer_restart
                0x0000000000005a02       0x12 contiki-sky.a(etimer.o)
                0x0000000000005a02                etimer_restart
 .text.etimer_expired
                0x0000000000005a14        0xe contiki-sky.a(etimer.o)
                0x0000000000005a14                etimer_expired
 .text.etimer_expiration_time
                0x0000000000005a22       0x14 contiki-sky.a(etimer.o)
                0x0000000000005a22                etimer_expiration_time
 .text.etimer_pending
                0x0000000000005a36        0xc contiki-sky.a(etimer.o)
                0x0000000000005a36                etimer_pending
 .text.etimer_next_expiration_time
                0x0000000000005a42       0x16 contiki-sky.a(etimer.o)
                0x0000000000005a42                etimer_next_expiration_time
 .text.etimer_stop
                0x0000000000005a58       0x3c contiki-sky.a(etimer.o)
                0x0000000000005a58                etimer_stop
 .text.process_thread_ctimer_process
                0x0000000000005a94       0xa4 contiki-sky.a(ctimer.o)
 .text.ctimer_init
                0x0000000000005b38       0x18 contiki-sky.a(ctimer.o)
                0x0000000000005b38                ctimer_init
 .text.ctimer_set
                0x0000000000005b50       0x5a contiki-sky.a(ctimer.o)
                0x0000000000005b50                ctimer_set
 .text.ctimer_reset
                0x0000000000005baa       0x3a contiki-sky.a(ctimer.o)
                0x0000000000005baa                ctimer_reset
 .text.ctimer_stop
                0x0000000000005be4       0x28 contiki-sky.a(ctimer.o)
                0x0000000000005be4                ctimer_stop
 .text.energest_init
                0x0000000000005c0c       0x28 contiki-sky.a(energest.o)
                0x0000000000005c0c                energest_init
 .text.energest_type_time
                0x0000000000005c34       0x46 contiki-sky.a(energest.o)
                0x0000000000005c34                energest_type_time
 .text.energest_type_set
                0x0000000000005c7a        0xe contiki-sky.a(energest.o)
                0x0000000000005c7a                energest_type_set
 .text.energest_flush
                0x0000000000005c88       0x48 contiki-sky.a(energest.o)
                0x0000000000005c88                energest_flush
 .text.rtimer_init
                0x0000000000005cd0        0x6 contiki-sky.a(rtimer.o)
                0x0000000000005cd0                rtimer_init
 .text.rtimer_set
                0x0000000000005cd6       0x24 contiki-sky.a(rtimer.o)
                0x0000000000005cd6                rtimer_set
 .text.rtimer_run_next
                0x0000000000005cfa       0x26 contiki-sky.a(rtimer.o)
                0x0000000000005cfa                rtimer_run_next
 .text.random_init
                0x0000000000005d20        0x6 contiki-sky.a(random.o)
                0x0000000000005d20                random_init
 .text.random_rand
                0x0000000000005d26        0x6 contiki-sky.a(random.o)
                0x0000000000005d26                random_rand
 .text.index_from_key
                0x0000000000005d2c       0x48 contiki-sky.a(nbr-table.o)
 .text.item_from_key
                0x0000000000005d74       0x34 contiki-sky.a(nbr-table.o)
 .text.nbr_set_bit
                0x0000000000005da8       0x8e contiki-sky.a(nbr-table.o)
 .text.index_from_lladdr
                0x0000000000005e36       0x42 contiki-sky.a(nbr-table.o)
 .text.nbr_get_bit.constprop.0
                0x0000000000005e78       0x62 contiki-sky.a(nbr-table.o)
 .text.nbr_table_register
                0x0000000000005eda       0x28 contiki-sky.a(nbr-table.o)
                0x0000000000005eda                nbr_table_register
 .text.nbr_table_next
                0x0000000000005f02       0x90 contiki-sky.a(nbr-table.o)
                0x0000000000005f02                nbr_table_next
 .text.nbr_table_head
                0x0000000000005f92       0x36 contiki-sky.a(nbr-table.o)
                0x0000000000005f92                nbr_table_head
 .text.nbr_table_add_lladdr
                0x0000000000005fc8      0x144 contiki-sky.a(nbr-table.o)
                0x0000000000005fc8                nbr_table_add_lladdr
 .text.nbr_table_get_from_lladdr
                0x000000000000610c       0x48 contiki-sky.a(nbr-table.o)
                0x000000000000610c                nbr_table_get_from_lladdr
 .text.nbr_table_remove
                0x0000000000006154       0x32 contiki-sky.a(nbr-table.o)
                0x0000000000006154                nbr_table_remove
 .text.nbr_table_lock
                0x0000000000006186       0x10 contiki-sky.a(nbr-table.o)
                0x0000000000006186                nbr_table_lock
 .text.nbr_table_unlock
                0x0000000000006196       0x10 contiki-sky.a(nbr-table.o)
                0x0000000000006196                nbr_table_unlock
 .text.nbr_table_get_lladdr
                0x00000000000061a6       0x5a contiki-sky.a(nbr-table.o)
                0x00000000000061a6                nbr_table_get_lladdr
 .text.packetbuf_copyto_hdr
                0x0000000000006200       0x1c contiki-sky.a(packetbuf.o)
                0x0000000000006200                packetbuf_copyto_hdr
 .text.packetbuf_copyto
                0x000000000000621c       0x52 contiki-sky.a(packetbuf.o)
                0x000000000000621c                packetbuf_copyto
 .text.packetbuf_hdr_remove
                0x000000000000626e        0x6 contiki-sky.a(packetbuf.o)
                0x000000000000626e                packetbuf_hdr_remove
 .text.packetbuf_hdrreduce
                0x0000000000006274       0x1a contiki-sky.a(packetbuf.o)
                0x0000000000006274                packetbuf_hdrreduce
 .text.packetbuf_set_datalen
                0x000000000000628e        0x6 contiki-sky.a(packetbuf.o)
                0x000000000000628e                packetbuf_set_datalen
 .text.packetbuf_dataptr
                0x0000000000006294        0xe contiki-sky.a(packetbuf.o)
                0x0000000000006294                packetbuf_dataptr
 .text.packetbuf_hdrptr
                0x00000000000062a2        0xa contiki-sky.a(packetbuf.o)
                0x00000000000062a2                packetbuf_hdrptr
 .text.packetbuf_is_reference
                0x00000000000062ac        0xe contiki-sky.a(packetbuf.o)
                0x00000000000062ac                packetbuf_is_reference
 .text.packetbuf_compact
                0x00000000000062ba       0x48 contiki-sky.a(packetbuf.o)
                0x00000000000062ba                packetbuf_compact
 .text.packetbuf_reference_ptr
                0x0000000000006302        0x6 contiki-sky.a(packetbuf.o)
                0x0000000000006302                packetbuf_reference_ptr
 .text.packetbuf_datalen
                0x0000000000006308        0x6 contiki-sky.a(packetbuf.o)
                0x0000000000006308                packetbuf_datalen
 .text.packetbuf_totlen
                0x000000000000630e       0x10 contiki-sky.a(packetbuf.o)
                0x000000000000630e                packetbuf_totlen
 .text.packetbuf_hdralloc
                0x000000000000631e       0x2e contiki-sky.a(packetbuf.o)
                0x000000000000631e                packetbuf_hdralloc
 .text.packetbuf_attr_clear
                0x000000000000634c       0x30 contiki-sky.a(packetbuf.o)
                0x000000000000634c                packetbuf_attr_clear
 .text.packetbuf_clear
                0x000000000000637c       0x1a contiki-sky.a(packetbuf.o)
                0x000000000000637c                packetbuf_clear
 .text.packetbuf_copyfrom
                0x0000000000006396       0x2e contiki-sky.a(packetbuf.o)
                0x0000000000006396                packetbuf_copyfrom
 .text.packetbuf_attr_copyto
                0x00000000000063c4       0x22 contiki-sky.a(packetbuf.o)
                0x00000000000063c4                packetbuf_attr_copyto
 .text.packetbuf_attr_copyfrom
                0x00000000000063e6       0x24 contiki-sky.a(packetbuf.o)
                0x00000000000063e6                packetbuf_attr_copyfrom
 .text.queuebuf_init
                0x000000000000640a       0x1a contiki-sky.a(queuebuf.o)
                0x000000000000640a                queuebuf_init
 .text.queuebuf_new_from_packetbuf
                0x0000000000006424       0x7e contiki-sky.a(queuebuf.o)
                0x0000000000006424                queuebuf_new_from_packetbuf
 .text.queuebuf_update_attr_from_packetbuf
                0x00000000000064a2       0x12 contiki-sky.a(queuebuf.o)
                0x00000000000064a2                queuebuf_update_attr_from_packetbuf
 .text.queuebuf_free
                0x00000000000064b4       0x40 contiki-sky.a(queuebuf.o)
                0x00000000000064b4                queuebuf_free
 .text.queuebuf_to_packetbuf
                0x00000000000064f4       0x6e contiki-sky.a(queuebuf.o)
                0x00000000000064f4                queuebuf_to_packetbuf
 .text.queuebuf_attr
                0x0000000000006562        0xe contiki-sky.a(queuebuf.o)
                0x0000000000006562                queuebuf_attr
 .text.set_packet_attrs
                0x0000000000006570       0x44 contiki-sky.a(sicslowpan.o)
 .text.addr_context_lookup_by_number
                0x00000000000065b4       0x36 contiki-sky.a(sicslowpan.o)
 .text.compress_addr_64
                0x00000000000065ea       0xae contiki-sky.a(sicslowpan.o)
 .text.uncompress_addr
                0x0000000000006698       0xb4 contiki-sky.a(sicslowpan.o)
 .text.input    0x000000000000674c      0x642 contiki-sky.a(sicslowpan.o)
 .text.sicslowpan_init
                0x0000000000006d8e       0x26 contiki-sky.a(sicslowpan.o)
                0x0000000000006d8e                sicslowpan_init
 .text.addr_context_lookup_by_prefix
                0x0000000000006db4       0x4c contiki-sky.a(sicslowpan.o)
 .text.send_packet
                0x0000000000006e00       0x1a contiki-sky.a(sicslowpan.o)
 .text.output   0x0000000000006e1a      0x700 contiki-sky.a(sicslowpan.o)
 .text.packet_sent
                0x000000000000751a       0x22 contiki-sky.a(sicslowpan.o)
 .text.start_periodic_tcp_timer
                0x000000000000753c       0x16 contiki-sky.a(tcpip.o)
 .text.tcpip_output
                0x0000000000007552       0x10 contiki-sky.a(tcpip.o)
                0x0000000000007552                tcpip_output
 .text.tcpip_set_outputfunc
                0x0000000000007562        0x6 contiki-sky.a(tcpip.o)
                0x0000000000007562                tcpip_set_outputfunc
 .text.udp_new  0x0000000000007568       0x1a contiki-sky.a(tcpip.o)
                0x0000000000007568                udp_new
 .text.tcpip_input
                0x0000000000007582       0x16 contiki-sky.a(tcpip.o)
                0x0000000000007582                tcpip_input
 .text.tcpip_ipv6_output
                0x0000000000007598      0x148 contiki-sky.a(tcpip.o)
                0x0000000000007598                tcpip_ipv6_output
 .text.process_thread_tcpip_process
                0x00000000000076e0      0x1d0 contiki-sky.a(tcpip.o)
 .text.tcpip_uipcall
                0x00000000000078b0       0x72 contiki-sky.a(tcpip.o)
                0x00000000000078b0                tcpip_uipcall
 .text.uip_debug_ipaddr_print
                0x0000000000007922       0x7c contiki-sky.a(uip-debug.o)
                0x0000000000007922                uip_debug_ipaddr_print
 .text.call_route_callback
                0x000000000000799e       0x4c contiki-sky.a(uip-ds6-route.o)
 .text.uip_ds6_route_init
                0x00000000000079ea       0x2e contiki-sky.a(uip-ds6-route.o)
                0x00000000000079ea                uip_ds6_route_init
 .text.uip_ds6_route_nexthop
                0x0000000000007a18       0x1a contiki-sky.a(uip-ds6-route.o)
                0x0000000000007a18                uip_ds6_route_nexthop
 .text.uip_ds6_route_head
                0x0000000000007a32       0x28 contiki-sky.a(uip-ds6-route.o)
                0x0000000000007a32                uip_ds6_route_head
 .text.uip_ds6_route_next
                0x0000000000007a5a       0x3a contiki-sky.a(uip-ds6-route.o)
                0x0000000000007a5a                uip_ds6_route_next
 .text.uip_ds6_route_lookup
                0x0000000000007a94       0x5e contiki-sky.a(uip-ds6-route.o)
                0x0000000000007a94                uip_ds6_route_lookup
 .text.uip_ds6_route_add
                0x0000000000007af2       0xb4 contiki-sky.a(uip-ds6-route.o)
                0x0000000000007af2                uip_ds6_route_add
 .text.uip_ds6_route_rm
                0x0000000000007ba6       0x60 contiki-sky.a(uip-ds6-route.o)
                0x0000000000007ba6                uip_ds6_route_rm
 .text.rm_routelist
                0x0000000000007c06       0x30 contiki-sky.a(uip-ds6-route.o)
 .text.rm_routelist_callback
                0x0000000000007c36        0x6 contiki-sky.a(uip-ds6-route.o)
 .text.uip_ds6_defrt_rm
                0x0000000000007c3c       0x48 contiki-sky.a(uip-ds6-route.o)
                0x0000000000007c3c                uip_ds6_defrt_rm
 .text.uip_ds6_defrt_lookup
                0x0000000000007c84       0x36 contiki-sky.a(uip-ds6-route.o)
                0x0000000000007c84                uip_ds6_defrt_lookup
 .text.uip_ds6_defrt_add
                0x0000000000007cba       0x74 contiki-sky.a(uip-ds6-route.o)
                0x0000000000007cba                uip_ds6_defrt_add
 .text.uip_ds6_defrt_choose
                0x0000000000007d2e       0x3a contiki-sky.a(uip-ds6-route.o)
                0x0000000000007d2e                uip_ds6_defrt_choose
 .text.uip_ds6_defrt_periodic
                0x0000000000007d68       0x38 contiki-sky.a(uip-ds6-route.o)
                0x0000000000007d68                uip_ds6_defrt_periodic
 .text.uip_ds6_nbr_rm
                0x0000000000007da0       0x1a contiki-sky.a(uip-ds6-nbr.o)
                0x0000000000007da0                uip_ds6_nbr_rm
 .text.uip_ds6_neighbors_init
                0x0000000000007dba        0xe contiki-sky.a(uip-ds6-nbr.o)
                0x0000000000007dba                uip_ds6_neighbors_init
 .text.uip_ds6_nbr_add
                0x0000000000007dc8       0x60 contiki-sky.a(uip-ds6-nbr.o)
                0x0000000000007dc8                uip_ds6_nbr_add
 .text.uip_ds6_nbr_get_ll
                0x0000000000007e28        0xc contiki-sky.a(uip-ds6-nbr.o)
                0x0000000000007e28                uip_ds6_nbr_get_ll
 .text.uip_ds6_nbr_lookup
                0x0000000000007e34       0x42 contiki-sky.a(uip-ds6-nbr.o)
                0x0000000000007e34                uip_ds6_nbr_lookup
 .text.uip_ds6_nbr_ll_lookup
                0x0000000000007e76        0xc contiki-sky.a(uip-ds6-nbr.o)
                0x0000000000007e76                uip_ds6_nbr_ll_lookup
 .text.uip_ds6_nbr_ipaddr_from_lladdr
                0x0000000000007e82        0x6 contiki-sky.a(uip-ds6-nbr.o)
                0x0000000000007e82                uip_ds6_nbr_ipaddr_from_lladdr
 .text.uip_ds6_nbr_lladdr_from_ipaddr
                0x0000000000007e88       0x12 contiki-sky.a(uip-ds6-nbr.o)
                0x0000000000007e88                uip_ds6_nbr_lladdr_from_ipaddr
 .text.uip_ds6_link_neighbor_callback
                0x0000000000007e9a       0x2a contiki-sky.a(uip-ds6-nbr.o)
                0x0000000000007e9a                uip_ds6_link_neighbor_callback
 .text.uip_ds6_neighbor_periodic
                0x0000000000007ec4       0xfc contiki-sky.a(uip-ds6-nbr.o)
                0x0000000000007ec4                uip_ds6_neighbor_periodic
 .text.uip_ds6_list_loop
                0x0000000000007fc0       0x86 contiki-sky.a(uip-ds6.o)
                0x0000000000007fc0                uip_ds6_list_loop
 .text.uip_ds6_prefix_add
                0x0000000000008046       0x80 contiki-sky.a(uip-ds6.o)
                0x0000000000008046                uip_ds6_prefix_add
 .text.uip_ds6_is_addr_onlink
                0x00000000000080c6       0x54 contiki-sky.a(uip-ds6.o)
                0x00000000000080c6                uip_ds6_is_addr_onlink
 .text.uip_ds6_addr_lookup
                0x000000000000811a       0x2a contiki-sky.a(uip-ds6.o)
                0x000000000000811a                uip_ds6_addr_lookup
 .text.uip_ds6_get_link_local
                0x0000000000008144       0x3e contiki-sky.a(uip-ds6.o)
                0x0000000000008144                uip_ds6_get_link_local
 .text.uip_ds6_maddr_add
                0x0000000000008182       0x4c contiki-sky.a(uip-ds6.o)
                0x0000000000008182                uip_ds6_maddr_add
 .text.uip_ds6_addr_add
                0x00000000000081ce       0xc4 contiki-sky.a(uip-ds6.o)
                0x00000000000081ce                uip_ds6_addr_add
 .text.uip_ds6_maddr_lookup
                0x0000000000008292       0x2a contiki-sky.a(uip-ds6.o)
                0x0000000000008292                uip_ds6_maddr_lookup
 .text.uip_ds6_addr_rm
                0x00000000000082bc       0x54 contiki-sky.a(uip-ds6.o)
                0x00000000000082bc                uip_ds6_addr_rm
 .text.uip_ds6_periodic
                0x0000000000008310       0x4a contiki-sky.a(uip-ds6.o)
                0x0000000000008310                uip_ds6_periodic
 .text.uip_ds6_set_addr_iid
                0x000000000000835a       0x14 contiki-sky.a(uip-ds6.o)
                0x000000000000835a                uip_ds6_set_addr_iid
 .text.get_match_length
                0x000000000000836e       0x3e contiki-sky.a(uip-ds6.o)
                0x000000000000836e                get_match_length
 .text.uip_ds6_select_src
                0x00000000000083ac       0xaa contiki-sky.a(uip-ds6.o)
                0x00000000000083ac                uip_ds6_select_src
 .text.uip_ds6_compute_reachable_time
                0x0000000000008456       0x3e contiki-sky.a(uip-ds6.o)
                0x0000000000008456                uip_ds6_compute_reachable_time
 .text.uip_ds6_init
                0x0000000000008494      0x154 contiki-sky.a(uip-ds6.o)
                0x0000000000008494                uip_ds6_init
 .text.create_llao
                0x00000000000085e8       0x2c contiki-sky.a(uip-nd6.o)
 .text.uip_nd6_ns_input
                0x0000000000008614      0x230 contiki-sky.a(uip-nd6.o)
                0x0000000000008614                uip_nd6_ns_input
 .text.uip_nd6_ns_output
                0x0000000000008844      0x158 contiki-sky.a(uip-nd6.o)
                0x0000000000008844                uip_nd6_ns_output
 .text.uip_nd6_na_input
                0x000000000000899c      0x1b6 contiki-sky.a(uip-nd6.o)
                0x000000000000899c                uip_nd6_na_input
 .text.uip_udp_packet_send
                0x0000000000008b52       0x2e contiki-sky.a(uip-udp-packet.)
                0x0000000000008b52                uip_udp_packet_send
 .text.uip_udp_packet_sendto
                0x0000000000008b80       0x66 contiki-sky.a(uip-udp-packet.)
                0x0000000000008b80                uip_udp_packet_sendto
 .text.chksum   0x0000000000008be6       0x32 contiki-sky.a(uip6.o)
 .text.upper_layer_chksum
                0x0000000000008c18       0x56 contiki-sky.a(uip6.o)
 .text.ext_hdr_options_process
                0x0000000000008c6e       0xda contiki-sky.a(uip6.o)
 .text.uip_add32
                0x0000000000008d48       0x68 contiki-sky.a(uip6.o)
                0x0000000000008d48                uip_add32
 .text.unlikely.uip_add_rcv_nxt
                0x0000000000008db0       0x2e contiki-sky.a(uip6.o)
 .text.uip_icmp6chksum
                0x0000000000008dde        0xa contiki-sky.a(uip6.o)
                0x0000000000008dde                uip_icmp6chksum
 .text.uip_tcpchksum
                0x0000000000008de8        0xa contiki-sky.a(uip6.o)
                0x0000000000008de8                uip_tcpchksum
 .text.uip_udpchksum
                0x0000000000008df2        0xa contiki-sky.a(uip6.o)
                0x0000000000008df2                uip_udpchksum
 .text.uip_init
                0x0000000000008dfc       0x72 contiki-sky.a(uip6.o)
                0x0000000000008dfc                uip_init
 .text.remove_ext_hdr
                0x0000000000008e6e       0x5a contiki-sky.a(uip6.o)
                0x0000000000008e6e                remove_ext_hdr
 .text.uip_udp_new
                0x0000000000008ec8       0xf4 contiki-sky.a(uip6.o)
                0x0000000000008ec8                uip_udp_new
 .text.uip_unlisten
                0x0000000000008fbc       0x2a contiki-sky.a(uip6.o)
                0x0000000000008fbc                uip_unlisten
 .text.uip_process
                0x0000000000008fe6      0xec6 contiki-sky.a(uip6.o)
                0x0000000000008fe6                uip_process
 .text.uip_htonl
                0x0000000000009eac       0x2e contiki-sky.a(uip6.o)
                0x0000000000009eac                uip_htonl
 .text.init_platform
                0x0000000000009eda        0xc contiki-sky.a(contiki-sky-pla)
                0x0000000000009eda                init_platform
 .text.status   0x0000000000009ee6       0x16 contiki-sky.a(button-sensor.o)
 .text.configure
                0x0000000000009efc       0x52 contiki-sky.a(button-sensor.o)
 .text.value    0x0000000000009f4e       0x22 contiki-sky.a(button-sensor.o)
 .text.irq_p2   0x0000000000009f70       0x8a contiki-sky.a(button-sensor.o)
                0x0000000000009f70                irq_p2
                0x0000000000009f70                __isr_1
 .text.owreadb  0x0000000000009ffa       0x52 contiki-sky.a(ds2411.o)
 .text.ds2411_init
                0x000000000000a04c      0x122 contiki-sky.a(ds2411.o)
                0x000000000000a04c                ds2411_init
 .text.wait_ready
                0x000000000000a16e       0x50 contiki-sky.a(xmem.o)
 .text.xmem_init
                0x000000000000a1be       0x3e contiki-sky.a(xmem.o)
                0x000000000000a1be                xmem_init
 .text.xmem_pread
                0x000000000000a1fc       0xea contiki-sky.a(xmem.o)
                0x000000000000a1fc                xmem_pread
 .text.node_id_restore
                0x000000000000a2e6       0x38 contiki-sky.a(node-id.o)
                0x000000000000a2e6                node_id_restore
 .text.process_thread_sensors_process
                0x000000000000a31e       0xbe contiki-sky.a(sensors.o)
 .text.sensors_changed
                0x000000000000a3dc       0x2a contiki-sky.a(sensors.o)
                0x000000000000a3dc                sensors_changed
 .text.strobe   0x000000000000a406       0x20 contiki-sky.a(cc2420.o)
 .text.status   0x000000000000a426       0x26 contiki-sky.a(cc2420.o)
 .text.getreg   0x000000000000a44c       0x54 contiki-sky.a(cc2420.o)
 .text.setreg   0x000000000000a4a0       0x52 contiki-sky.a(cc2420.o)
 .text.set_txpower
                0x000000000000a4f2       0x26 contiki-sky.a(cc2420.o)
 .text.cc2420_receiving_packet
                0x000000000000a518        0xe contiki-sky.a(cc2420.o)
 .text.pending_packet
                0x000000000000a526        0x8 contiki-sky.a(cc2420.o)
 .text.on       0x000000000000a52e       0x40 contiki-sky.a(cc2420.o)
 .text.flushrx  0x000000000000a56e       0x7a contiki-sky.a(cc2420.o)
 .text.off      0x000000000000a5e8       0x72 contiki-sky.a(cc2420.o)
 .text.RELEASE_LOCK
                0x000000000000a65a       0x28 contiki-sky.a(cc2420.o)
 .text.cc2420_prepare
                0x000000000000a682       0x8a contiki-sky.a(cc2420.o)
 .text.getrxdata
                0x000000000000a70c       0x56 contiki-sky.a(cc2420.o)
 .text.cc2420_on
                0x000000000000a762       0x22 contiki-sky.a(cc2420.o)
                0x000000000000a762                cc2420_on
 .text.cc2420_off
                0x000000000000a784       0x30 contiki-sky.a(cc2420.o)
                0x000000000000a784                cc2420_off
 .text.cc2420_cca
                0x000000000000a7b4       0x74 contiki-sky.a(cc2420.o)
 .text.cc2420_read
                0x000000000000a828       0xe6 contiki-sky.a(cc2420.o)
 .text.process_thread_cc2420_process
                0x000000000000a90e       0x50 contiki-sky.a(cc2420.o)
 .text.cc2420_set_channel
                0x000000000000a95e       0x78 contiki-sky.a(cc2420.o)
                0x000000000000a95e                cc2420_set_channel
 .text.cc2420_set_pan_addr
                0x000000000000a9d6      0x14a contiki-sky.a(cc2420.o)
                0x000000000000a9d6                cc2420_set_pan_addr
 .text.cc2420_init
                0x000000000000ab20       0xd0 contiki-sky.a(cc2420.o)
                0x000000000000ab20                cc2420_init
 .text.cc2420_interrupt
                0x000000000000abf0       0x20 contiki-sky.a(cc2420.o)
                0x000000000000abf0                cc2420_interrupt
 .text.cc2420_get_txpower
                0x000000000000ac10       0x1e contiki-sky.a(cc2420.o)
                0x000000000000ac10                cc2420_get_txpower
 .text.cc2420_transmit
                0x000000000000ac2e      0x1a0 contiki-sky.a(cc2420.o)
 .text.cc2420_send
                0x000000000000adce       0x12 contiki-sky.a(cc2420.o)
 .text.cc2420_port1_interrupt
                0x000000000000ade0       0x62 contiki-sky.a(cc2420-arch.o)
                0x000000000000ade0                __isr_4
                0x000000000000ade0                cc2420_port1_interrupt
 .text.cc2420_arch_init
                0x000000000000ae42       0x1a contiki-sky.a(cc2420-arch.o)
                0x000000000000ae42                cc2420_arch_init
 .text.uart1_active
                0x000000000000ae5c       0x1a contiki-sky.a(uart1.o)
                0x000000000000ae5c                uart1_active
 .text.uart1_writeb
                0x000000000000ae76       0x1a contiki-sky.a(uart1.o)
                0x000000000000ae76                uart1_writeb
 .text.uart1_init
                0x000000000000ae90       0xf6 contiki-sky.a(uart1.o)
                0x000000000000ae90                uart1_init
 .text.putchar  0x000000000000af86       0x10 contiki-sky.a(uart1-putchar.o)
                0x000000000000af86                putchar
 .text.msp430_init_dco
                0x000000000000af96       0x84 contiki-sky.a(msp430.o)
                0x000000000000af96                msp430_init_dco
 .text.msp430_add_lpm_req
                0x000000000000b01a        0xc contiki-sky.a(msp430.o)
                0x000000000000b01a                msp430_add_lpm_req
 .text.msp430_cpu_init
                0x000000000000b026       0x2a contiki-sky.a(msp430.o)
                0x000000000000b026                msp430_cpu_init
 .text.splhigh_
                0x000000000000b050        0x8 contiki-sky.a(msp430.o)
                0x000000000000b050                splhigh_
 .text.msp430_sync_dco
                0x000000000000b058       0x68 contiki-sky.a(msp430.o)
                0x000000000000b058                msp430_sync_dco
 .text.timera1  0x000000000000b0c0       0xfe contiki-sky.a(clock.o)
                0x000000000000b0c0                __isr_5
                0x000000000000b0c0                timera1
 .text.clock_time
                0x000000000000b1be       0x1a contiki-sky.a(clock.o)
                0x000000000000b1be                clock_time
 .text.clock_init
                0x000000000000b1d8       0x28 contiki-sky.a(clock.o)
                0x000000000000b1d8                clock_init
 .text.clock_delay
                0x000000000000b200        0xc contiki-sky.a(clock.o)
                0x000000000000b200                clock_delay
 .text.clock_seconds
                0x000000000000b20c       0x1a contiki-sky.a(clock.o)
                0x000000000000b20c                clock_seconds
 .text.show_leds
                0x000000000000b226      0x100 contiki-sky.a(leds.o)
 .text.leds_init
                0x000000000000b326        0xe contiki-sky.a(leds.o)
                0x000000000000b326                leds_init
 .text.leds_on  0x000000000000b334       0x14 contiki-sky.a(leds.o)
                0x000000000000b334                leds_on
 .text.leds_off
                0x000000000000b348       0x14 contiki-sky.a(leds.o)
                0x000000000000b348                leds_off
 .text.leds_arch_init
                0x000000000000b35c        0xe contiki-sky.a(leds-arch.o)
                0x000000000000b35c                leds_arch_init
 .text.leds_arch_set
                0x000000000000b36a       0x3a contiki-sky.a(leds-arch.o)
                0x000000000000b36a                leds_arch_set
 .text.watchdog_interrupt
                0x000000000000b3a4        0x6 contiki-sky.a(watchdog.o)
                0x000000000000b3a4                __isr_10
                0x000000000000b3a4                watchdog_interrupt
 .text.watchdog_start
                0x000000000000b3aa       0x14 contiki-sky.a(watchdog.o)
                0x000000000000b3aa                watchdog_start
 .text.watchdog_periodic
                0x000000000000b3be       0x12 contiki-sky.a(watchdog.o)
                0x000000000000b3be                watchdog_periodic
 .text.watchdog_stop
                0x000000000000b3d0       0x16 contiki-sky.a(watchdog.o)
                0x000000000000b3d0                watchdog_stop
 .text.watchdog_init
                0x000000000000b3e6       0x14 contiki-sky.a(watchdog.o)
                0x000000000000b3e6                watchdog_init
 .text.rtimer_arch_init
                0x000000000000b3fa        0xe contiki-sky.a(rtimer-arch.o)
                0x000000000000b3fa                rtimer_arch_init
 .text.rtimer_arch_now
                0x000000000000b408        0xe contiki-sky.a(rtimer-arch.o)
                0x000000000000b408                rtimer_arch_now
 .text.timera0  0x000000000000b416       0x70 contiki-sky.a(rtimer-arch.o)
                0x000000000000b416                __isr_6
                0x000000000000b416                timera0
 .text.rtimer_arch_schedule
                0x000000000000b486        0x6 contiki-sky.a(rtimer-arch.o)
                0x000000000000b486                rtimer_arch_schedule
 .text.mac_call_sent_callback
                0x000000000000b48c       0x14 contiki-sky.a(mac.o)
                0x000000000000b48c                mac_call_sent_callback
 .text.parse    0x000000000000b4a0       0xaa contiki-sky.a(framer-802154.o)
 .text.create   0x000000000000b54a      0x10e contiki-sky.a(framer-802154.o)
 .text.rpl_purge_routes
                0x000000000000b658       0x96 contiki-sky.a(rpl.o)
                0x000000000000b658                rpl_purge_routes
 .text.rpl_remove_routes
                0x000000000000b6ee       0x22 contiki-sky.a(rpl.o)
                0x000000000000b6ee                rpl_remove_routes
 .text.rpl_remove_routes_by_nexthop
                0x000000000000b710       0x46 contiki-sky.a(rpl.o)
                0x000000000000b710                rpl_remove_routes_by_nexthop
 .text.rpl_add_route
                0x000000000000b756       0x44 contiki-sky.a(rpl.o)
                0x000000000000b756                rpl_add_route
 .text.rpl_link_neighbor_callback
                0x000000000000b79a       0x6a contiki-sky.a(rpl.o)
                0x000000000000b79a                rpl_link_neighbor_callback
 .text.rpl_ipv6_neighbor_callback
                0x000000000000b804       0x1e contiki-sky.a(rpl.o)
                0x000000000000b804                rpl_ipv6_neighbor_callback
 .text.rpl_init
                0x000000000000b822       0x40 contiki-sky.a(rpl.o)
                0x000000000000b822                rpl_init
 .text.lollipop_greater_than
                0x000000000000b862       0x44 contiki-sky.a(rpl-dag.o)
 .text.acceptable_rank
                0x000000000000b8a6       0x50 contiki-sky.a(rpl-dag.o)
 .text.find_parent_any_dag_any_instance
                0x000000000000b8f6       0x14 contiki-sky.a(rpl-dag.o)
 .text.rpl_set_preferred_parent
                0x000000000000b90a       0x30 contiki-sky.a(rpl-dag.o)
 .text.set_ip_from_prefix
                0x000000000000b93a       0x38 contiki-sky.a(rpl-dag.o)
 .text.check_prefix
                0x000000000000b972       0x80 contiki-sky.a(rpl-dag.o)
 .text.rpl_dag_init
                0x000000000000b9f2        0xe contiki-sky.a(rpl-dag.o)
                0x000000000000b9f2                rpl_dag_init
 .text.rpl_get_parent_ipaddr
                0x000000000000ba00       0x10 contiki-sky.a(rpl-dag.o)
                0x000000000000ba00                rpl_get_parent_ipaddr
 .text.rpl_set_prefix
                0x000000000000ba10       0x8e contiki-sky.a(rpl-dag.o)
                0x000000000000ba10                rpl_set_prefix
 .text.rpl_set_default_route
                0x000000000000ba9e       0x5a contiki-sky.a(rpl-dag.o)
                0x000000000000ba9e                rpl_set_default_route
 .text.rpl_alloc_instance
                0x000000000000baf8       0x2c contiki-sky.a(rpl-dag.o)
                0x000000000000baf8                rpl_alloc_instance
 .text.rpl_add_parent
                0x000000000000bb24       0x3c contiki-sky.a(rpl-dag.o)
                0x000000000000bb24                rpl_add_parent
 .text.rpl_find_parent
                0x000000000000bb60       0x1a contiki-sky.a(rpl-dag.o)
                0x000000000000bb60                rpl_find_parent
 .text.rpl_find_parent_any_dag
                0x000000000000bb7a       0x22 contiki-sky.a(rpl-dag.o)
                0x000000000000bb7a                rpl_find_parent_any_dag
 .text.rpl_select_parent
                0x000000000000bb9c       0x5c contiki-sky.a(rpl-dag.o)
                0x000000000000bb9c                rpl_select_parent
 .text.rpl_select_dag
                0x000000000000bbf8      0x182 contiki-sky.a(rpl-dag.o)
                0x000000000000bbf8                rpl_select_dag
 .text.rpl_nullify_parent
                0x000000000000bd7a       0x4e contiki-sky.a(rpl-dag.o)
                0x000000000000bd7a                rpl_nullify_parent
 .text.rpl_remove_parent
                0x000000000000bdc8       0x16 contiki-sky.a(rpl-dag.o)
                0x000000000000bdc8                rpl_remove_parent
 .text.remove_parents.constprop.2
                0x000000000000bdde       0x32 contiki-sky.a(rpl-dag.o)
 .text.rpl_free_dag
                0x000000000000be10       0x36 contiki-sky.a(rpl-dag.o)
                0x000000000000be10                rpl_free_dag
 .text.rpl_free_instance
                0x000000000000be46       0x5c contiki-sky.a(rpl-dag.o)
                0x000000000000be46                rpl_free_instance
 .text.rpl_move_parent
                0x000000000000bea2       0x6e contiki-sky.a(rpl-dag.o)
                0x000000000000bea2                rpl_move_parent
 .text.rpl_get_any_dag
                0x000000000000bf10       0x18 contiki-sky.a(rpl-dag.o)
                0x000000000000bf10                rpl_get_any_dag
 .text.rpl_get_instance
                0x000000000000bf28       0x1a contiki-sky.a(rpl-dag.o)
                0x000000000000bf28                rpl_get_instance
 .text.get_dag  0x000000000000bf42       0x56 contiki-sky.a(rpl-dag.o)
 .text.rpl_alloc_dag
                0x000000000000bf98       0x66 contiki-sky.a(rpl-dag.o)
                0x000000000000bf98                rpl_alloc_dag
 .text.rpl_repair_root
                0x000000000000bffe       0x50 contiki-sky.a(rpl-dag.o)
                0x000000000000bffe                rpl_repair_root
 .text.rpl_find_of
                0x000000000000c04e       0x10 contiki-sky.a(rpl-dag.o)
                0x000000000000c04e                rpl_find_of
 .text.rpl_join_instance
                0x000000000000c05e      0x13c contiki-sky.a(rpl-dag.o)
                0x000000000000c05e                rpl_join_instance
 .text.rpl_local_repair
                0x000000000000c19a       0x7c contiki-sky.a(rpl-dag.o)
                0x000000000000c19a                rpl_local_repair
 .text.rpl_process_parent_event
                0x000000000000c216       0x4e contiki-sky.a(rpl-dag.o)
                0x000000000000c216                rpl_process_parent_event
 .text.rpl_recalculate_ranks
                0x000000000000c264       0x42 contiki-sky.a(rpl-dag.o)
                0x000000000000c264                rpl_recalculate_ranks
 .text.rpl_add_dag
                0x000000000000c2a6      0x112 contiki-sky.a(rpl-dag.o)
                0x000000000000c2a6                rpl_add_dag
 .text.rpl_process_dio
                0x000000000000c3b8      0x286 contiki-sky.a(rpl-dag.o)
                0x000000000000c3b8                rpl_process_dio
 .text.get32    0x000000000000c63e       0x46 contiki-sky.a(rpl-icmp6.o)
 .text.set32    0x000000000000c684       0x2a contiki-sky.a(rpl-icmp6.o)
 .text.get16    0x000000000000c6ae        0xe contiki-sky.a(rpl-icmp6.o)
 .text.set16    0x000000000000c6bc       0x10 contiki-sky.a(rpl-icmp6.o)
 .text.dis_output
                0x000000000000c6cc       0x50 contiki-sky.a(rpl-icmp6.o)
                0x000000000000c6cc                dis_output
 .text.dio_output
                0x000000000000c71c      0x264 contiki-sky.a(rpl-icmp6.o)
                0x000000000000c71c                dio_output
 .text.dao_output_target
                0x000000000000c980       0xe2 contiki-sky.a(rpl-icmp6.o)
                0x000000000000c980                dao_output_target
 .text.dao_output
                0x000000000000ca62       0x80 contiki-sky.a(rpl-icmp6.o)
                0x000000000000ca62                dao_output
 .text.dao_ack_output
                0x000000000000cae2       0x32 contiki-sky.a(rpl-icmp6.o)
                0x000000000000cae2                dao_ack_output
 .text.uip_rpl_input
                0x000000000000cb14      0x538 contiki-sky.a(rpl-icmp6.o)
                0x000000000000cb14                uip_rpl_input
 .text.new_dio_interval
                0x000000000000d04c       0x92 contiki-sky.a(rpl-timers.o)
 .text.handle_periodic_timer
                0x000000000000d0de       0x2e contiki-sky.a(rpl-timers.o)
 .text.handle_dao_timer
                0x000000000000d10c       0x50 contiki-sky.a(rpl-timers.o)
 .text.handle_dio_timer
                0x000000000000d15c       0x82 contiki-sky.a(rpl-timers.o)
 .text.rpl_reset_periodic_timer
                0x000000000000d1de       0x60 contiki-sky.a(rpl-timers.o)
                0x000000000000d1de                rpl_reset_periodic_timer
 .text.rpl_reset_dio_timer
                0x000000000000d23e       0x18 contiki-sky.a(rpl-timers.o)
                0x000000000000d23e                rpl_reset_dio_timer
 .text.rpl_schedule_dao
                0x000000000000d256       0x50 contiki-sky.a(rpl-timers.o)
                0x000000000000d256                rpl_schedule_dao
 .text.reset    0x000000000000d2a6        0x2 contiki-sky.a(rpl-mrhof.o)
 .text.calculate_rank
                0x000000000000d2a8       0x30 contiki-sky.a(rpl-mrhof.o)
 .text.best_parent
                0x000000000000d2d8       0x52 contiki-sky.a(rpl-mrhof.o)
 .text.update_metric_container
                0x000000000000d32a        0x6 contiki-sky.a(rpl-mrhof.o)
 .text.neighbor_link_callback
                0x000000000000d330      0x146 contiki-sky.a(rpl-mrhof.o)
 .text.best_dag
                0x000000000000d476       0x34 contiki-sky.a(rpl-mrhof.o)
 .text.rpl_verify_header
                0x000000000000d4aa       0xbc contiki-sky.a(rpl-ext-header.)
                0x000000000000d4aa                rpl_verify_header
 .text.rpl_update_header_empty
                0x000000000000d566       0xf0 contiki-sky.a(rpl-ext-header.)
                0x000000000000d566                rpl_update_header_empty
 .text.rpl_update_header_final
                0x000000000000d656       0x86 contiki-sky.a(rpl-ext-header.)
                0x000000000000d656                rpl_update_header_final
 .text.rpl_invert_header
                0x000000000000d6dc       0x4c contiki-sky.a(rpl-ext-header.)
                0x000000000000d6dc                rpl_invert_header
 .text.rpl_insert_header
                0x000000000000d728       0x1c contiki-sky.a(rpl-ext-header.)
                0x000000000000d728                rpl_insert_header
 .text.stimer_set
                0x000000000000d744       0x1c contiki-sky.a(stimer.o)
                0x000000000000d744                stimer_set
 .text.stimer_expired
                0x000000000000d760       0x30 contiki-sky.a(stimer.o)
                0x000000000000d760                stimer_expired
 .text.uip_icmp6_echo_request_input
                0x000000000000d790      0x12c contiki-sky.a(uip-icmp6.o)
                0x000000000000d790                uip_icmp6_echo_request_input
 .text.uip_icmp6_error_output
                0x000000000000d8bc      0x17a contiki-sky.a(uip-icmp6.o)
                0x000000000000d8bc                uip_icmp6_error_output
 .text.uip_icmp6_send
                0x000000000000da36       0x96 contiki-sky.a(uip-icmp6.o)
                0x000000000000da36                uip_icmp6_send
 .text.spi_init
                0x000000000000dacc       0x32 contiki-sky.a(spi.o)
                0x000000000000dacc                spi_init
 .text.field_len
                0x000000000000dafe       0x98 contiki-sky.a(frame802154.o)
 .text.frame802154_hdrlen
                0x000000000000db96       0x2e contiki-sky.a(frame802154.o)
                0x000000000000db96                frame802154_hdrlen
 .text.frame802154_create
                0x000000000000dbc4      0x172 contiki-sky.a(frame802154.o)
                0x000000000000dbc4                frame802154_create
 .text.frame802154_parse
                0x000000000000dd36      0x1e8 contiki-sky.a(frame802154.o)
                0x000000000000dd36                frame802154_parse
 .text.libgcc   0x000000000000df1e       0x2c /usr/lib/gcc/msp430/4.6.3/mmpy-16/libgcc.a(_mulsi3.o)
                0x000000000000df1e                __mulsi3
 .text.libgcc   0x000000000000df4a       0x22 /usr/lib/gcc/msp430/4.6.3/mmpy-16/libgcc.a(_udivmod16.o)
                0x000000000000df4a                __udivhi3
                0x000000000000df4a                __ext_udivmod16
                0x000000000000df64                __umodhi3
 .text.libgcc   0x000000000000df6c       0x3a /usr/lib/gcc/msp430/4.6.3/mmpy-16/libgcc.a(_divmod16.o)
                0x000000000000df6c                __ext_divmod16
                0x000000000000df6c                __divhi3
                0x000000000000df9e                __modhi3
 .text.libgcc   0x000000000000dfa6       0x40 /usr/lib/gcc/msp430/4.6.3/mmpy-16/libgcc.a(_udivmod32.o)
                0x000000000000dfa6                __udivsi3
                0x000000000000dfa6                __ext_udivmod32
                0x000000000000dfdc                __umodsi3
 .text          0x000000000000dfe6       0x20 /usr/lib/gcc/msp430/4.6.3/../../../../msp430/lib/mmpy-16/libc.a(memcmp.o)
                0x000000000000dfe6                memcmp
 .text          0x000000000000e006       0xfa /usr/lib/gcc/msp430/4.6.3/../../../../msp430/lib/mmpy-16/libc.a(memcpy.o)
                0x000000000000e006                memcpy
 .text          0x000000000000e100       0xfa /usr/lib/gcc/msp430/4.6.3/../../../../msp430/lib/mmpy-16/libc.a(memmove.o)
                0x000000000000e100                memmove
 .text          0x000000000000e1fa       0x6a /usr/lib/gcc/msp430/4.6.3/../../../../msp430/lib/mmpy-16/libc.a(memset.o)
                0x000000000000e1fa                memset
 .text          0x000000000000e264       0x1e /usr/lib/gcc/msp430/4.6.3/../../../../msp430/lib/mmpy-16/libc.a(printf.o)
                0x000000000000e264                printf
                0x000000000000e274                vprintf
 .text          0x000000000000e282       0xbc /usr/lib/gcc/msp430/4.6.3/../../../../msp430/lib/mmpy-16/libc.a(sprintf.o)
                0x000000000000e2e0                sprintf
                0x000000000000e2fc                snprintf
                0x000000000000e316                vsprintf
                0x000000000000e32c                vsnprintf
 .text          0x000000000000e33e      0x836 /usr/lib/gcc/msp430/4.6.3/../../../../msp430/lib/mmpy-16/libc.a(vuprintf.o)
                0x000000000000e4d6                vuprintf
 .text          0x000000000000eb74       0x2c /usr/lib/gcc/msp430/4.6.3/../../../../msp430/lib/mmpy-16/libc.a(puts.o)
                0x000000000000eb74                puts
 .text          0x000000000000eba0       0x54 /usr/lib/gcc/msp430/4.6.3/../../../../msp430/lib/mmpy-16/libc.a(rand.o)
                0x000000000000eba0                rand_r
                0x000000000000ebc4                rand
                0x000000000000ebea                srand
 .text.libgcc   0x000000000000ebf4       0xf0 /usr/lib/gcc/msp430/4.6.3/mmpy-16/libgcc.a(_udivmod64.o)
                0x000000000000ebf4                __xabi_udivmod64
                0x000000000000ec52                __udivdi3
                0x000000000000ec78                __umoddi3
                0x000000000000eca6                __udivmoddi4
 .text.crt0     0x000000000000ece4        0x2 /usr/lib/gcc/msp430/4.6.3/mmpy-16/libcrt0.a(_unexpected_.o)
                0x000000000000ece4                _unexpected_
                0x000000000000ece6                . = ALIGN (0x2)

.rodata         0x000000000000ece6      0x3ea
                0x000000000000ece6                . = ALIGN (0x2)
 *(.rodata .rodata.* .gnu.linkonce.r.*)
 .rodata        0x000000000000ece6      0x102 udp-client.co
                0x000000000000edd0                autostart_processes
 .rodata        0x000000000000ede8      0x10b obj_sky/contiki-sky-main.o
 *fill*         0x000000000000eef3        0x1 00
 .rodata        0x000000000000eef4        0x8 contiki-sky.a(rimeaddr.o)
                0x000000000000eef4                rimeaddr_null
 .rodata        0x000000000000eefc       0x14 contiki-sky.a(csma.o)
                0x000000000000ef02                csma_driver
 .rodata        0x000000000000ef10       0x1c contiki-sky.a(contikimac.o)
                0x000000000000ef1c                contikimac_driver
 .rodata        0x000000000000ef2c        0xc contiki-sky.a(etimer.o)
 .rodata        0x000000000000ef38        0xf contiki-sky.a(ctimer.o)
 *fill*         0x000000000000ef47        0x1 00
 .rodata        0x000000000000ef48       0x24 contiki-sky.a(sicslowpan.o)
                0x000000000000ef54                sicslowpan_driver
                0x000000000000ef5a                llprefix
                0x000000000000ef5c                unc_mxconf
                0x000000000000ef60                unc_ctxconf
                0x000000000000ef64                unc_llconf
 .rodata        0x000000000000ef6c        0xd contiki-sky.a(tcpip.o)
 .rodata        0x000000000000ef79       0x1a contiki-sky.a(uip-debug.o)
 *fill*         0x000000000000ef93        0x1 00
 .rodata        0x000000000000ef94       0x20 contiki-sky.a(uip6.o)
 .rodata        0x000000000000efb4       0x10 contiki-sky.a(button-sensor.o)
                0x000000000000efbc                button_sensor
 .rodata        0x000000000000efc4        0x8 contiki-sky.a(sensors.o)
 .rodata        0x000000000000efcc       0x22 contiki-sky.a(cc2420.o)
                0x000000000000efcc                cc2420_driver
 .rodata        0x000000000000efee        0x4 contiki-sky.a(framer-802154.o)
                0x000000000000efee                framer_802154
 .rodata        0x000000000000eff2       0x40 contiki-sky.a(rpl-dag.o)
 .rodata        0x000000000000f032       0x95 contiki-sky.a(rpl-mrhof.o)
 .rodata        0x000000000000f0c7        0x2 contiki-sky.a(frame802154.o)
 .rodata        0x000000000000f0c9        0x7 /usr/lib/gcc/msp430/4.6.3/../../../../msp430/lib/mmpy-16/libc.a(vuprintf.o)
                0x000000000000f0d0                . = ALIGN (0x2)
                0x000000000000f0d0                _etext = .

.data           0x0000000000001100       0xc8 load address 0x000000000000f0d0
                0x0000000000001100                . = ALIGN (0x2)
                0x0000000000001100                PROVIDE (__data_start, .)
 *(.data .data.* .gnu.linkonce.d.*)
 .data          0x0000000000001100        0xa udp-client.co
                0x0000000000001100                udp_client_process
 .data          0x000000000000110a       0x18 contiki-sky.a(csma.o)
 .data          0x0000000000001122       0x10 contiki-sky.a(phase.o)
 .data          0x0000000000001132        0xa contiki-sky.a(etimer.o)
                0x0000000000001132                etimer_process
 .data          0x000000000000113c        0xa contiki-sky.a(ctimer.o)
                0x000000000000113c                ctimer_process
 .data          0x0000000000001146        0x8 contiki-sky.a(nbr-table.o)
 .data          0x000000000000114e       0x18 contiki-sky.a(queuebuf.o)
 .data          0x0000000000001166        0xa contiki-sky.a(tcpip.o)
                0x0000000000001166                tcpip_process
 .data          0x0000000000001170       0x18 contiki-sky.a(uip-ds6-route.o)
 .data          0x0000000000001188        0xa contiki-sky.a(uip-ds6-nbr.o)
                0x0000000000001188                ds6_neighbors
 .data          0x0000000000001192        0x4 contiki-sky.a(contiki-sky-pla)
                0x0000000000001192                sensors
 .data          0x0000000000001196        0xa contiki-sky.a(sensors.o)
                0x0000000000001196                sensors_process
 .data          0x00000000000011a0        0xa contiki-sky.a(cc2420.o)
                0x00000000000011a0                cc2420_process
 .data          0x00000000000011aa        0x2 contiki-sky.a(msp430.o)
 .data          0x00000000000011ac        0x8 contiki-sky.a(rpl-dag.o)
 .data          0x00000000000011b4        0x1 contiki-sky.a(rpl-icmp6.o)
 *fill*         0x00000000000011b5        0x1 00
 .data          0x00000000000011b6        0xe contiki-sky.a(rpl-mrhof.o)
                0x00000000000011b6                rpl_mrhof
 .data          0x00000000000011c4        0x4 /usr/lib/gcc/msp430/4.6.3/../../../../msp430/lib/mmpy-16/libc.a(rand.o)
                0x00000000000011c8                . = ALIGN (0x2)
                0x00000000000011c8                _edata = .
                0x000000000000f0d0                PROVIDE (__data_load_start, LOADADDR (.data))
                0x00000000000000c8                PROVIDE (__data_size, SIZEOF (.data))

.bss            0x00000000000011c8     0x1c06 load address 0x000000000000f198
                0x00000000000011c8                PROVIDE (__bss_start, .)
 *(.bss .bss.*)
 .bss           0x00000000000011c8       0x34 udp-client.co
 .bss           0x00000000000011fc        0xc obj_sky/contiki-sky-main.o
 .bss           0x0000000000001208       0xc2 contiki-sky.a(csma.o)
 .bss           0x00000000000012ca       0xd4 contiki-sky.a(contikimac.o)
 .bss           0x000000000000139e      0x1d8 contiki-sky.a(phase.o)
 .bss           0x0000000000001576       0x42 contiki-sky.a(process.o)
                0x0000000000001576                process_current
                0x0000000000001578                process_list
 .bss           0x00000000000015b8        0x8 contiki-sky.a(compower.o)
 .bss           0x00000000000015c0        0x6 contiki-sky.a(etimer.o)
 .bss           0x00000000000015c6        0x4 contiki-sky.a(ctimer.o)
 .bss           0x00000000000015ca        0x2 contiki-sky.a(rtimer.o)
 .bss           0x00000000000015cc      0x118 contiki-sky.a(nbr-table.o)
 .bss           0x00000000000016e4       0xba contiki-sky.a(packetbuf.o)
 .bss           0x000000000000179e      0x71e contiki-sky.a(queuebuf.o)
 .bss           0x0000000000001ebc      0x122 contiki-sky.a(sicslowpan.o)
 .bss           0x0000000000001fde       0x36 contiki-sky.a(tcpip.o)
 .bss           0x0000000000002014      0x2fc contiki-sky.a(uip-ds6-route.o)
 .bss           0x0000000000002310      0x2d0 contiki-sky.a(uip-ds6-nbr.o)
 .bss           0x00000000000025e0       0x18 contiki-sky.a(uip-ds6.o)
 .bss           0x00000000000025f8        0xa contiki-sky.a(uip-nd6.o)
 .bss           0x0000000000002602       0x12 contiki-sky.a(uip6.o)
                0x0000000000002602                uip_ext_opt_offset
                0x0000000000002604                uip_ext_len
                0x0000000000002606                uip_ext_bitmap
 .bss           0x0000000000002614        0x8 contiki-sky.a(button-sensor.o)
 .bss           0x000000000000261c        0x2 contiki-sky.a(node-id.o)
                0x000000000000261c                node_id
 .bss           0x000000000000261e        0x6 contiki-sky.a(sensors.o)
 .bss           0x0000000000002624        0xa contiki-sky.a(cc2420.o)
 .bss           0x000000000000262e       0x9a contiki-sky.a(uart1.o)
 .bss           0x00000000000026c8        0xa contiki-sky.a(clock.o)
 .bss           0x00000000000026d2        0x2 contiki-sky.a(leds.o)
 .bss           0x00000000000026d4        0x2 contiki-sky.a(watchdog.o)
 .bss           0x00000000000026d6        0x2 contiki-sky.a(framer-802154.o)
 .bss           0x00000000000026d8       0xc8 contiki-sky.a(rpl-dag.o)
 .bss           0x00000000000027a0       0x18 contiki-sky.a(rpl-timers.o)
 .bss           0x00000000000027b8       0x10 contiki-sky.a(uip-icmp6.o)
 .bss           0x00000000000027c8        0x4 /usr/lib/gcc/msp430/4.6.3/../../../../msp430/lib/mmpy-16/libc.a(sprintf.o)
 *(COMMON)
 COMMON         0x00000000000027cc        0x8 contiki-sky.a(rimeaddr.o)
                0x00000000000027cc                rimeaddr_node_addr
 COMMON         0x00000000000027d4        0x1 contiki-sky.a(process.o)
                0x00000000000027d4                process_maxevents
 *fill*         0x00000000000027d5        0x1 00
 COMMON         0x00000000000027d6        0x8 contiki-sky.a(compower.o)
                0x00000000000027d6                compower_idle_activity
 COMMON         0x00000000000027de       0x56 contiki-sky.a(energest.o)
                0x00000000000027de                energest_total_time
                0x000000000000280e                energest_total_count
                0x0000000000002810                energest_current_mode
                0x000000000000281c                energest_current_time
 COMMON         0x0000000000002834       0x50 contiki-sky.a(packetbuf.o)
                0x0000000000002834                packetbuf_addrs
                0x0000000000002854                packetbuf_attrs
 COMMON         0x0000000000002884        0x8 contiki-sky.a(sicslowpan.o)
                0x0000000000002884                frag_sender
 COMMON         0x000000000000288c        0x1 contiki-sky.a(tcpip.o)
                0x000000000000288c                tcpip_event
 *fill*         0x000000000000288d        0x1 00
 COMMON         0x000000000000288e      0x15c contiki-sky.a(uip-ds6.o)
                0x000000000000288e                uip_ds6_timer_ra
                0x0000000000002896                uip_ds6_if
                0x0000000000002982                uip_ds6_netif_addr_list_offset
                0x0000000000002983                uip_ds6_addr_size
                0x0000000000002984                uip_ds6_prefix_list
                0x00000000000029de                uip_ds6_timer_periodic
 COMMON         0x00000000000029ea      0x304 contiki-sky.a(uip6.o)
                0x00000000000029ea                uip_len
                0x00000000000029ec                uip_sappdata
                0x00000000000029ee                uip_acc32
                0x00000000000029f2                uip_lladdr
                0x00000000000029fa                uip_aligned_buf
                0x0000000000002aea                uip_flags
                0x0000000000002aec                uip_next_hdr
                0x0000000000002aee                uip_udp_conn
                0x0000000000002af0                uip_appdata
                0x0000000000002af2                uip_conn
                0x0000000000002af4                uip_conns
                0x0000000000002ba4                uip_listenports
                0x0000000000002bb4                uip_slen
                0x0000000000002bb6                uip_udp_conns
 COMMON         0x0000000000002cee        0x2 contiki-sky.a(contiki-sky-pla)
                0x0000000000002cee                sensors_flags
 COMMON         0x0000000000002cf0        0x8 contiki-sky.a(ds2411.o)
                0x0000000000002cf0                ds2411_id
 COMMON         0x0000000000002cf8        0x1 contiki-sky.a(sensors.o)
                0x0000000000002cf8                sensors_event
 *fill*         0x0000000000002cf9        0x1 00
 COMMON         0x0000000000002cfa       0x14 contiki-sky.a(cc2420.o)
                0x0000000000002cfa                cc2420_last_rssi
                0x0000000000002cfc                cc2420_packets_read
                0x0000000000002cfe                cc2420_packets_seen
                0x0000000000002d00                cc2420_sfd_start_time
                0x0000000000002d02                cc2420_time_of_departure
                0x0000000000002d04                cc2420_time_of_arrival
                0x0000000000002d06                cc2420_last_correlation
                0x0000000000002d08                cc2420_authority_level_of_sender
                0x0000000000002d0a                cc2420_sfd_counter
                0x0000000000002d0c                cc2420_sfd_end_time
 COMMON         0x0000000000002d0e        0x2 contiki-sky.a(msp430.o)
                0x0000000000002d0e                msp430_dco_required
 COMMON         0x0000000000002d10       0xbe contiki-sky.a(rpl-dag.o)
                0x0000000000002d10                default_instance
                0x0000000000002d12                instance_table
                0x0000000000002dce                . = ALIGN (0x2)
                0x0000000000002dce                PROVIDE (__bss_end, .)
                0x0000000000001c06                PROVIDE (__bss_size, SIZEOF (.bss))

.noinit         0x0000000000002dce        0x2 load address 0x000000000000f198
                0x0000000000002dce                PROVIDE (__noinit_start, .)
 *(.noinit .noinit.*)
 .noinit.crt0   0x0000000000002dce        0x2 /usr/lib/gcc/msp430/4.6.3/mmpy-16/libcrt0.a(__watchdog_support.o)
                0x0000000000002dce                __wdt_clear_value
                0x0000000000002dd0                . = ALIGN (0x2)
                0x0000000000002dd0                PROVIDE (__noinit_end, .)
                0x0000000000002dd0                . = ALIGN (0x2)
                0x0000000000002dd0                _end = .

.infomem        0x0000000000001000        0x0
 *(.infomem)
                0x0000000000001000                . = ALIGN (0x2)
 *(.infomem.*)

.infomemnobits  0x0000000000001000        0x0
 *(.infomemnobits)
                0x0000000000001000                . = ALIGN (0x2)
 *(.infomemnobits.*)

.infoa
 *(.infoa .infoa.*)

.infob
 *(.infob .infob.*)

.infoc
 *(.infoc .infoc.*)

.infod
 *(.infod .infod.*)

.vectors        0x000000000000ffe0       0x20
                0x000000000000ffe0                PROVIDE (__vectors_start, .)
 *(.vectors*)
 .vectors       0x000000000000ffe0       0x20 /usr/lib/gcc/msp430/4.6.3/mmpy-16/crt0ivtbl16.o
                0x000000000000ffe0                __ivtbl_16
                0x0000000000010000                _vectors_end = .

.fartext        0x0000000000000000        0x0
                0x0000000000000000                . = ALIGN (0x2)
 *(.fartext)
                0x0000000000000000                . = ALIGN (0x2)
 *(.fartext.*)
                0x0000000000000000                _efartext = .

.profiler
 *(.profiler)

.stab
 *(.stab)

.stabstr
 *(.stabstr)

.stab.excl
 *(.stab.excl)

.stab.exclstr
 *(.stab.exclstr)

.stab.index
 *(.stab.index)

.stab.indexstr
 *(.stab.indexstr)

.comment
 *(.comment)

.debug
 *(.debug)

.line
 *(.line)

.debug_srcinfo
 *(.debug_srcinfo)

.debug_sfnames
 *(.debug_sfnames)

.debug_aranges  0x0000000000000000      0x1a4
 *(.debug_aranges)
 .debug_aranges
                0x0000000000000000       0x14 /usr/lib/gcc/msp430/4.6.3/mmpy-16/libgcc.a(_mulsi3.o)
 .debug_aranges
                0x0000000000000014       0x14 /usr/lib/gcc/msp430/4.6.3/mmpy-16/libgcc.a(_udivmod16.o)
 .debug_aranges
                0x0000000000000028       0x14 /usr/lib/gcc/msp430/4.6.3/mmpy-16/libgcc.a(_divmod16.o)
 .debug_aranges
                0x000000000000003c       0x14 /usr/lib/gcc/msp430/4.6.3/mmpy-16/libgcc.a(_udivmod32.o)
 .debug_aranges
                0x0000000000000050       0x14 /usr/lib/gcc/msp430/4.6.3/../../../../msp430/lib/mmpy-16/libc.a(strncmp.o)
 .debug_aranges
                0x0000000000000064       0x14 /usr/lib/gcc/msp430/4.6.3/../../../../msp430/lib/mmpy-16/libc.a(memcmp.o)
 .debug_aranges
                0x0000000000000078       0x14 /usr/lib/gcc/msp430/4.6.3/../../../../msp430/lib/mmpy-16/libc.a(memcpy.o)
 .debug_aranges
                0x000000000000008c       0x14 /usr/lib/gcc/msp430/4.6.3/../../../../msp430/lib/mmpy-16/libc.a(memmove.o)
 .debug_aranges
                0x00000000000000a0       0x14 /usr/lib/gcc/msp430/4.6.3/../../../../msp430/lib/mmpy-16/libc.a(memset.o)
 .debug_aranges
                0x00000000000000b4       0x14 /usr/lib/gcc/msp430/4.6.3/../../../../msp430/lib/mmpy-16/libc.a(printf.o)
 .debug_aranges
                0x00000000000000c8       0x14 /usr/lib/gcc/msp430/4.6.3/../../../../msp430/lib/mmpy-16/libc.a(sprintf.o)
 .debug_aranges
                0x00000000000000dc       0x14 /usr/lib/gcc/msp430/4.6.3/../../../../msp430/lib/mmpy-16/libc.a(vuprintf.o)
 .debug_aranges
                0x00000000000000f0       0x14 /usr/lib/gcc/msp430/4.6.3/../../../../msp430/lib/mmpy-16/libc.a(puts.o)
 .debug_aranges
                0x0000000000000104       0x14 /usr/lib/gcc/msp430/4.6.3/../../../../msp430/lib/mmpy-16/libc.a(rand.o)
 .debug_aranges
                0x0000000000000118       0x14 /usr/lib/gcc/msp430/4.6.3/mmpy-16/libgcc.a(_udivmod64.o)
 .debug_aranges
                0x000000000000012c       0x14 /usr/lib/gcc/msp430/4.6.3/mmpy-16/libcrt0.a(__watchdog_support.o)
 .debug_aranges
                0x0000000000000140       0x14 /usr/lib/gcc/msp430/4.6.3/mmpy-16/libcrt0.a(__init_stack.o)
 .debug_aranges
                0x0000000000000154       0x14 /usr/lib/gcc/msp430/4.6.3/mmpy-16/libcrt0.a(_copy_data.o)
 .debug_aranges
                0x0000000000000168       0x14 /usr/lib/gcc/msp430/4.6.3/mmpy-16/libcrt0.a(_clear_bss.o)
 .debug_aranges
                0x000000000000017c       0x14 /usr/lib/gcc/msp430/4.6.3/mmpy-16/libcrt0.a(_endless_loop__.o)
 .debug_aranges
                0x0000000000000190       0x14 /usr/lib/gcc/msp430/4.6.3/mmpy-16/libcrt0.a(_unexpected_.o)

.debug_pubnames
 *(.debug_pubnames)

.debug_info     0x0000000000000000     0x18ed
 *(.debug_info)
 .debug_info    0x0000000000000000       0xec /usr/lib/gcc/msp430/4.6.3/mmpy-16/libgcc.a(_mulsi3.o)
 .debug_info    0x00000000000000ec       0xec /usr/lib/gcc/msp430/4.6.3/mmpy-16/libgcc.a(_udivmod16.o)
 .debug_info    0x00000000000001d8       0xec /usr/lib/gcc/msp430/4.6.3/mmpy-16/libgcc.a(_divmod16.o)
 .debug_info    0x00000000000002c4       0xec /usr/lib/gcc/msp430/4.6.3/mmpy-16/libgcc.a(_udivmod32.o)
 .debug_info    0x00000000000003b0       0xbb /usr/lib/gcc/msp430/4.6.3/../../../../msp430/lib/mmpy-16/libc.a(strncmp.o)
 .debug_info    0x000000000000046b       0xe8 /usr/lib/gcc/msp430/4.6.3/../../../../msp430/lib/mmpy-16/libc.a(memcmp.o)
 .debug_info    0x0000000000000553      0x113 /usr/lib/gcc/msp430/4.6.3/../../../../msp430/lib/mmpy-16/libc.a(memcpy.o)
 .debug_info    0x0000000000000666      0x113 /usr/lib/gcc/msp430/4.6.3/../../../../msp430/lib/mmpy-16/libc.a(memmove.o)
 .debug_info    0x0000000000000779       0xfe /usr/lib/gcc/msp430/4.6.3/../../../../msp430/lib/mmpy-16/libc.a(memset.o)
 .debug_info    0x0000000000000877      0x105 /usr/lib/gcc/msp430/4.6.3/../../../../msp430/lib/mmpy-16/libc.a(printf.o)
 .debug_info    0x000000000000097c      0x277 /usr/lib/gcc/msp430/4.6.3/../../../../msp430/lib/mmpy-16/libc.a(sprintf.o)
 .debug_info    0x0000000000000bf3      0x565 /usr/lib/gcc/msp430/4.6.3/../../../../msp430/lib/mmpy-16/libc.a(vuprintf.o)
 .debug_info    0x0000000000001158       0x96 /usr/lib/gcc/msp430/4.6.3/../../../../msp430/lib/mmpy-16/libc.a(puts.o)
 .debug_info    0x00000000000011ee      0x13f /usr/lib/gcc/msp430/4.6.3/../../../../msp430/lib/mmpy-16/libc.a(rand.o)
 .debug_info    0x000000000000132d       0xec /usr/lib/gcc/msp430/4.6.3/mmpy-16/libgcc.a(_udivmod64.o)
 .debug_info    0x0000000000001419       0xce /usr/lib/gcc/msp430/4.6.3/mmpy-16/libcrt0.a(__watchdog_support.o)
 .debug_info    0x00000000000014e7       0xce /usr/lib/gcc/msp430/4.6.3/mmpy-16/libcrt0.a(__init_stack.o)
 .debug_info    0x00000000000015b5       0xce /usr/lib/gcc/msp430/4.6.3/mmpy-16/libcrt0.a(_copy_data.o)
 .debug_info    0x0000000000001683       0xce /usr/lib/gcc/msp430/4.6.3/mmpy-16/libcrt0.a(_clear_bss.o)
 .debug_info    0x0000000000001751       0xce /usr/lib/gcc/msp430/4.6.3/mmpy-16/libcrt0.a(_endless_loop__.o)
 .debug_info    0x000000000000181f       0xce /usr/lib/gcc/msp430/4.6.3/mmpy-16/libcrt0.a(_unexpected_.o)
 *(.gnu.linkonce.wi.*)

.debug_abbrev   0x0000000000000000      0x8d1
 *(.debug_abbrev)
 .debug_abbrev  0x0000000000000000       0x14 /usr/lib/gcc/msp430/4.6.3/mmpy-16/libgcc.a(_mulsi3.o)
 .debug_abbrev  0x0000000000000014       0x14 /usr/lib/gcc/msp430/4.6.3/mmpy-16/libgcc.a(_udivmod16.o)
 .debug_abbrev  0x0000000000000028       0x14 /usr/lib/gcc/msp430/4.6.3/mmpy-16/libgcc.a(_divmod16.o)
 .debug_abbrev  0x000000000000003c       0x14 /usr/lib/gcc/msp430/4.6.3/mmpy-16/libgcc.a(_udivmod32.o)
 .debug_abbrev  0x0000000000000050       0x7c /usr/lib/gcc/msp430/4.6.3/../../../../msp430/lib/mmpy-16/libc.a(strncmp.o)
 .debug_abbrev  0x00000000000000cc       0x9b /usr/lib/gcc/msp430/4.6.3/../../../../msp430/lib/mmpy-16/libc.a(memcmp.o)
 .debug_abbrev  0x0000000000000167       0x97 /usr/lib/gcc/msp430/4.6.3/../../../../msp430/lib/mmpy-16/libc.a(memcpy.o)
 .debug_abbrev  0x00000000000001fe       0x97 /usr/lib/gcc/msp430/4.6.3/../../../../msp430/lib/mmpy-16/libc.a(memmove.o)
 .debug_abbrev  0x0000000000000295       0x9c /usr/lib/gcc/msp430/4.6.3/../../../../msp430/lib/mmpy-16/libc.a(memset.o)
 .debug_abbrev  0x0000000000000331       0xd0 /usr/lib/gcc/msp430/4.6.3/../../../../msp430/lib/mmpy-16/libc.a(printf.o)
 .debug_abbrev  0x0000000000000401      0x105 /usr/lib/gcc/msp430/4.6.3/../../../../msp430/lib/mmpy-16/libc.a(sprintf.o)
 .debug_abbrev  0x0000000000000506      0x1ef /usr/lib/gcc/msp430/4.6.3/../../../../msp430/lib/mmpy-16/libc.a(vuprintf.o)
 .debug_abbrev  0x00000000000006f5       0x60 /usr/lib/gcc/msp430/4.6.3/../../../../msp430/lib/mmpy-16/libc.a(puts.o)
 .debug_abbrev  0x0000000000000755       0xf0 /usr/lib/gcc/msp430/4.6.3/../../../../msp430/lib/mmpy-16/libc.a(rand.o)
 .debug_abbrev  0x0000000000000845       0x14 /usr/lib/gcc/msp430/4.6.3/mmpy-16/libgcc.a(_udivmod64.o)
 .debug_abbrev  0x0000000000000859       0x14 /usr/lib/gcc/msp430/4.6.3/mmpy-16/libcrt0.a(__watchdog_support.o)
 .debug_abbrev  0x000000000000086d       0x14 /usr/lib/gcc/msp430/4.6.3/mmpy-16/libcrt0.a(__init_stack.o)
 .debug_abbrev  0x0000000000000881       0x14 /usr/lib/gcc/msp430/4.6.3/mmpy-16/libcrt0.a(_copy_data.o)
 .debug_abbrev  0x0000000000000895       0x14 /usr/lib/gcc/msp430/4.6.3/mmpy-16/libcrt0.a(_clear_bss.o)
 .debug_abbrev  0x00000000000008a9       0x14 /usr/lib/gcc/msp430/4.6.3/mmpy-16/libcrt0.a(_endless_loop__.o)
 .debug_abbrev  0x00000000000008bd       0x14 /usr/lib/gcc/msp430/4.6.3/mmpy-16/libcrt0.a(_unexpected_.o)

.debug_line     0x0000000000000000      0xf14
 *(.debug_line)
 .debug_line    0x0000000000000000       0xae /usr/lib/gcc/msp430/4.6.3/mmpy-16/libgcc.a(_mulsi3.o)
 .debug_line    0x00000000000000ae       0xa7 /usr/lib/gcc/msp430/4.6.3/mmpy-16/libgcc.a(_udivmod16.o)
 .debug_line    0x0000000000000155       0xb2 /usr/lib/gcc/msp430/4.6.3/mmpy-16/libgcc.a(_divmod16.o)
 .debug_line    0x0000000000000207       0xb6 /usr/lib/gcc/msp430/4.6.3/mmpy-16/libgcc.a(_udivmod32.o)
 .debug_line    0x00000000000002bd       0x75 /usr/lib/gcc/msp430/4.6.3/../../../../msp430/lib/mmpy-16/libc.a(strncmp.o)
 .debug_line    0x0000000000000332       0x73 /usr/lib/gcc/msp430/4.6.3/../../../../msp430/lib/mmpy-16/libc.a(memcmp.o)
 .debug_line    0x00000000000003a5       0xe9 /usr/lib/gcc/msp430/4.6.3/../../../../msp430/lib/mmpy-16/libc.a(memcpy.o)
 .debug_line    0x000000000000048e       0xe9 /usr/lib/gcc/msp430/4.6.3/../../../../msp430/lib/mmpy-16/libc.a(memmove.o)
 .debug_line    0x0000000000000577       0xc8 /usr/lib/gcc/msp430/4.6.3/../../../../msp430/lib/mmpy-16/libc.a(memset.o)
 .debug_line    0x000000000000063f       0x72 /usr/lib/gcc/msp430/4.6.3/../../../../msp430/lib/mmpy-16/libc.a(printf.o)
 .debug_line    0x00000000000006b1       0x9c /usr/lib/gcc/msp430/4.6.3/../../../../msp430/lib/mmpy-16/libc.a(sprintf.o)
 .debug_line    0x000000000000074d      0x2d2 /usr/lib/gcc/msp430/4.6.3/../../../../msp430/lib/mmpy-16/libc.a(vuprintf.o)
 .debug_line    0x0000000000000a1f       0x4d /usr/lib/gcc/msp430/4.6.3/../../../../msp430/lib/mmpy-16/libc.a(puts.o)
 .debug_line    0x0000000000000a6c       0x4f /usr/lib/gcc/msp430/4.6.3/../../../../msp430/lib/mmpy-16/libc.a(rand.o)
 .debug_line    0x0000000000000abb       0xfc /usr/lib/gcc/msp430/4.6.3/mmpy-16/libgcc.a(_udivmod64.o)
 .debug_line    0x0000000000000bb7       0x8f /usr/lib/gcc/msp430/4.6.3/mmpy-16/libcrt0.a(__watchdog_support.o)
 .debug_line    0x0000000000000c46       0x8d /usr/lib/gcc/msp430/4.6.3/mmpy-16/libcrt0.a(__init_stack.o)
 .debug_line    0x0000000000000cd3       0x93 /usr/lib/gcc/msp430/4.6.3/mmpy-16/libcrt0.a(_copy_data.o)
 .debug_line    0x0000000000000d66       0x93 /usr/lib/gcc/msp430/4.6.3/mmpy-16/libcrt0.a(_clear_bss.o)